[2.551s] Invoking command in '/home/kkkk/bxi_arm_v2/src/bxi_rl_controller_ros2_example/src/bxi_example_py_trunk': CONDA_PROMPT_MODIFIER=(ikpy) PYTHONPATH=/home/kkkk/bxi_arm_v2/build/bxi_example_py_trunk/prefix_override:/home/kkkk/miniconda3/envs/ikpy/lib/python3.10/site-packages/colcon_core/task/python/colcon_distutils_commands:/home/kkkk/bxi_arm_v2/install/bxi_example_py_trunk/lib/python3.10/site-packages:${PYTHONPATH} /home/kkkk/miniconda3/envs/ikpy/bin/python3.10 -W ignore:setup.py install is deprecated -W ignore:easy_install command is deprecated setup.py egg_info --egg-base ../../../../build/bxi_example_py_trunk build --build-base /home/kkkk/bxi_arm_v2/build/bxi_example_py_trunk/build install --record /home/kkkk/bxi_arm_v2/build/bxi_example_py_trunk/install.log --single-version-externally-managed install_data
[3.168s] running egg_info
[3.170s] writing ../../../../build/bxi_example_py_trunk/bxi_example_py_trunk.egg-info/PKG-INFO
[3.170s] writing dependency_links to ../../../../build/bxi_example_py_trunk/bxi_example_py_trunk.egg-info/dependency_links.txt
[3.170s] writing entry points to ../../../../build/bxi_example_py_trunk/bxi_example_py_trunk.egg-info/entry_points.txt
[3.170s] writing requirements to ../../../../build/bxi_example_py_trunk/bxi_example_py_trunk.egg-info/requires.txt
[3.170s] writing top-level names to ../../../../build/bxi_example_py_trunk/bxi_example_py_trunk.egg-info/top_level.txt
[3.170s] reading manifest file '../../../../build/bxi_example_py_trunk/bxi_example_py_trunk.egg-info/SOURCES.txt'
[3.170s] writing manifest file '../../../../build/bxi_example_py_trunk/bxi_example_py_trunk.egg-info/SOURCES.txt'
[3.170s] running build
[3.170s] running build_py
[3.170s] running install
[3.170s] running install_lib
[3.171s] running install_data
[3.171s] running install_egg_info
[3.171s] removing '/home/kkkk/bxi_arm_v2/install/bxi_example_py_trunk/lib/python3.10/site-packages/bxi_example_py_trunk-0.0.0-py3.10.egg-info' (and everything under it)
[3.171s] Copying ../../../../build/bxi_example_py_trunk/bxi_example_py_trunk.egg-info to /home/kkkk/bxi_arm_v2/install/bxi_example_py_trunk/lib/python3.10/site-packages/bxi_example_py_trunk-0.0.0-py3.10.egg-info
[3.171s] running install_scripts
[3.171s] Installing bxi_example_py_trunk script to /home/kkkk/bxi_arm_v2/install/bxi_example_py_trunk/lib/bxi_example_py_trunk
[3.171s] writing list of installed files to '/home/kkkk/bxi_arm_v2/build/bxi_example_py_trunk/install.log'
[3.171s] /home/kkkk/miniconda3/envs/ikpy/lib/python3.10/site-packages/setuptools/_distutils/dist.py:289: UserWarning: Unknown distribution option: 'tests_require'
[3.171s]   warnings.warn(msg)
[3.227s] Invoked command in '/home/kkkk/bxi_arm_v2/src/bxi_rl_controller_ros2_example/src/bxi_example_py_trunk' returned '0': CONDA_PROMPT_MODIFIER=(ikpy) PYTHONPATH=/home/kkkk/bxi_arm_v2/build/bxi_example_py_trunk/prefix_override:/home/kkkk/miniconda3/envs/ikpy/lib/python3.10/site-packages/colcon_core/task/python/colcon_distutils_commands:/home/kkkk/bxi_arm_v2/install/bxi_example_py_trunk/lib/python3.10/site-packages:${PYTHONPATH} /home/kkkk/miniconda3/envs/ikpy/bin/python3.10 -W ignore:setup.py install is deprecated -W ignore:easy_install command is deprecated setup.py egg_info --egg-base ../../../../build/bxi_example_py_trunk build --build-base /home/kkkk/bxi_arm_v2/build/bxi_example_py_trunk/build install --record /home/kkkk/bxi_arm_v2/build/bxi_example_py_trunk/install.log --single-version-externally-managed install_data
