[2.520s] Invoking command in '/home/kkkk/bxi_arm_v2/src/elf3_arm_ikpy_control_pico': CONDA_PROMPT_MODIFIER=(ikpy) PYTHONPATH=/home/kkkk/bxi_arm_v2/build/elf3_arm_ikpy_control_pico/prefix_override:/home/kkkk/miniconda3/envs/ikpy/lib/python3.10/site-packages/colcon_core/task/python/colcon_distutils_commands:/home/kkkk/bxi_arm_v2/install/elf3_arm_ikpy_control_pico/lib/python3.10/site-packages:${PYTHONPATH} /home/kkkk/miniconda3/envs/ikpy/bin/python3.10 -W ignore:setup.py install is deprecated -W ignore:easy_install command is deprecated setup.py egg_info --egg-base ../../build/elf3_arm_ikpy_control_pico build --build-base /home/kkkk/bxi_arm_v2/build/elf3_arm_ikpy_control_pico/build install --record /home/kkkk/bxi_arm_v2/build/elf3_arm_ikpy_control_pico/install.log --single-version-externally-managed install_data
[2.806s] running egg_info
[2.819s] writing ../../build/elf3_arm_ikpy_control_pico/elf3_arm_ikpy_control_pico.egg-info/PKG-INFO
[2.823s] writing dependency_links to ../../build/elf3_arm_ikpy_control_pico/elf3_arm_ikpy_control_pico.egg-info/dependency_links.txt
[2.823s] writing entry points to ../../build/elf3_arm_ikpy_control_pico/elf3_arm_ikpy_control_pico.egg-info/entry_points.txt
[2.824s] writing requirements to ../../build/elf3_arm_ikpy_control_pico/elf3_arm_ikpy_control_pico.egg-info/requires.txt
[2.824s] writing top-level names to ../../build/elf3_arm_ikpy_control_pico/elf3_arm_ikpy_control_pico.egg-info/top_level.txt
[2.879s] reading manifest file '../../build/elf3_arm_ikpy_control_pico/elf3_arm_ikpy_control_pico.egg-info/SOURCES.txt'
[2.879s] writing manifest file '../../build/elf3_arm_ikpy_control_pico/elf3_arm_ikpy_control_pico.egg-info/SOURCES.txt'
[2.879s] running build
[2.879s] running build_py
[2.879s] copying elf3_arm_ikpy_control_pico/elf3_arm_ikpy_control_pico.py -> /home/kkkk/bxi_arm_v2/build/elf3_arm_ikpy_control_pico/build/lib/elf3_arm_ikpy_control_pico
[2.879s] copying elf3_arm_ikpy_control_pico/sphere_leastlq.py -> /home/kkkk/bxi_arm_v2/build/elf3_arm_ikpy_control_pico/build/lib/elf3_arm_ikpy_control_pico
[2.879s] copying elf3_arm_ikpy_control_pico/pico_hand.py -> /home/kkkk/bxi_arm_v2/build/elf3_arm_ikpy_control_pico/build/lib/elf3_arm_ikpy_control_pico
[2.879s] copying elf3_arm_ikpy_control_pico/__init__.py -> /home/kkkk/bxi_arm_v2/build/elf3_arm_ikpy_control_pico/build/lib/elf3_arm_ikpy_control_pico
[2.879s] copying elf3_arm_ikpy_control_pico/filter.py -> /home/kkkk/bxi_arm_v2/build/elf3_arm_ikpy_control_pico/build/lib/elf3_arm_ikpy_control_pico
[2.879s] running install
[2.890s] running install_lib
[2.918s] running install_data
[2.918s] copying resource/elf3_arm_ikpy_control_pico -> /home/kkkk/bxi_arm_v2/install/elf3_arm_ikpy_control_pico/share/ament_index/resource_index/packages
[2.921s] copying package.xml -> /home/kkkk/bxi_arm_v2/install/elf3_arm_ikpy_control_pico/share/elf3_arm_ikpy_control_pico
[2.921s] copying elf3_arm_ikpy_control_pico/sphere_leastlq.py -> /home/kkkk/bxi_arm_v2/install/elf3_arm_ikpy_control_pico/lib/elf3_arm_ikpy_control_pico
[2.921s] copying elf3_arm_ikpy_control_pico/filter.py -> /home/kkkk/bxi_arm_v2/install/elf3_arm_ikpy_control_pico/lib/elf3_arm_ikpy_control_pico
[2.921s] copying elf3_arm_ikpy_control_pico/pico_hand.py -> /home/kkkk/bxi_arm_v2/install/elf3_arm_ikpy_control_pico/lib/elf3_arm_ikpy_control_pico
[2.921s] running install_egg_info
[2.941s] removing '/home/kkkk/bxi_arm_v2/install/elf3_arm_ikpy_control_pico/lib/python3.10/site-packages/elf3_arm_ikpy_control_pico-0.0.0-py3.10.egg-info' (and everything under it)
[2.941s] Copying ../../build/elf3_arm_ikpy_control_pico/elf3_arm_ikpy_control_pico.egg-info to /home/kkkk/bxi_arm_v2/install/elf3_arm_ikpy_control_pico/lib/python3.10/site-packages/elf3_arm_ikpy_control_pico-0.0.0-py3.10.egg-info
[2.942s] running install_scripts
[3.069s] Installing elf3_arm_ikpy_control_pico script to /home/kkkk/bxi_arm_v2/install/elf3_arm_ikpy_control_pico/lib/elf3_arm_ikpy_control_pico
[3.070s] writing list of installed files to '/home/kkkk/bxi_arm_v2/build/elf3_arm_ikpy_control_pico/install.log'
[3.174s] Invoked command in '/home/kkkk/bxi_arm_v2/src/elf3_arm_ikpy_control_pico' returned '0': CONDA_PROMPT_MODIFIER=(ikpy) PYTHONPATH=/home/kkkk/bxi_arm_v2/build/elf3_arm_ikpy_control_pico/prefix_override:/home/kkkk/miniconda3/envs/ikpy/lib/python3.10/site-packages/colcon_core/task/python/colcon_distutils_commands:/home/kkkk/bxi_arm_v2/install/elf3_arm_ikpy_control_pico/lib/python3.10/site-packages:${PYTHONPATH} /home/kkkk/miniconda3/envs/ikpy/bin/python3.10 -W ignore:setup.py install is deprecated -W ignore:easy_install command is deprecated setup.py egg_info --egg-base ../../build/elf3_arm_ikpy_control_pico build --build-base /home/kkkk/bxi_arm_v2/build/elf3_arm_ikpy_control_pico/build install --record /home/kkkk/bxi_arm_v2/build/elf3_arm_ikpy_control_pico/install.log --single-version-externally-managed install_data
