[0.048s] Invoking command in '/home/kkkk/bxi_arm_v2/build/pico_bxi_server': CMAKE_PREFIX_PATH=${CMAKE_PREFIX_PATH}:/home/kkkk/bxi_arm_v2/install/hand_control:/home/kkkk/bxi_arm_v2/install/fake_trigger:/home/kkkk/bxi_arm_v2/install/elf3_arm_ikpy_control_pico:/home/kkkk/bxi_arm_v2/install/elf3_arm_bringup:/home/kkkk/bxi_arm_v2/install/bxi_example_py_trunk_neck:/home/kkkk/bxi_arm_v2/install/bxi_example_py_trunk:/home/kkkk/bxi_arm_v2/install/bxi_example_py_foot:/home/kkkk/bxi_arm_v2/install/bxi_example_py_elf3:/home/kkkk/bxi_arm_v2/install/bxi_example_py_armrc:/home/kkkk/bxi_arm_v2/install/bxi_example_py_arm:/home/kkkk/bxi_arm_v2/install/bxi_example_py_ankle:/home/kkkk/bxi_arm_v2/install/bxi_example_py:/home/kkkk/bxi_arm_v2/install/aero_hand_open_teleop:/home/kkkk/bxi_arm_v2/install/aero_hand_open_rl:/home/kkkk/bxi_arm_v2/install/aero_hand_open:/home/kkkk/bxi_arm_v2/install/aero_hand_open_description:/home/kkkk/moveit2/install/moveit_configs_utils:/home/kkkk/moveit2/install/launch_param_builder:/opt/ros/humble CONDA_PROMPT_MODIFIER=(ikpy) /usr/bin/cmake --build /home/kkkk/bxi_arm_v2/build/pico_bxi_server -- -j16 -l16
[0.136s] [35m[1mConsolidate compiler generated dependencies of target pico_bxi_server[0m
[0.168s] [ 25%] [32mBuilding CXX object CMakeFiles/pico_bxi_server.dir/src/pico_bxi_server.cpp.o[0m
[4.114s] [ 50%] [32m[1mLinking CXX executable pico_bxi_server[0m
[4.196s] [100%] Built target pico_bxi_server
[4.204s] Invoked command in '/home/kkkk/bxi_arm_v2/build/pico_bxi_server' returned '0': CMAKE_PREFIX_PATH=${CMAKE_PREFIX_PATH}:/home/kkkk/bxi_arm_v2/install/hand_control:/home/kkkk/bxi_arm_v2/install/fake_trigger:/home/kkkk/bxi_arm_v2/install/elf3_arm_ikpy_control_pico:/home/kkkk/bxi_arm_v2/install/elf3_arm_bringup:/home/kkkk/bxi_arm_v2/install/bxi_example_py_trunk_neck:/home/kkkk/bxi_arm_v2/install/bxi_example_py_trunk:/home/kkkk/bxi_arm_v2/install/bxi_example_py_foot:/home/kkkk/bxi_arm_v2/install/bxi_example_py_elf3:/home/kkkk/bxi_arm_v2/install/bxi_example_py_armrc:/home/kkkk/bxi_arm_v2/install/bxi_example_py_arm:/home/kkkk/bxi_arm_v2/install/bxi_example_py_ankle:/home/kkkk/bxi_arm_v2/install/bxi_example_py:/home/kkkk/bxi_arm_v2/install/aero_hand_open_teleop:/home/kkkk/bxi_arm_v2/install/aero_hand_open_rl:/home/kkkk/bxi_arm_v2/install/aero_hand_open:/home/kkkk/bxi_arm_v2/install/aero_hand_open_description:/home/kkkk/moveit2/install/moveit_configs_utils:/home/kkkk/moveit2/install/launch_param_builder:/opt/ros/humble CONDA_PROMPT_MODIFIER=(ikpy) /usr/bin/cmake --build /home/kkkk/bxi_arm_v2/build/pico_bxi_server -- -j16 -l16
[4.205s] Invoking command in '/home/kkkk/bxi_arm_v2/build/pico_bxi_server': CMAKE_PREFIX_PATH=${CMAKE_PREFIX_PATH}:/home/kkkk/bxi_arm_v2/install/hand_control:/home/kkkk/bxi_arm_v2/install/fake_trigger:/home/kkkk/bxi_arm_v2/install/elf3_arm_ikpy_control_pico:/home/kkkk/bxi_arm_v2/install/elf3_arm_bringup:/home/kkkk/bxi_arm_v2/install/bxi_example_py_trunk_neck:/home/kkkk/bxi_arm_v2/install/bxi_example_py_trunk:/home/kkkk/bxi_arm_v2/install/bxi_example_py_foot:/home/kkkk/bxi_arm_v2/install/bxi_example_py_elf3:/home/kkkk/bxi_arm_v2/install/bxi_example_py_armrc:/home/kkkk/bxi_arm_v2/install/bxi_example_py_arm:/home/kkkk/bxi_arm_v2/install/bxi_example_py_ankle:/home/kkkk/bxi_arm_v2/install/bxi_example_py:/home/kkkk/bxi_arm_v2/install/aero_hand_open_teleop:/home/kkkk/bxi_arm_v2/install/aero_hand_open_rl:/home/kkkk/bxi_arm_v2/install/aero_hand_open:/home/kkkk/bxi_arm_v2/install/aero_hand_open_description:/home/kkkk/moveit2/install/moveit_configs_utils:/home/kkkk/moveit2/install/launch_param_builder:/opt/ros/humble CONDA_PROMPT_MODIFIER=(ikpy) /usr/bin/cmake --install /home/kkkk/bxi_arm_v2/build/pico_bxi_server
[4.211s] -- Install configuration: "Release"
[4.211s] -- Installing: /home/kkkk/bxi_arm_v2/install/pico_bxi_server/lib/pico_bxi_server/pico_bxi_server
[4.212s] -- Set runtime path of "/home/kkkk/bxi_arm_v2/install/pico_bxi_server/lib/pico_bxi_server/pico_bxi_server" to ""
[4.212s] -- Up-to-date: /home/kkkk/bxi_arm_v2/install/pico_bxi_server/share/ament_index/resource_index/package_run_dependencies/pico_bxi_server
[4.212s] -- Up-to-date: /home/kkkk/bxi_arm_v2/install/pico_bxi_server/share/ament_index/resource_index/parent_prefix_path/pico_bxi_server
[4.212s] -- Up-to-date: /home/kkkk/bxi_arm_v2/install/pico_bxi_server/share/pico_bxi_server/environment/ament_prefix_path.sh
[4.212s] -- Up-to-date: /home/kkkk/bxi_arm_v2/install/pico_bxi_server/share/pico_bxi_server/environment/ament_prefix_path.dsv
[4.212s] -- Up-to-date: /home/kkkk/bxi_arm_v2/install/pico_bxi_server/share/pico_bxi_server/environment/path.sh
[4.212s] -- Up-to-date: /home/kkkk/bxi_arm_v2/install/pico_bxi_server/share/pico_bxi_server/environment/path.dsv
[4.212s] -- Up-to-date: /home/kkkk/bxi_arm_v2/install/pico_bxi_server/share/pico_bxi_server/local_setup.bash
[4.212s] -- Up-to-date: /home/kkkk/bxi_arm_v2/install/pico_bxi_server/share/pico_bxi_server/local_setup.sh
[4.212s] -- Up-to-date: /home/kkkk/bxi_arm_v2/install/pico_bxi_server/share/pico_bxi_server/local_setup.zsh
[4.212s] -- Up-to-date: /home/kkkk/bxi_arm_v2/install/pico_bxi_server/share/pico_bxi_server/local_setup.dsv
[4.212s] -- Installing: /home/kkkk/bxi_arm_v2/install/pico_bxi_server/share/pico_bxi_server/package.dsv
[4.212s] -- Up-to-date: /home/kkkk/bxi_arm_v2/install/pico_bxi_server/share/ament_index/resource_index/packages/pico_bxi_server
[4.212s] -- Up-to-date: /home/kkkk/bxi_arm_v2/install/pico_bxi_server/share/pico_bxi_server/cmake/pico_bxi_serverConfig.cmake
[4.212s] -- Up-to-date: /home/kkkk/bxi_arm_v2/install/pico_bxi_server/share/pico_bxi_server/cmake/pico_bxi_serverConfig-version.cmake
[4.212s] -- Up-to-date: /home/kkkk/bxi_arm_v2/install/pico_bxi_server/share/pico_bxi_server/package.xml
[4.213s] Invoked command in '/home/kkkk/bxi_arm_v2/build/pico_bxi_server' returned '0': CMAKE_PREFIX_PATH=${CMAKE_PREFIX_PATH}:/home/kkkk/bxi_arm_v2/install/hand_control:/home/kkkk/bxi_arm_v2/install/fake_trigger:/home/kkkk/bxi_arm_v2/install/elf3_arm_ikpy_control_pico:/home/kkkk/bxi_arm_v2/install/elf3_arm_bringup:/home/kkkk/bxi_arm_v2/install/bxi_example_py_trunk_neck:/home/kkkk/bxi_arm_v2/install/bxi_example_py_trunk:/home/kkkk/bxi_arm_v2/install/bxi_example_py_foot:/home/kkkk/bxi_arm_v2/install/bxi_example_py_elf3:/home/kkkk/bxi_arm_v2/install/bxi_example_py_armrc:/home/kkkk/bxi_arm_v2/install/bxi_example_py_arm:/home/kkkk/bxi_arm_v2/install/bxi_example_py_ankle:/home/kkkk/bxi_arm_v2/install/bxi_example_py:/home/kkkk/bxi_arm_v2/install/aero_hand_open_teleop:/home/kkkk/bxi_arm_v2/install/aero_hand_open_rl:/home/kkkk/bxi_arm_v2/install/aero_hand_open:/home/kkkk/bxi_arm_v2/install/aero_hand_open_description:/home/kkkk/moveit2/install/moveit_configs_utils:/home/kkkk/moveit2/install/launch_param_builder:/opt/ros/humble CONDA_PROMPT_MODIFIER=(ikpy) /usr/bin/cmake --install /home/kkkk/bxi_arm_v2/build/pico_bxi_server
