/home/kkkk/miniconda3/envs/ikpy/lib/python3.10/site-packages/setuptools/_distutils/dist.py:289: UserWarning: Unknown distribution option: 'tests_require'
  warnings.warn(msg)
running egg_info
creating ../../../../build/bxi_example_py_foot/bxi_example_py_foot.egg-info
writing ../../../../build/bxi_example_py_foot/bxi_example_py_foot.egg-info/PKG-INFO
writing dependency_links to ../../../../build/bxi_example_py_foot/bxi_example_py_foot.egg-info/dependency_links.txt
writing entry points to ../../../../build/bxi_example_py_foot/bxi_example_py_foot.egg-info/entry_points.txt
writing requirements to ../../../../build/bxi_example_py_foot/bxi_example_py_foot.egg-info/requires.txt
writing top-level names to ../../../../build/bxi_example_py_foot/bxi_example_py_foot.egg-info/top_level.txt
writing manifest file '../../../../build/bxi_example_py_foot/bxi_example_py_foot.egg-info/SOURCES.txt'
reading manifest file '../../../../build/bxi_example_py_foot/bxi_example_py_foot.egg-info/SOURCES.txt'
writing manifest file '../../../../build/bxi_example_py_foot/bxi_example_py_foot.egg-info/SOURCES.txt'
running build
running build_py
creating /home/kkkk/bxi_arm_v2/build/bxi_example_py_foot/build/lib/bxi_example_py_foot
copying bxi_example_py_foot/bxi_example_run.py -> /home/kkkk/bxi_arm_v2/build/bxi_example_py_foot/build/lib/bxi_example_py_foot
copying bxi_example_py_foot/right_arm_handshake_controller.py -> /home/kkkk/bxi_arm_v2/build/bxi_example_py_foot/build/lib/bxi_example_py_foot
copying bxi_example_py_foot/running_arm_controller.py -> /home/kkkk/bxi_arm_v2/build/bxi_example_py_foot/build/lib/bxi_example_py_foot
copying bxi_example_py_foot/bxi_example_walk.py -> /home/kkkk/bxi_arm_v2/build/bxi_example_py_foot/build/lib/bxi_example_py_foot
copying bxi_example_py_foot/bxi_example.py -> /home/kkkk/bxi_arm_v2/build/bxi_example_py_foot/build/lib/bxi_example_py_foot
copying bxi_example_py_foot/__init__.py -> /home/kkkk/bxi_arm_v2/build/bxi_example_py_foot/build/lib/bxi_example_py_foot
copying bxi_example_py_foot/arm_motion_controller.py -> /home/kkkk/bxi_arm_v2/build/bxi_example_py_foot/build/lib/bxi_example_py_foot
running install
running install_lib
creating /home/kkkk/bxi_arm_v2/install/bxi_example_py_foot/lib/python3.10/site-packages/bxi_example_py_foot
copying /home/kkkk/bxi_arm_v2/build/bxi_example_py_foot/build/lib/bxi_example_py_foot/bxi_example_run.py -> /home/kkkk/bxi_arm_v2/install/bxi_example_py_foot/lib/python3.10/site-packages/bxi_example_py_foot
copying /home/kkkk/bxi_arm_v2/build/bxi_example_py_foot/build/lib/bxi_example_py_foot/right_arm_handshake_controller.py -> /home/kkkk/bxi_arm_v2/install/bxi_example_py_foot/lib/python3.10/site-packages/bxi_example_py_foot
copying /home/kkkk/bxi_arm_v2/build/bxi_example_py_foot/build/lib/bxi_example_py_foot/running_arm_controller.py -> /home/kkkk/bxi_arm_v2/install/bxi_example_py_foot/lib/python3.10/site-packages/bxi_example_py_foot
copying /home/kkkk/bxi_arm_v2/build/bxi_example_py_foot/build/lib/bxi_example_py_foot/bxi_example_walk.py -> /home/kkkk/bxi_arm_v2/install/bxi_example_py_foot/lib/python3.10/site-packages/bxi_example_py_foot
copying /home/kkkk/bxi_arm_v2/build/bxi_example_py_foot/build/lib/bxi_example_py_foot/bxi_example.py -> /home/kkkk/bxi_arm_v2/install/bxi_example_py_foot/lib/python3.10/site-packages/bxi_example_py_foot
copying /home/kkkk/bxi_arm_v2/build/bxi_example_py_foot/build/lib/bxi_example_py_foot/__init__.py -> /home/kkkk/bxi_arm_v2/install/bxi_example_py_foot/lib/python3.10/site-packages/bxi_example_py_foot
copying /home/kkkk/bxi_arm_v2/build/bxi_example_py_foot/build/lib/bxi_example_py_foot/arm_motion_controller.py -> /home/kkkk/bxi_arm_v2/install/bxi_example_py_foot/lib/python3.10/site-packages/bxi_example_py_foot
byte-compiling /home/kkkk/bxi_arm_v2/install/bxi_example_py_foot/lib/python3.10/site-packages/bxi_example_py_foot/bxi_example_run.py to bxi_example_run.cpython-310.pyc
byte-compiling /home/kkkk/bxi_arm_v2/install/bxi_example_py_foot/lib/python3.10/site-packages/bxi_example_py_foot/right_arm_handshake_controller.py to right_arm_handshake_controller.cpython-310.pyc
byte-compiling /home/kkkk/bxi_arm_v2/install/bxi_example_py_foot/lib/python3.10/site-packages/bxi_example_py_foot/running_arm_controller.py to running_arm_controller.cpython-310.pyc
byte-compiling /home/kkkk/bxi_arm_v2/install/bxi_example_py_foot/lib/python3.10/site-packages/bxi_example_py_foot/bxi_example_walk.py to bxi_example_walk.cpython-310.pyc
byte-compiling /home/kkkk/bxi_arm_v2/install/bxi_example_py_foot/lib/python3.10/site-packages/bxi_example_py_foot/bxi_example.py to bxi_example.cpython-310.pyc
byte-compiling /home/kkkk/bxi_arm_v2/install/bxi_example_py_foot/lib/python3.10/site-packages/bxi_example_py_foot/__init__.py to __init__.cpython-310.pyc
byte-compiling /home/kkkk/bxi_arm_v2/install/bxi_example_py_foot/lib/python3.10/site-packages/bxi_example_py_foot/arm_motion_controller.py to arm_motion_controller.cpython-310.pyc
running install_data
creating /home/kkkk/bxi_arm_v2/install/bxi_example_py_foot/share/ament_index/resource_index/packages
copying resource/bxi_example_py_foot -> /home/kkkk/bxi_arm_v2/install/bxi_example_py_foot/share/ament_index/resource_index/packages
copying package.xml -> /home/kkkk/bxi_arm_v2/install/bxi_example_py_foot/share/bxi_example_py_foot
creating /home/kkkk/bxi_arm_v2/install/bxi_example_py_foot/share/bxi_example_py_foot/policy
copying policy/model_run.onnx -> /home/kkkk/bxi_arm_v2/install/bxi_example_py_foot/share/bxi_example_py_foot/policy
copying policy/model_walk.onnx -> /home/kkkk/bxi_arm_v2/install/bxi_example_py_foot/share/bxi_example_py_foot/policy
creating /home/kkkk/bxi_arm_v2/install/bxi_example_py_foot/share/bxi_example_py_foot/launch
copying launch/example_launch_walk_hw.py -> /home/kkkk/bxi_arm_v2/install/bxi_example_py_foot/share/bxi_example_py_foot/launch
copying launch/example_launch_walk.py -> /home/kkkk/bxi_arm_v2/install/bxi_example_py_foot/share/bxi_example_py_foot/launch
copying launch/example_launch_hw.py -> /home/kkkk/bxi_arm_v2/install/bxi_example_py_foot/share/bxi_example_py_foot/launch
copying launch/example_launch_run_hw.py -> /home/kkkk/bxi_arm_v2/install/bxi_example_py_foot/share/bxi_example_py_foot/launch
running install_egg_info
Copying ../../../../build/bxi_example_py_foot/bxi_example_py_foot.egg-info to /home/kkkk/bxi_arm_v2/install/bxi_example_py_foot/lib/python3.10/site-packages/bxi_example_py_foot-0.0.0-py3.10.egg-info
running install_scripts
Installing bxi_example_py_foot script to /home/kkkk/bxi_arm_v2/install/bxi_example_py_foot/lib/bxi_example_py_foot
Installing bxi_example_py_foot_run script to /home/kkkk/bxi_arm_v2/install/bxi_example_py_foot/lib/bxi_example_py_foot
Installing bxi_example_py_foot_walk script to /home/kkkk/bxi_arm_v2/install/bxi_example_py_foot/lib/bxi_example_py_foot
writing list of installed files to '/home/kkkk/bxi_arm_v2/build/bxi_example_py_foot/install.log'
