[2.582s] Invoking command in '/home/kkkk/bxi_arm_v2/src/bxi_rl_controller_ros2_example/src/bxi_example_py_foot': CONDA_PROMPT_MODIFIER=(ikpy) PYTHONPATH=/home/kkkk/bxi_arm_v2/build/bxi_example_py_foot/prefix_override:/home/kkkk/miniconda3/envs/ikpy/lib/python3.10/site-packages/colcon_core/task/python/colcon_distutils_commands:/home/kkkk/bxi_arm_v2/install/bxi_example_py_foot/lib/python3.10/site-packages:${PYTHONPATH} /home/kkkk/miniconda3/envs/ikpy/bin/python3.10 -W ignore:setup.py install is deprecated -W ignore:easy_install command is deprecated setup.py egg_info --egg-base ../../../../build/bxi_example_py_foot build --build-base /home/kkkk/bxi_arm_v2/build/bxi_example_py_foot/build install --record /home/kkkk/bxi_arm_v2/build/bxi_example_py_foot/install.log --single-version-externally-managed install_data
[2.816s] /home/kkkk/miniconda3/envs/ikpy/lib/python3.10/site-packages/setuptools/_distutils/dist.py:289: UserWarning: Unknown distribution option: 'tests_require'
[2.817s]   warnings.warn(msg)
[2.965s] running egg_info
[2.976s] creating ../../../../build/bxi_example_py_foot/bxi_example_py_foot.egg-info
[2.976s] writing ../../../../build/bxi_example_py_foot/bxi_example_py_foot.egg-info/PKG-INFO
[2.976s] writing dependency_links to ../../../../build/bxi_example_py_foot/bxi_example_py_foot.egg-info/dependency_links.txt
[2.976s] writing entry points to ../../../../build/bxi_example_py_foot/bxi_example_py_foot.egg-info/entry_points.txt
[2.977s] writing requirements to ../../../../build/bxi_example_py_foot/bxi_example_py_foot.egg-info/requires.txt
[2.977s] writing top-level names to ../../../../build/bxi_example_py_foot/bxi_example_py_foot.egg-info/top_level.txt
[2.977s] writing manifest file '../../../../build/bxi_example_py_foot/bxi_example_py_foot.egg-info/SOURCES.txt'
[3.022s] reading manifest file '../../../../build/bxi_example_py_foot/bxi_example_py_foot.egg-info/SOURCES.txt'
[3.022s] writing manifest file '../../../../build/bxi_example_py_foot/bxi_example_py_foot.egg-info/SOURCES.txt'
[3.022s] running build
[3.022s] running build_py
[3.023s] creating /home/kkkk/bxi_arm_v2/build/bxi_example_py_foot/build/lib/bxi_example_py_foot
[3.023s] copying bxi_example_py_foot/bxi_example_run.py -> /home/kkkk/bxi_arm_v2/build/bxi_example_py_foot/build/lib/bxi_example_py_foot
[3.023s] copying bxi_example_py_foot/right_arm_handshake_controller.py -> /home/kkkk/bxi_arm_v2/build/bxi_example_py_foot/build/lib/bxi_example_py_foot
[3.023s] copying bxi_example_py_foot/running_arm_controller.py -> /home/kkkk/bxi_arm_v2/build/bxi_example_py_foot/build/lib/bxi_example_py_foot
[3.023s] copying bxi_example_py_foot/bxi_example_walk.py -> /home/kkkk/bxi_arm_v2/build/bxi_example_py_foot/build/lib/bxi_example_py_foot
[3.023s] copying bxi_example_py_foot/bxi_example.py -> /home/kkkk/bxi_arm_v2/build/bxi_example_py_foot/build/lib/bxi_example_py_foot
[3.023s] copying bxi_example_py_foot/__init__.py -> /home/kkkk/bxi_arm_v2/build/bxi_example_py_foot/build/lib/bxi_example_py_foot
[3.023s] copying bxi_example_py_foot/arm_motion_controller.py -> /home/kkkk/bxi_arm_v2/build/bxi_example_py_foot/build/lib/bxi_example_py_foot
[3.024s] running install
[3.031s] running install_lib
[3.048s] creating /home/kkkk/bxi_arm_v2/install/bxi_example_py_foot/lib/python3.10/site-packages/bxi_example_py_foot
[3.048s] copying /home/kkkk/bxi_arm_v2/build/bxi_example_py_foot/build/lib/bxi_example_py_foot/bxi_example_run.py -> /home/kkkk/bxi_arm_v2/install/bxi_example_py_foot/lib/python3.10/site-packages/bxi_example_py_foot
[3.048s] copying /home/kkkk/bxi_arm_v2/build/bxi_example_py_foot/build/lib/bxi_example_py_foot/right_arm_handshake_controller.py -> /home/kkkk/bxi_arm_v2/install/bxi_example_py_foot/lib/python3.10/site-packages/bxi_example_py_foot
[3.048s] copying /home/kkkk/bxi_arm_v2/build/bxi_example_py_foot/build/lib/bxi_example_py_foot/running_arm_controller.py -> /home/kkkk/bxi_arm_v2/install/bxi_example_py_foot/lib/python3.10/site-packages/bxi_example_py_foot
[3.049s] copying /home/kkkk/bxi_arm_v2/build/bxi_example_py_foot/build/lib/bxi_example_py_foot/bxi_example_walk.py -> /home/kkkk/bxi_arm_v2/install/bxi_example_py_foot/lib/python3.10/site-packages/bxi_example_py_foot
[3.049s] copying /home/kkkk/bxi_arm_v2/build/bxi_example_py_foot/build/lib/bxi_example_py_foot/bxi_example.py -> /home/kkkk/bxi_arm_v2/install/bxi_example_py_foot/lib/python3.10/site-packages/bxi_example_py_foot
[3.049s] copying /home/kkkk/bxi_arm_v2/build/bxi_example_py_foot/build/lib/bxi_example_py_foot/__init__.py -> /home/kkkk/bxi_arm_v2/install/bxi_example_py_foot/lib/python3.10/site-packages/bxi_example_py_foot
[3.049s] copying /home/kkkk/bxi_arm_v2/build/bxi_example_py_foot/build/lib/bxi_example_py_foot/arm_motion_controller.py -> /home/kkkk/bxi_arm_v2/install/bxi_example_py_foot/lib/python3.10/site-packages/bxi_example_py_foot
[3.049s] byte-compiling /home/kkkk/bxi_arm_v2/install/bxi_example_py_foot/lib/python3.10/site-packages/bxi_example_py_foot/bxi_example_run.py to bxi_example_run.cpython-310.pyc
[3.056s] byte-compiling /home/kkkk/bxi_arm_v2/install/bxi_example_py_foot/lib/python3.10/site-packages/bxi_example_py_foot/right_arm_handshake_controller.py to right_arm_handshake_controller.cpython-310.pyc
[3.056s] byte-compiling /home/kkkk/bxi_arm_v2/install/bxi_example_py_foot/lib/python3.10/site-packages/bxi_example_py_foot/running_arm_controller.py to running_arm_controller.cpython-310.pyc
[3.056s] byte-compiling /home/kkkk/bxi_arm_v2/install/bxi_example_py_foot/lib/python3.10/site-packages/bxi_example_py_foot/bxi_example_walk.py to bxi_example_walk.cpython-310.pyc
[3.061s] byte-compiling /home/kkkk/bxi_arm_v2/install/bxi_example_py_foot/lib/python3.10/site-packages/bxi_example_py_foot/bxi_example.py to bxi_example.cpython-310.pyc
[3.065s] byte-compiling /home/kkkk/bxi_arm_v2/install/bxi_example_py_foot/lib/python3.10/site-packages/bxi_example_py_foot/__init__.py to __init__.cpython-310.pyc
[3.066s] byte-compiling /home/kkkk/bxi_arm_v2/install/bxi_example_py_foot/lib/python3.10/site-packages/bxi_example_py_foot/arm_motion_controller.py to arm_motion_controller.cpython-310.pyc
[3.067s] running install_data
[3.067s] creating /home/kkkk/bxi_arm_v2/install/bxi_example_py_foot/share/ament_index/resource_index/packages
[3.068s] copying resource/bxi_example_py_foot -> /home/kkkk/bxi_arm_v2/install/bxi_example_py_foot/share/ament_index/resource_index/packages
[3.068s] copying package.xml -> /home/kkkk/bxi_arm_v2/install/bxi_example_py_foot/share/bxi_example_py_foot
[3.071s] creating /home/kkkk/bxi_arm_v2/install/bxi_example_py_foot/share/bxi_example_py_foot/policy
[3.071s] copying policy/model_run.onnx -> /home/kkkk/bxi_arm_v2/install/bxi_example_py_foot/share/bxi_example_py_foot/policy
[3.079s] copying policy/model_walk.onnx -> /home/kkkk/bxi_arm_v2/install/bxi_example_py_foot/share/bxi_example_py_foot/policy
[3.087s] creating /home/kkkk/bxi_arm_v2/install/bxi_example_py_foot/share/bxi_example_py_foot/launch
[3.090s] copying launch/example_launch_walk_hw.py -> /home/kkkk/bxi_arm_v2/install/bxi_example_py_foot/share/bxi_example_py_foot/launch
[3.090s] copying launch/example_launch_walk.py -> /home/kkkk/bxi_arm_v2/install/bxi_example_py_foot/share/bxi_example_py_foot/launch
[3.090s] copying launch/example_launch_hw.py -> /home/kkkk/bxi_arm_v2/install/bxi_example_py_foot/share/bxi_example_py_foot/launch
[3.090s] copying launch/example_launch_run_hw.py -> /home/kkkk/bxi_arm_v2/install/bxi_example_py_foot/share/bxi_example_py_foot/launch
[3.090s] running install_egg_info
[3.135s] Copying ../../../../build/bxi_example_py_foot/bxi_example_py_foot.egg-info to /home/kkkk/bxi_arm_v2/install/bxi_example_py_foot/lib/python3.10/site-packages/bxi_example_py_foot-0.0.0-py3.10.egg-info
[3.135s] running install_scripts
[3.270s] Installing bxi_example_py_foot script to /home/kkkk/bxi_arm_v2/install/bxi_example_py_foot/lib/bxi_example_py_foot
[3.270s] Installing bxi_example_py_foot_run script to /home/kkkk/bxi_arm_v2/install/bxi_example_py_foot/lib/bxi_example_py_foot
[3.270s] Installing bxi_example_py_foot_walk script to /home/kkkk/bxi_arm_v2/install/bxi_example_py_foot/lib/bxi_example_py_foot
[3.270s] writing list of installed files to '/home/kkkk/bxi_arm_v2/build/bxi_example_py_foot/install.log'
[3.374s] Invoked command in '/home/kkkk/bxi_arm_v2/src/bxi_rl_controller_ros2_example/src/bxi_example_py_foot' returned '0': CONDA_PROMPT_MODIFIER=(ikpy) PYTHONPATH=/home/kkkk/bxi_arm_v2/build/bxi_example_py_foot/prefix_override:/home/kkkk/miniconda3/envs/ikpy/lib/python3.10/site-packages/colcon_core/task/python/colcon_distutils_commands:/home/kkkk/bxi_arm_v2/install/bxi_example_py_foot/lib/python3.10/site-packages:${PYTHONPATH} /home/kkkk/miniconda3/envs/ikpy/bin/python3.10 -W ignore:setup.py install is deprecated -W ignore:easy_install command is deprecated setup.py egg_info --egg-base ../../../../build/bxi_example_py_foot build --build-base /home/kkkk/bxi_arm_v2/build/bxi_example_py_foot/build install --record /home/kkkk/bxi_arm_v2/build/bxi_example_py_foot/install.log --single-version-externally-managed install_data
