[2.568s] Invoking command in '/home/kkkk/bxi_arm_v2/src/bxi_rl_controller_ros2_example/src/bxi_example_py_ankle': CONDA_PROMPT_MODIFIER=(ikpy) PYTHONPATH=/home/kkkk/bxi_arm_v2/build/bxi_example_py_ankle/prefix_override:/home/kkkk/miniconda3/envs/ikpy/lib/python3.10/site-packages/colcon_core/task/python/colcon_distutils_commands:/home/kkkk/bxi_arm_v2/install/bxi_example_py_ankle/lib/python3.10/site-packages:${PYTHONPATH} /home/kkkk/miniconda3/envs/ikpy/bin/python3.10 -W ignore:setup.py install is deprecated -W ignore:easy_install command is deprecated setup.py egg_info --egg-base ../../../../build/bxi_example_py_ankle build --build-base /home/kkkk/bxi_arm_v2/build/bxi_example_py_ankle/build install --record /home/kkkk/bxi_arm_v2/build/bxi_example_py_ankle/install.log --single-version-externally-managed install_data
[2.763s] /home/kkkk/miniconda3/envs/ikpy/lib/python3.10/site-packages/setuptools/_distutils/dist.py:289: UserWarning: Unknown distribution option: 'tests_require'
[2.763s]   warnings.warn(msg)
[2.864s] running egg_info
[2.879s] writing ../../../../build/bxi_example_py_ankle/bxi_example_py_ankle.egg-info/PKG-INFO
[2.879s] writing dependency_links to ../../../../build/bxi_example_py_ankle/bxi_example_py_ankle.egg-info/dependency_links.txt
[2.882s] writing entry points to ../../../../build/bxi_example_py_ankle/bxi_example_py_ankle.egg-info/entry_points.txt
[2.882s] writing requirements to ../../../../build/bxi_example_py_ankle/bxi_example_py_ankle.egg-info/requires.txt
[2.882s] writing top-level names to ../../../../build/bxi_example_py_ankle/bxi_example_py_ankle.egg-info/top_level.txt
[2.912s] reading manifest file '../../../../build/bxi_example_py_ankle/bxi_example_py_ankle.egg-info/SOURCES.txt'
[2.914s] writing manifest file '../../../../build/bxi_example_py_ankle/bxi_example_py_ankle.egg-info/SOURCES.txt'
[2.914s] running build
[2.914s] running build_py
[2.915s] running install
[2.924s] running install_lib
[2.935s] running install_data
[2.938s] running install_egg_info
[2.952s] removing '/home/kkkk/bxi_arm_v2/install/bxi_example_py_ankle/lib/python3.10/site-packages/bxi_example_py_ankle-0.0.0-py3.10.egg-info' (and everything under it)
[2.953s] Copying ../../../../build/bxi_example_py_ankle/bxi_example_py_ankle.egg-info to /home/kkkk/bxi_arm_v2/install/bxi_example_py_ankle/lib/python3.10/site-packages/bxi_example_py_ankle-0.0.0-py3.10.egg-info
[2.953s] running install_scripts
[3.069s] Installing bxi_example_py_ankle script to /home/kkkk/bxi_arm_v2/install/bxi_example_py_ankle/lib/bxi_example_py_ankle
[3.069s] writing list of installed files to '/home/kkkk/bxi_arm_v2/build/bxi_example_py_ankle/install.log'
[3.185s] Invoked command in '/home/kkkk/bxi_arm_v2/src/bxi_rl_controller_ros2_example/src/bxi_example_py_ankle' returned '0': CONDA_PROMPT_MODIFIER=(ikpy) PYTHONPATH=/home/kkkk/bxi_arm_v2/build/bxi_example_py_ankle/prefix_override:/home/kkkk/miniconda3/envs/ikpy/lib/python3.10/site-packages/colcon_core/task/python/colcon_distutils_commands:/home/kkkk/bxi_arm_v2/install/bxi_example_py_ankle/lib/python3.10/site-packages:${PYTHONPATH} /home/kkkk/miniconda3/envs/ikpy/bin/python3.10 -W ignore:setup.py install is deprecated -W ignore:easy_install command is deprecated setup.py egg_info --egg-base ../../../../build/bxi_example_py_ankle build --build-base /home/kkkk/bxi_arm_v2/build/bxi_example_py_ankle/build install --record /home/kkkk/bxi_arm_v2/build/bxi_example_py_ankle/install.log --single-version-externally-managed install_data
