/home/kkkk/miniconda3/envs/ikpy/lib/python3.10/site-packages/setuptools/_distutils/dist.py:289: UserWarning: Unknown distribution option: 'tests_require'
  warnings.warn(msg)
running egg_info
creating ../../../../build/bxi_example_py_trunk/bxi_example_py_trunk.egg-info
writing ../../../../build/bxi_example_py_trunk/bxi_example_py_trunk.egg-info/PKG-INFO
writing dependency_links to ../../../../build/bxi_example_py_trunk/bxi_example_py_trunk.egg-info/dependency_links.txt
writing entry points to ../../../../build/bxi_example_py_trunk/bxi_example_py_trunk.egg-info/entry_points.txt
writing requirements to ../../../../build/bxi_example_py_trunk/bxi_example_py_trunk.egg-info/requires.txt
writing top-level names to ../../../../build/bxi_example_py_trunk/bxi_example_py_trunk.egg-info/top_level.txt
writing manifest file '../../../../build/bxi_example_py_trunk/bxi_example_py_trunk.egg-info/SOURCES.txt'
reading manifest file '../../../../build/bxi_example_py_trunk/bxi_example_py_trunk.egg-info/SOURCES.txt'
writing manifest file '../../../../build/bxi_example_py_trunk/bxi_example_py_trunk.egg-info/SOURCES.txt'
running build
running build_py
creating /home/kkkk/bxi_arm_v2/build/bxi_example_py_trunk/build/lib/bxi_example_py_trunk
copying bxi_example_py_trunk/right_arm_handshake_controller.py -> /home/kkkk/bxi_arm_v2/build/bxi_example_py_trunk/build/lib/bxi_example_py_trunk
copying bxi_example_py_trunk/running_arm_controller.py -> /home/kkkk/bxi_arm_v2/build/bxi_example_py_trunk/build/lib/bxi_example_py_trunk
copying bxi_example_py_trunk/bxi_example.py -> /home/kkkk/bxi_arm_v2/build/bxi_example_py_trunk/build/lib/bxi_example_py_trunk
copying bxi_example_py_trunk/__init__.py -> /home/kkkk/bxi_arm_v2/build/bxi_example_py_trunk/build/lib/bxi_example_py_trunk
copying bxi_example_py_trunk/arm_motion_controller.py -> /home/kkkk/bxi_arm_v2/build/bxi_example_py_trunk/build/lib/bxi_example_py_trunk
running install
running install_lib
creating /home/kkkk/bxi_arm_v2/install/bxi_example_py_trunk/lib/python3.10/site-packages/bxi_example_py_trunk
copying /home/kkkk/bxi_arm_v2/build/bxi_example_py_trunk/build/lib/bxi_example_py_trunk/right_arm_handshake_controller.py -> /home/kkkk/bxi_arm_v2/install/bxi_example_py_trunk/lib/python3.10/site-packages/bxi_example_py_trunk
copying /home/kkkk/bxi_arm_v2/build/bxi_example_py_trunk/build/lib/bxi_example_py_trunk/running_arm_controller.py -> /home/kkkk/bxi_arm_v2/install/bxi_example_py_trunk/lib/python3.10/site-packages/bxi_example_py_trunk
copying /home/kkkk/bxi_arm_v2/build/bxi_example_py_trunk/build/lib/bxi_example_py_trunk/bxi_example.py -> /home/kkkk/bxi_arm_v2/install/bxi_example_py_trunk/lib/python3.10/site-packages/bxi_example_py_trunk
copying /home/kkkk/bxi_arm_v2/build/bxi_example_py_trunk/build/lib/bxi_example_py_trunk/__init__.py -> /home/kkkk/bxi_arm_v2/install/bxi_example_py_trunk/lib/python3.10/site-packages/bxi_example_py_trunk
copying /home/kkkk/bxi_arm_v2/build/bxi_example_py_trunk/build/lib/bxi_example_py_trunk/arm_motion_controller.py -> /home/kkkk/bxi_arm_v2/install/bxi_example_py_trunk/lib/python3.10/site-packages/bxi_example_py_trunk
byte-compiling /home/kkkk/bxi_arm_v2/install/bxi_example_py_trunk/lib/python3.10/site-packages/bxi_example_py_trunk/right_arm_handshake_controller.py to right_arm_handshake_controller.cpython-310.pyc
byte-compiling /home/kkkk/bxi_arm_v2/install/bxi_example_py_trunk/lib/python3.10/site-packages/bxi_example_py_trunk/running_arm_controller.py to running_arm_controller.cpython-310.pyc
byte-compiling /home/kkkk/bxi_arm_v2/install/bxi_example_py_trunk/lib/python3.10/site-packages/bxi_example_py_trunk/bxi_example.py to bxi_example.cpython-310.pyc
byte-compiling /home/kkkk/bxi_arm_v2/install/bxi_example_py_trunk/lib/python3.10/site-packages/bxi_example_py_trunk/__init__.py to __init__.cpython-310.pyc
byte-compiling /home/kkkk/bxi_arm_v2/install/bxi_example_py_trunk/lib/python3.10/site-packages/bxi_example_py_trunk/arm_motion_controller.py to arm_motion_controller.cpython-310.pyc
running install_data
creating /home/kkkk/bxi_arm_v2/install/bxi_example_py_trunk/share/ament_index/resource_index/packages
copying resource/bxi_example_py_trunk -> /home/kkkk/bxi_arm_v2/install/bxi_example_py_trunk/share/ament_index/resource_index/packages
copying package.xml -> /home/kkkk/bxi_arm_v2/install/bxi_example_py_trunk/share/bxi_example_py_trunk
creating /home/kkkk/bxi_arm_v2/install/bxi_example_py_trunk/share/bxi_example_py_trunk/launch
copying launch/example_launch.py -> /home/kkkk/bxi_arm_v2/install/bxi_example_py_trunk/share/bxi_example_py_trunk/launch
copying launch/example_launch_hw.py -> /home/kkkk/bxi_arm_v2/install/bxi_example_py_trunk/share/bxi_example_py_trunk/launch
creating /home/kkkk/bxi_arm_v2/install/bxi_example_py_trunk/share/bxi_example_py_trunk/policy
copying policy/model.onnx -> /home/kkkk/bxi_arm_v2/install/bxi_example_py_trunk/share/bxi_example_py_trunk/policy
running install_egg_info
Copying ../../../../build/bxi_example_py_trunk/bxi_example_py_trunk.egg-info to /home/kkkk/bxi_arm_v2/install/bxi_example_py_trunk/lib/python3.10/site-packages/bxi_example_py_trunk-0.0.0-py3.10.egg-info
running install_scripts
Installing bxi_example_py_trunk script to /home/kkkk/bxi_arm_v2/install/bxi_example_py_trunk/lib/bxi_example_py_trunk
writing list of installed files to '/home/kkkk/bxi_arm_v2/build/bxi_example_py_trunk/install.log'
