[2.364s] Invoking command in '/home/kkkk/bxi_arm_v2/src/bxi_rl_controller_ros2_example/src/bxi_example_py_elf3': CONDA_PROMPT_MODIFIER=(ikpy) PYTHONPATH=/home/kkkk/bxi_arm_v2/build/bxi_example_py_elf3/prefix_override:/home/kkkk/miniconda3/envs/ikpy/lib/python3.10/site-packages/colcon_core/task/python/colcon_distutils_commands:/home/kkkk/bxi_arm_v2/install/bxi_example_py_elf3/lib/python3.10/site-packages:${PYTHONPATH} /home/kkkk/miniconda3/envs/ikpy/bin/python3.10 -W ignore:setup.py install is deprecated -W ignore:easy_install command is deprecated setup.py egg_info --egg-base ../../../../build/bxi_example_py_elf3 build --build-base /home/kkkk/bxi_arm_v2/build/bxi_example_py_elf3/build install --record /home/kkkk/bxi_arm_v2/build/bxi_example_py_elf3/install.log --single-version-externally-managed install_data
[2.632s] /home/kkkk/miniconda3/envs/ikpy/lib/python3.10/site-packages/setuptools/_distutils/dist.py:289: UserWarning: Unknown distribution option: 'tests_require'
[2.632s]   warnings.warn(msg)
[2.786s] running egg_info
[2.823s] creating ../../../../build/bxi_example_py_elf3/bxi_example_py_elf3.egg-info
[2.826s] writing ../../../../build/bxi_example_py_elf3/bxi_example_py_elf3.egg-info/PKG-INFO
[2.832s] writing dependency_links to ../../../../build/bxi_example_py_elf3/bxi_example_py_elf3.egg-info/dependency_links.txt
[2.832s] writing entry points to ../../../../build/bxi_example_py_elf3/bxi_example_py_elf3.egg-info/entry_points.txt
[2.832s] writing requirements to ../../../../build/bxi_example_py_elf3/bxi_example_py_elf3.egg-info/requires.txt
[2.832s] writing top-level names to ../../../../build/bxi_example_py_elf3/bxi_example_py_elf3.egg-info/top_level.txt
[2.832s] writing manifest file '../../../../build/bxi_example_py_elf3/bxi_example_py_elf3.egg-info/SOURCES.txt'
[2.907s] reading manifest file '../../../../build/bxi_example_py_elf3/bxi_example_py_elf3.egg-info/SOURCES.txt'
[2.909s] writing manifest file '../../../../build/bxi_example_py_elf3/bxi_example_py_elf3.egg-info/SOURCES.txt'
[2.913s] running build
[2.913s] running build_py
[2.913s] creating /home/kkkk/bxi_arm_v2/build/bxi_example_py_elf3/build/lib/bxi_example_py_elf3
[2.917s] copying bxi_example_py_elf3/bxi_example_run.py -> /home/kkkk/bxi_arm_v2/build/bxi_example_py_elf3/build/lib/bxi_example_py_elf3
[2.919s] copying bxi_example_py_elf3/bxi_example_mjlab.py -> /home/kkkk/bxi_arm_v2/build/bxi_example_py_elf3/build/lib/bxi_example_py_elf3
[2.919s] copying bxi_example_py_elf3/bxi_example_demo.py -> /home/kkkk/bxi_arm_v2/build/bxi_example_py_elf3/build/lib/bxi_example_py_elf3
[2.919s] copying bxi_example_py_elf3/__init__.py -> /home/kkkk/bxi_arm_v2/build/bxi_example_py_elf3/build/lib/bxi_example_py_elf3
[2.919s] creating /home/kkkk/bxi_arm_v2/build/bxi_example_py_elf3/build/lib/bxi_example_py_elf3/inference
[2.920s] copying bxi_example_py_elf3/inference/host.py -> /home/kkkk/bxi_arm_v2/build/bxi_example_py_elf3/build/lib/bxi_example_py_elf3/inference
[2.920s] copying bxi_example_py_elf3/inference/beyondmimic.py -> /home/kkkk/bxi_arm_v2/build/bxi_example_py_elf3/build/lib/bxi_example_py_elf3/inference
[2.920s] copying bxi_example_py_elf3/inference/run.py -> /home/kkkk/bxi_arm_v2/build/bxi_example_py_elf3/build/lib/bxi_example_py_elf3/inference
[2.920s] copying bxi_example_py_elf3/inference/__init__.py -> /home/kkkk/bxi_arm_v2/build/bxi_example_py_elf3/build/lib/bxi_example_py_elf3/inference
[2.920s] creating /home/kkkk/bxi_arm_v2/build/bxi_example_py_elf3/build/lib/bxi_example_py_elf3/utils
[2.920s] copying bxi_example_py_elf3/utils/tfs.py -> /home/kkkk/bxi_arm_v2/build/bxi_example_py_elf3/build/lib/bxi_example_py_elf3/utils
[2.920s] copying bxi_example_py_elf3/utils/__init__.py -> /home/kkkk/bxi_arm_v2/build/bxi_example_py_elf3/build/lib/bxi_example_py_elf3/utils
[2.920s] running install
[2.932s] running install_lib
[2.967s] creating /home/kkkk/bxi_arm_v2/install/bxi_example_py_elf3/lib/python3.10/site-packages/bxi_example_py_elf3
[2.967s] copying /home/kkkk/bxi_arm_v2/build/bxi_example_py_elf3/build/lib/bxi_example_py_elf3/bxi_example_run.py -> /home/kkkk/bxi_arm_v2/install/bxi_example_py_elf3/lib/python3.10/site-packages/bxi_example_py_elf3
[2.967s] copying /home/kkkk/bxi_arm_v2/build/bxi_example_py_elf3/build/lib/bxi_example_py_elf3/bxi_example_mjlab.py -> /home/kkkk/bxi_arm_v2/install/bxi_example_py_elf3/lib/python3.10/site-packages/bxi_example_py_elf3
[2.967s] creating /home/kkkk/bxi_arm_v2/install/bxi_example_py_elf3/lib/python3.10/site-packages/bxi_example_py_elf3/inference
[2.967s] copying /home/kkkk/bxi_arm_v2/build/bxi_example_py_elf3/build/lib/bxi_example_py_elf3/inference/host.py -> /home/kkkk/bxi_arm_v2/install/bxi_example_py_elf3/lib/python3.10/site-packages/bxi_example_py_elf3/inference
[2.967s] copying /home/kkkk/bxi_arm_v2/build/bxi_example_py_elf3/build/lib/bxi_example_py_elf3/inference/beyondmimic.py -> /home/kkkk/bxi_arm_v2/install/bxi_example_py_elf3/lib/python3.10/site-packages/bxi_example_py_elf3/inference
[2.970s] copying /home/kkkk/bxi_arm_v2/build/bxi_example_py_elf3/build/lib/bxi_example_py_elf3/inference/run.py -> /home/kkkk/bxi_arm_v2/install/bxi_example_py_elf3/lib/python3.10/site-packages/bxi_example_py_elf3/inference
[2.971s] copying /home/kkkk/bxi_arm_v2/build/bxi_example_py_elf3/build/lib/bxi_example_py_elf3/inference/__init__.py -> /home/kkkk/bxi_arm_v2/install/bxi_example_py_elf3/lib/python3.10/site-packages/bxi_example_py_elf3/inference
[2.971s] creating /home/kkkk/bxi_arm_v2/install/bxi_example_py_elf3/lib/python3.10/site-packages/bxi_example_py_elf3/utils
[2.971s] copying /home/kkkk/bxi_arm_v2/build/bxi_example_py_elf3/build/lib/bxi_example_py_elf3/utils/tfs.py -> /home/kkkk/bxi_arm_v2/install/bxi_example_py_elf3/lib/python3.10/site-packages/bxi_example_py_elf3/utils
[2.971s] copying /home/kkkk/bxi_arm_v2/build/bxi_example_py_elf3/build/lib/bxi_example_py_elf3/utils/__init__.py -> /home/kkkk/bxi_arm_v2/install/bxi_example_py_elf3/lib/python3.10/site-packages/bxi_example_py_elf3/utils
[2.971s] copying /home/kkkk/bxi_arm_v2/build/bxi_example_py_elf3/build/lib/bxi_example_py_elf3/bxi_example_demo.py -> /home/kkkk/bxi_arm_v2/install/bxi_example_py_elf3/lib/python3.10/site-packages/bxi_example_py_elf3
[2.972s] copying /home/kkkk/bxi_arm_v2/build/bxi_example_py_elf3/build/lib/bxi_example_py_elf3/__init__.py -> /home/kkkk/bxi_arm_v2/install/bxi_example_py_elf3/lib/python3.10/site-packages/bxi_example_py_elf3
[2.972s] byte-compiling /home/kkkk/bxi_arm_v2/install/bxi_example_py_elf3/lib/python3.10/site-packages/bxi_example_py_elf3/bxi_example_run.py to bxi_example_run.cpython-310.pyc
[2.979s] byte-compiling /home/kkkk/bxi_arm_v2/install/bxi_example_py_elf3/lib/python3.10/site-packages/bxi_example_py_elf3/bxi_example_mjlab.py to bxi_example_mjlab.cpython-310.pyc
[2.988s] byte-compiling /home/kkkk/bxi_arm_v2/install/bxi_example_py_elf3/lib/python3.10/site-packages/bxi_example_py_elf3/inference/host.py to host.cpython-310.pyc
[2.994s] byte-compiling /home/kkkk/bxi_arm_v2/install/bxi_example_py_elf3/lib/python3.10/site-packages/bxi_example_py_elf3/inference/beyondmimic.py to beyondmimic.cpython-310.pyc
[2.995s] byte-compiling /home/kkkk/bxi_arm_v2/install/bxi_example_py_elf3/lib/python3.10/site-packages/bxi_example_py_elf3/inference/run.py to run.cpython-310.pyc
[2.996s] byte-compiling /home/kkkk/bxi_arm_v2/install/bxi_example_py_elf3/lib/python3.10/site-packages/bxi_example_py_elf3/inference/__init__.py to __init__.cpython-310.pyc
[3.000s] byte-compiling /home/kkkk/bxi_arm_v2/install/bxi_example_py_elf3/lib/python3.10/site-packages/bxi_example_py_elf3/utils/tfs.py to tfs.cpython-310.pyc
[3.001s] byte-compiling /home/kkkk/bxi_arm_v2/install/bxi_example_py_elf3/lib/python3.10/site-packages/bxi_example_py_elf3/utils/__init__.py to __init__.cpython-310.pyc
[3.002s] byte-compiling /home/kkkk/bxi_arm_v2/install/bxi_example_py_elf3/lib/python3.10/site-packages/bxi_example_py_elf3/bxi_example_demo.py to bxi_example_demo.cpython-310.pyc
[3.008s] byte-compiling /home/kkkk/bxi_arm_v2/install/bxi_example_py_elf3/lib/python3.10/site-packages/bxi_example_py_elf3/__init__.py to __init__.cpython-310.pyc
[3.009s] running install_data
[3.009s] creating /home/kkkk/bxi_arm_v2/install/bxi_example_py_elf3/share/ament_index/resource_index/packages
[3.009s] copying resource/bxi_example_py_elf3 -> /home/kkkk/bxi_arm_v2/install/bxi_example_py_elf3/share/ament_index/resource_index/packages
[3.009s] copying package.xml -> /home/kkkk/bxi_arm_v2/install/bxi_example_py_elf3/share/bxi_example_py_elf3
[3.009s] creating /home/kkkk/bxi_arm_v2/install/bxi_example_py_elf3/share/bxi_example_py_elf3/data
[3.010s] copying data/elf3_ground.onnx -> /home/kkkk/bxi_arm_v2/install/bxi_example_py_elf3/share/bxi_example_py_elf3/data
[3.018s] copying data/ydd.npz -> /home/kkkk/bxi_arm_v2/install/bxi_example_py_elf3/share/bxi_example_py_elf3/data
[3.027s] copying data/ydd.onnx -> /home/kkkk/bxi_arm_v2/install/bxi_example_py_elf3/share/bxi_example_py_elf3/data
[3.035s] copying data/model_run.onnx -> /home/kkkk/bxi_arm_v2/install/bxi_example_py_elf3/share/bxi_example_py_elf3/data
[3.048s] copying data/elf3.xml -> /home/kkkk/bxi_arm_v2/install/bxi_example_py_elf3/share/bxi_example_py_elf3/data
[3.048s] copying data/model_mjlab.onnx -> /home/kkkk/bxi_arm_v2/install/bxi_example_py_elf3/share/bxi_example_py_elf3/data
[3.050s] copying data/model_mjlab.onnx.rough -> /home/kkkk/bxi_arm_v2/install/bxi_example_py_elf3/share/bxi_example_py_elf3/data
[3.052s] copying data/elf3 copy.xml -> /home/kkkk/bxi_arm_v2/install/bxi_example_py_elf3/share/bxi_example_py_elf3/data
[3.053s] creating /home/kkkk/bxi_arm_v2/install/bxi_example_py_elf3/share/bxi_example_py_elf3/data/meshes
[3.053s] copying data/meshes/l_shoulder_y_link.STL -> /home/kkkk/bxi_arm_v2/install/bxi_example_py_elf3/share/bxi_example_py_elf3/data/meshes
[3.058s] copying data/meshes/l_wrist_x_link.STL -> /home/kkkk/bxi_arm_v2/install/bxi_example_py_elf3/share/bxi_example_py_elf3/data/meshes
[3.066s] copying data/meshes/torso_link.STL -> /home/kkkk/bxi_arm_v2/install/bxi_example_py_elf3/share/bxi_example_py_elf3/data/meshes
[3.092s] copying data/meshes/r_knee_y_link.STL -> /home/kkkk/bxi_arm_v2/install/bxi_example_py_elf3/share/bxi_example_py_elf3/data/meshes
[3.103s] copying data/meshes/r_elbow_y_link.STL -> /home/kkkk/bxi_arm_v2/install/bxi_example_py_elf3/share/bxi_example_py_elf3/data/meshes
[3.103s] copying data/meshes/l_ankle_x_link.STL -> /home/kkkk/bxi_arm_v2/install/bxi_example_py_elf3/share/bxi_example_py_elf3/data/meshes
[3.103s] copying data/meshes/l_ankle_y_link.STL -> /home/kkkk/bxi_arm_v2/install/bxi_example_py_elf3/share/bxi_example_py_elf3/data/meshes
[3.107s] copying data/meshes/r_wrist_z_link.STL -> /home/kkkk/bxi_arm_v2/install/bxi_example_py_elf3/share/bxi_example_py_elf3/data/meshes
[3.107s] copying data/meshes/r_ankle_y_link.STL -> /home/kkkk/bxi_arm_v2/install/bxi_example_py_elf3/share/bxi_example_py_elf3/data/meshes
[3.107s] copying data/meshes/l_wrist_y_link.STL -> /home/kkkk/bxi_arm_v2/install/bxi_example_py_elf3/share/bxi_example_py_elf3/data/meshes
[3.110s] copying data/meshes/l_wrist_z_link.STL -> /home/kkkk/bxi_arm_v2/install/bxi_example_py_elf3/share/bxi_example_py_elf3/data/meshes
[3.110s] copying data/meshes/l_knee_y_link.STL -> /home/kkkk/bxi_arm_v2/install/bxi_example_py_elf3/share/bxi_example_py_elf3/data/meshes
[3.120s] copying data/meshes/waist_x_link.STL -> /home/kkkk/bxi_arm_v2/install/bxi_example_py_elf3/share/bxi_example_py_elf3/data/meshes
[3.121s] copying data/meshes/l_shoulder_x_link.STL -> /home/kkkk/bxi_arm_v2/install/bxi_example_py_elf3/share/bxi_example_py_elf3/data/meshes
[3.125s] copying data/meshes/r_hip_y_link.STL -> /home/kkkk/bxi_arm_v2/install/bxi_example_py_elf3/share/bxi_example_py_elf3/data/meshes
[3.128s] copying data/meshes/r_shoulder_x_link.STL -> /home/kkkk/bxi_arm_v2/install/bxi_example_py_elf3/share/bxi_example_py_elf3/data/meshes
[3.129s] copying data/meshes/l_hip_y_link.STL -> /home/kkkk/bxi_arm_v2/install/bxi_example_py_elf3/share/bxi_example_py_elf3/data/meshes
[3.131s] copying data/meshes/r_shoulder_z_link.STL -> /home/kkkk/bxi_arm_v2/install/bxi_example_py_elf3/share/bxi_example_py_elf3/data/meshes
[3.140s] copying data/meshes/r_ankle_x_link.STL -> /home/kkkk/bxi_arm_v2/install/bxi_example_py_elf3/share/bxi_example_py_elf3/data/meshes
[3.140s] copying data/meshes/r_hip_x_link.STL -> /home/kkkk/bxi_arm_v2/install/bxi_example_py_elf3/share/bxi_example_py_elf3/data/meshes
[3.143s] copying data/meshes/l_elbow_y_link.STL -> /home/kkkk/bxi_arm_v2/install/bxi_example_py_elf3/share/bxi_example_py_elf3/data/meshes
[3.143s] copying data/meshes/waist_y_link.STL -> /home/kkkk/bxi_arm_v2/install/bxi_example_py_elf3/share/bxi_example_py_elf3/data/meshes
[3.143s] copying data/meshes/r_hip_z_link.STL -> /home/kkkk/bxi_arm_v2/install/bxi_example_py_elf3/share/bxi_example_py_elf3/data/meshes
[3.157s] copying data/meshes/l_hip_x_link.STL -> /home/kkkk/bxi_arm_v2/install/bxi_example_py_elf3/share/bxi_example_py_elf3/data/meshes
[3.157s] copying data/meshes/r_wrist_x_link.STL -> /home/kkkk/bxi_arm_v2/install/bxi_example_py_elf3/share/bxi_example_py_elf3/data/meshes
[3.165s] copying data/meshes/waist_z_link.STL -> /home/kkkk/bxi_arm_v2/install/bxi_example_py_elf3/share/bxi_example_py_elf3/data/meshes
[3.182s] copying data/meshes/r_shoulder_y_link.STL -> /home/kkkk/bxi_arm_v2/install/bxi_example_py_elf3/share/bxi_example_py_elf3/data/meshes
[3.182s] copying data/meshes/l_hip_z_link.STL -> /home/kkkk/bxi_arm_v2/install/bxi_example_py_elf3/share/bxi_example_py_elf3/data/meshes
[3.189s] copying data/meshes/r_wrist_y_link.STL -> /home/kkkk/bxi_arm_v2/install/bxi_example_py_elf3/share/bxi_example_py_elf3/data/meshes
[3.192s] copying data/meshes/l_shoulder_z_link.STL -> /home/kkkk/bxi_arm_v2/install/bxi_example_py_elf3/share/bxi_example_py_elf3/data/meshes
[3.199s] creating /home/kkkk/bxi_arm_v2/install/bxi_example_py_elf3/share/bxi_example_py_elf3/data/meshesback
[3.199s] copying data/meshesback/l_shoulder_y_link.STL -> /home/kkkk/bxi_arm_v2/install/bxi_example_py_elf3/share/bxi_example_py_elf3/data/meshesback
[3.206s] copying data/meshesback/l_wrist_x_link.STL -> /home/kkkk/bxi_arm_v2/install/bxi_example_py_elf3/share/bxi_example_py_elf3/data/meshesback
[3.215s] copying data/meshesback/torso_link.STL -> /home/kkkk/bxi_arm_v2/install/bxi_example_py_elf3/share/bxi_example_py_elf3/data/meshesback
[3.244s] copying data/meshesback/r_knee_y_link.STL -> /home/kkkk/bxi_arm_v2/install/bxi_example_py_elf3/share/bxi_example_py_elf3/data/meshesback
[3.260s] copying data/meshesback/r_elbow_y_link.STL -> /home/kkkk/bxi_arm_v2/install/bxi_example_py_elf3/share/bxi_example_py_elf3/data/meshesback
[3.261s] copying data/meshesback/l_ankle_x_link.STL -> /home/kkkk/bxi_arm_v2/install/bxi_example_py_elf3/share/bxi_example_py_elf3/data/meshesback
[3.261s] copying data/meshesback/l_ankle_y_link.STL -> /home/kkkk/bxi_arm_v2/install/bxi_example_py_elf3/share/bxi_example_py_elf3/data/meshesback
[3.261s] copying data/meshesback/r_wrist_z_link.STL -> /home/kkkk/bxi_arm_v2/install/bxi_example_py_elf3/share/bxi_example_py_elf3/data/meshesback
[3.261s] copying data/meshesback/r_ankle_y_link.STL -> /home/kkkk/bxi_arm_v2/install/bxi_example_py_elf3/share/bxi_example_py_elf3/data/meshesback
[3.261s] copying data/meshesback/l_wrist_y_link.STL -> /home/kkkk/bxi_arm_v2/install/bxi_example_py_elf3/share/bxi_example_py_elf3/data/meshesback
[3.261s] copying data/meshesback/l_wrist_z_link.STL -> /home/kkkk/bxi_arm_v2/install/bxi_example_py_elf3/share/bxi_example_py_elf3/data/meshesback
[3.261s] copying data/meshesback/l_knee_y_link.STL -> /home/kkkk/bxi_arm_v2/install/bxi_example_py_elf3/share/bxi_example_py_elf3/data/meshesback
[3.265s] copying data/meshesback/waist_x_link.STL -> /home/kkkk/bxi_arm_v2/install/bxi_example_py_elf3/share/bxi_example_py_elf3/data/meshesback
[3.265s] copying data/meshesback/l_shoulder_x_link.STL -> /home/kkkk/bxi_arm_v2/install/bxi_example_py_elf3/share/bxi_example_py_elf3/data/meshesback
[3.266s] copying data/meshesback/r_hip_y_link.STL -> /home/kkkk/bxi_arm_v2/install/bxi_example_py_elf3/share/bxi_example_py_elf3/data/meshesback
[3.268s] copying data/meshesback/r_shoulder_x_link.STL -> /home/kkkk/bxi_arm_v2/install/bxi_example_py_elf3/share/bxi_example_py_elf3/data/meshesback
[3.269s] copying data/meshesback/l_hip_y_link.STL -> /home/kkkk/bxi_arm_v2/install/bxi_example_py_elf3/share/bxi_example_py_elf3/data/meshesback
[3.275s] copying data/meshesback/r_shoulder_z_link.STL -> /home/kkkk/bxi_arm_v2/install/bxi_example_py_elf3/share/bxi_example_py_elf3/data/meshesback
[3.281s] copying data/meshesback/r_ankle_x_link.STL -> /home/kkkk/bxi_arm_v2/install/bxi_example_py_elf3/share/bxi_example_py_elf3/data/meshesback
[3.282s] copying data/meshesback/r_hip_x_link.STL -> /home/kkkk/bxi_arm_v2/install/bxi_example_py_elf3/share/bxi_example_py_elf3/data/meshesback
[3.282s] copying data/meshesback/l_elbow_y_link.STL -> /home/kkkk/bxi_arm_v2/install/bxi_example_py_elf3/share/bxi_example_py_elf3/data/meshesback
[3.282s] copying data/meshesback/waist_y_link.STL -> /home/kkkk/bxi_arm_v2/install/bxi_example_py_elf3/share/bxi_example_py_elf3/data/meshesback
[3.283s] copying data/meshesback/r_hip_z_link.STL -> /home/kkkk/bxi_arm_v2/install/bxi_example_py_elf3/share/bxi_example_py_elf3/data/meshesback
[3.292s] copying data/meshesback/l_hip_x_link.STL -> /home/kkkk/bxi_arm_v2/install/bxi_example_py_elf3/share/bxi_example_py_elf3/data/meshesback
[3.293s] copying data/meshesback/r_wrist_x_link.STL -> /home/kkkk/bxi_arm_v2/install/bxi_example_py_elf3/share/bxi_example_py_elf3/data/meshesback
[3.300s] copying data/meshesback/waist_z_link.STL -> /home/kkkk/bxi_arm_v2/install/bxi_example_py_elf3/share/bxi_example_py_elf3/data/meshesback
[3.310s] copying data/meshesback/r_shoulder_y_link.STL -> /home/kkkk/bxi_arm_v2/install/bxi_example_py_elf3/share/bxi_example_py_elf3/data/meshesback
[3.314s] copying data/meshesback/l_hip_z_link.STL -> /home/kkkk/bxi_arm_v2/install/bxi_example_py_elf3/share/bxi_example_py_elf3/data/meshesback
[3.320s] copying data/meshesback/r_wrist_y_link.STL -> /home/kkkk/bxi_arm_v2/install/bxi_example_py_elf3/share/bxi_example_py_elf3/data/meshesback
[3.323s] copying data/meshesback/l_shoulder_z_link.STL -> /home/kkkk/bxi_arm_v2/install/bxi_example_py_elf3/share/bxi_example_py_elf3/data/meshesback
[3.338s] creating /home/kkkk/bxi_arm_v2/install/bxi_example_py_elf3/share/bxi_example_py_elf3/launch
[3.338s] copying launch/example_launch_run.py -> /home/kkkk/bxi_arm_v2/install/bxi_example_py_elf3/share/bxi_example_py_elf3/launch
[3.338s] copying launch/example_launch_mjlab_hw.py -> /home/kkkk/bxi_arm_v2/install/bxi_example_py_elf3/share/bxi_example_py_elf3/launch
[3.338s] copying launch/MUJOCO_LOG.TXT -> /home/kkkk/bxi_arm_v2/install/bxi_example_py_elf3/share/bxi_example_py_elf3/launch
[3.338s] copying launch/example_launch_demo.py -> /home/kkkk/bxi_arm_v2/install/bxi_example_py_elf3/share/bxi_example_py_elf3/launch
[3.338s] copying launch/example_launch_run_hw.py -> /home/kkkk/bxi_arm_v2/install/bxi_example_py_elf3/share/bxi_example_py_elf3/launch
[3.338s] copying launch/example_launch_mjlab.py -> /home/kkkk/bxi_arm_v2/install/bxi_example_py_elf3/share/bxi_example_py_elf3/launch
[3.338s] running install_egg_info
[3.377s] Copying ../../../../build/bxi_example_py_elf3/bxi_example_py_elf3.egg-info to /home/kkkk/bxi_arm_v2/install/bxi_example_py_elf3/lib/python3.10/site-packages/bxi_example_py_elf3-0.0.0-py3.10.egg-info
[3.379s] running install_scripts
[3.499s] Installing bxi_example_py_elf3_dance script to /home/kkkk/bxi_arm_v2/install/bxi_example_py_elf3/lib/bxi_example_py_elf3
[3.500s] Installing bxi_example_py_elf3_demo script to /home/kkkk/bxi_arm_v2/install/bxi_example_py_elf3/lib/bxi_example_py_elf3
[3.500s] Installing bxi_example_py_elf3_mjlab script to /home/kkkk/bxi_arm_v2/install/bxi_example_py_elf3/lib/bxi_example_py_elf3
[3.500s] Installing bxi_example_py_elf3_run script to /home/kkkk/bxi_arm_v2/install/bxi_example_py_elf3/lib/bxi_example_py_elf3
[3.501s] writing list of installed files to '/home/kkkk/bxi_arm_v2/build/bxi_example_py_elf3/install.log'
[3.658s] Invoked command in '/home/kkkk/bxi_arm_v2/src/bxi_rl_controller_ros2_example/src/bxi_example_py_elf3' returned '0': CONDA_PROMPT_MODIFIER=(ikpy) PYTHONPATH=/home/kkkk/bxi_arm_v2/build/bxi_example_py_elf3/prefix_override:/home/kkkk/miniconda3/envs/ikpy/lib/python3.10/site-packages/colcon_core/task/python/colcon_distutils_commands:/home/kkkk/bxi_arm_v2/install/bxi_example_py_elf3/lib/python3.10/site-packages:${PYTHONPATH} /home/kkkk/miniconda3/envs/ikpy/bin/python3.10 -W ignore:setup.py install is deprecated -W ignore:easy_install command is deprecated setup.py egg_info --egg-base ../../../../build/bxi_example_py_elf3 build --build-base /home/kkkk/bxi_arm_v2/build/bxi_example_py_elf3/build install --record /home/kkkk/bxi_arm_v2/build/bxi_example_py_elf3/install.log --single-version-externally-managed install_data
