[2.579s] Invoking command in '/home/kkkk/bxi_arm_v2/src/bxi_rl_controller_ros2_example/src/bxi_example_py_arm': CONDA_PROMPT_MODIFIER=(ikpy) PYTHONPATH=/home/kkkk/bxi_arm_v2/build/bxi_example_py_arm/prefix_override:/home/kkkk/miniconda3/envs/ikpy/lib/python3.10/site-packages/colcon_core/task/python/colcon_distutils_commands:/home/kkkk/bxi_arm_v2/install/bxi_example_py_arm/lib/python3.10/site-packages:${PYTHONPATH} /home/kkkk/miniconda3/envs/ikpy/bin/python3.10 -W ignore:setup.py install is deprecated -W ignore:easy_install command is deprecated setup.py egg_info --egg-base ../../../../build/bxi_example_py_arm build --build-base /home/kkkk/bxi_arm_v2/build/bxi_example_py_arm/build install --record /home/kkkk/bxi_arm_v2/build/bxi_example_py_arm/install.log --single-version-externally-managed install_data
[2.855s] /home/kkkk/miniconda3/envs/ikpy/lib/python3.10/site-packages/setuptools/_distutils/dist.py:289: UserWarning: Unknown distribution option: 'tests_require'
[2.855s]   warnings.warn(msg)
[2.986s] running egg_info
[3.006s] writing ../../../../build/bxi_example_py_arm/bxi_example_py_arm.egg-info/PKG-INFO
[3.007s] writing dependency_links to ../../../../build/bxi_example_py_arm/bxi_example_py_arm.egg-info/dependency_links.txt
[3.007s] writing entry points to ../../../../build/bxi_example_py_arm/bxi_example_py_arm.egg-info/entry_points.txt
[3.007s] writing requirements to ../../../../build/bxi_example_py_arm/bxi_example_py_arm.egg-info/requires.txt
[3.007s] writing top-level names to ../../../../build/bxi_example_py_arm/bxi_example_py_arm.egg-info/top_level.txt
[3.049s] reading manifest file '../../../../build/bxi_example_py_arm/bxi_example_py_arm.egg-info/SOURCES.txt'
[3.053s] writing manifest file '../../../../build/bxi_example_py_arm/bxi_example_py_arm.egg-info/SOURCES.txt'
[3.053s] running build
[3.053s] running build_py
[3.053s] running install
[3.054s] running install_lib
[3.067s] running install_data
[3.067s] running install_egg_info
[3.085s] removing '/home/kkkk/bxi_arm_v2/install/bxi_example_py_arm/lib/python3.10/site-packages/bxi_example_py_arm-0.0.0-py3.10.egg-info' (and everything under it)
[3.085s] Copying ../../../../build/bxi_example_py_arm/bxi_example_py_arm.egg-info to /home/kkkk/bxi_arm_v2/install/bxi_example_py_arm/lib/python3.10/site-packages/bxi_example_py_arm-0.0.0-py3.10.egg-info
[3.086s] running install_scripts
[3.197s] Installing bxi_example_py_arm script to /home/kkkk/bxi_arm_v2/install/bxi_example_py_arm/lib/bxi_example_py_arm
[3.198s] writing list of installed files to '/home/kkkk/bxi_arm_v2/build/bxi_example_py_arm/install.log'
[3.238s] Invoked command in '/home/kkkk/bxi_arm_v2/src/bxi_rl_controller_ros2_example/src/bxi_example_py_arm' returned '0': CONDA_PROMPT_MODIFIER=(ikpy) PYTHONPATH=/home/kkkk/bxi_arm_v2/build/bxi_example_py_arm/prefix_override:/home/kkkk/miniconda3/envs/ikpy/lib/python3.10/site-packages/colcon_core/task/python/colcon_distutils_commands:/home/kkkk/bxi_arm_v2/install/bxi_example_py_arm/lib/python3.10/site-packages:${PYTHONPATH} /home/kkkk/miniconda3/envs/ikpy/bin/python3.10 -W ignore:setup.py install is deprecated -W ignore:easy_install command is deprecated setup.py egg_info --egg-base ../../../../build/bxi_example_py_arm build --build-base /home/kkkk/bxi_arm_v2/build/bxi_example_py_arm/build install --record /home/kkkk/bxi_arm_v2/build/bxi_example_py_arm/install.log --single-version-externally-managed install_data
