[2.534s] Invoking command in '/home/kkkk/bxi_arm_v2/src/bxi_rl_controller_ros2_example/src/bxi_example_py_armrc': CONDA_PROMPT_MODIFIER=(ikpy) PYTHONPATH=/home/kkkk/bxi_arm_v2/build/bxi_example_py_armrc/prefix_override:/home/kkkk/miniconda3/envs/ikpy/lib/python3.10/site-packages/colcon_core/task/python/colcon_distutils_commands:/home/kkkk/bxi_arm_v2/install/bxi_example_py_armrc/lib/python3.10/site-packages:${PYTHONPATH} /home/kkkk/miniconda3/envs/ikpy/bin/python3.10 -W ignore:setup.py install is deprecated -W ignore:easy_install command is deprecated setup.py egg_info --egg-base ../../../../build/bxi_example_py_armrc build --build-base /home/kkkk/bxi_arm_v2/build/bxi_example_py_armrc/build install --record /home/kkkk/bxi_arm_v2/build/bxi_example_py_armrc/install.log --single-version-externally-managed install_data
[2.772s] /home/kkkk/miniconda3/envs/ikpy/lib/python3.10/site-packages/setuptools/_distutils/dist.py:289: UserWarning: Unknown distribution option: 'tests_require'
[2.772s]   warnings.warn(msg)
[2.880s] running egg_info
[2.895s] writing ../../../../build/bxi_example_py_armrc/bxi_example_py_armrc.egg-info/PKG-INFO
[2.897s] writing dependency_links to ../../../../build/bxi_example_py_armrc/bxi_example_py_armrc.egg-info/dependency_links.txt
[2.897s] writing entry points to ../../../../build/bxi_example_py_armrc/bxi_example_py_armrc.egg-info/entry_points.txt
[2.897s] writing requirements to ../../../../build/bxi_example_py_armrc/bxi_example_py_armrc.egg-info/requires.txt
[2.898s] writing top-level names to ../../../../build/bxi_example_py_armrc/bxi_example_py_armrc.egg-info/top_level.txt
[2.930s] reading manifest file '../../../../build/bxi_example_py_armrc/bxi_example_py_armrc.egg-info/SOURCES.txt'
[2.931s] writing manifest file '../../../../build/bxi_example_py_armrc/bxi_example_py_armrc.egg-info/SOURCES.txt'
[2.934s] running build
[2.934s] running build_py
[2.935s] running install
[2.937s] running install_lib
[2.955s] running install_data
[2.955s] running install_egg_info
[2.972s] removing '/home/kkkk/bxi_arm_v2/install/bxi_example_py_armrc/lib/python3.10/site-packages/bxi_example_py_armrc-0.0.0-py3.10.egg-info' (and everything under it)
[2.972s] Copying ../../../../build/bxi_example_py_armrc/bxi_example_py_armrc.egg-info to /home/kkkk/bxi_arm_v2/install/bxi_example_py_armrc/lib/python3.10/site-packages/bxi_example_py_armrc-0.0.0-py3.10.egg-info
[2.973s] running install_scripts
[3.102s] Installing bxi_example_py_armrc script to /home/kkkk/bxi_arm_v2/install/bxi_example_py_armrc/lib/bxi_example_py_armrc
[3.103s] writing list of installed files to '/home/kkkk/bxi_arm_v2/build/bxi_example_py_armrc/install.log'
[3.200s] Invoked command in '/home/kkkk/bxi_arm_v2/src/bxi_rl_controller_ros2_example/src/bxi_example_py_armrc' returned '0': CONDA_PROMPT_MODIFIER=(ikpy) PYTHONPATH=/home/kkkk/bxi_arm_v2/build/bxi_example_py_armrc/prefix_override:/home/kkkk/miniconda3/envs/ikpy/lib/python3.10/site-packages/colcon_core/task/python/colcon_distutils_commands:/home/kkkk/bxi_arm_v2/install/bxi_example_py_armrc/lib/python3.10/site-packages:${PYTHONPATH} /home/kkkk/miniconda3/envs/ikpy/bin/python3.10 -W ignore:setup.py install is deprecated -W ignore:easy_install command is deprecated setup.py egg_info --egg-base ../../../../build/bxi_example_py_armrc build --build-base /home/kkkk/bxi_arm_v2/build/bxi_example_py_armrc/build install --record /home/kkkk/bxi_arm_v2/build/bxi_example_py_armrc/install.log --single-version-externally-managed install_data
