/home/kkkk/miniconda3/envs/ikpy/lib/python3.10/site-packages/setuptools/_distutils/dist.py:289: UserWarning: Unknown distribution option: 'tests_require'
  warnings.warn(msg)
running egg_info
creating ../../../../build/aero_hand_open_rl/aero_hand_open_rl.egg-info
writing ../../../../build/aero_hand_open_rl/aero_hand_open_rl.egg-info/PKG-INFO
writing dependency_links to ../../../../build/aero_hand_open_rl/aero_hand_open_rl.egg-info/dependency_links.txt
writing entry points to ../../../../build/aero_hand_open_rl/aero_hand_open_rl.egg-info/entry_points.txt
writing requirements to ../../../../build/aero_hand_open_rl/aero_hand_open_rl.egg-info/requires.txt
writing top-level names to ../../../../build/aero_hand_open_rl/aero_hand_open_rl.egg-info/top_level.txt
writing manifest file '../../../../build/aero_hand_open_rl/aero_hand_open_rl.egg-info/SOURCES.txt'
reading manifest file '../../../../build/aero_hand_open_rl/aero_hand_open_rl.egg-info/SOURCES.txt'
adding license file 'LICENSE'
writing manifest file '../../../../build/aero_hand_open_rl/aero_hand_open_rl.egg-info/SOURCES.txt'
running build
running build_py
creating /home/kkkk/bxi_arm_v2/build/aero_hand_open_rl/build/lib/aero_hand_open_rl
copying aero_hand_open_rl/rl_z_rotation_deploy.py -> /home/kkkk/bxi_arm_v2/build/aero_hand_open_rl/build/lib/aero_hand_open_rl
copying aero_hand_open_rl/__init__.py -> /home/kkkk/bxi_arm_v2/build/aero_hand_open_rl/build/lib/aero_hand_open_rl
creating /home/kkkk/bxi_arm_v2/build/aero_hand_open_rl/build/lib/aero_hand_open_rl/utils
copying aero_hand_open_rl/utils/sim_to_real_mappings.py -> /home/kkkk/bxi_arm_v2/build/aero_hand_open_rl/build/lib/aero_hand_open_rl/utils
copying aero_hand_open_rl/utils/__init__.py -> /home/kkkk/bxi_arm_v2/build/aero_hand_open_rl/build/lib/aero_hand_open_rl/utils
running install
running install_lib
creating /home/kkkk/bxi_arm_v2/install/aero_hand_open_rl/lib/python3.10/site-packages/aero_hand_open_rl
creating /home/kkkk/bxi_arm_v2/install/aero_hand_open_rl/lib/python3.10/site-packages/aero_hand_open_rl/utils
copying /home/kkkk/bxi_arm_v2/build/aero_hand_open_rl/build/lib/aero_hand_open_rl/utils/sim_to_real_mappings.py -> /home/kkkk/bxi_arm_v2/install/aero_hand_open_rl/lib/python3.10/site-packages/aero_hand_open_rl/utils
copying /home/kkkk/bxi_arm_v2/build/aero_hand_open_rl/build/lib/aero_hand_open_rl/utils/__init__.py -> /home/kkkk/bxi_arm_v2/install/aero_hand_open_rl/lib/python3.10/site-packages/aero_hand_open_rl/utils
copying /home/kkkk/bxi_arm_v2/build/aero_hand_open_rl/build/lib/aero_hand_open_rl/rl_z_rotation_deploy.py -> /home/kkkk/bxi_arm_v2/install/aero_hand_open_rl/lib/python3.10/site-packages/aero_hand_open_rl
copying /home/kkkk/bxi_arm_v2/build/aero_hand_open_rl/build/lib/aero_hand_open_rl/__init__.py -> /home/kkkk/bxi_arm_v2/install/aero_hand_open_rl/lib/python3.10/site-packages/aero_hand_open_rl
byte-compiling /home/kkkk/bxi_arm_v2/install/aero_hand_open_rl/lib/python3.10/site-packages/aero_hand_open_rl/utils/sim_to_real_mappings.py to sim_to_real_mappings.cpython-310.pyc
byte-compiling /home/kkkk/bxi_arm_v2/install/aero_hand_open_rl/lib/python3.10/site-packages/aero_hand_open_rl/utils/__init__.py to __init__.cpython-310.pyc
byte-compiling /home/kkkk/bxi_arm_v2/install/aero_hand_open_rl/lib/python3.10/site-packages/aero_hand_open_rl/rl_z_rotation_deploy.py to rl_z_rotation_deploy.cpython-310.pyc
byte-compiling /home/kkkk/bxi_arm_v2/install/aero_hand_open_rl/lib/python3.10/site-packages/aero_hand_open_rl/__init__.py to __init__.cpython-310.pyc
running install_data
creating /home/kkkk/bxi_arm_v2/install/aero_hand_open_rl/share/ament_index/resource_index/packages
copying resource/aero_hand_open_rl -> /home/kkkk/bxi_arm_v2/install/aero_hand_open_rl/share/ament_index/resource_index/packages
copying package.xml -> /home/kkkk/bxi_arm_v2/install/aero_hand_open_rl/share/aero_hand_open_rl
creating /home/kkkk/bxi_arm_v2/install/aero_hand_open_rl/lib/aero_hand_open_rl/aero_open_sdk
copying ../aero_open_sdk/__main__.py -> /home/kkkk/bxi_arm_v2/install/aero_hand_open_rl/lib/aero_hand_open_rl/aero_open_sdk
copying ../aero_open_sdk/aero_hand_constants.py -> /home/kkkk/bxi_arm_v2/install/aero_hand_open_rl/lib/aero_hand_open_rl/aero_open_sdk
copying ../aero_open_sdk/gui.py -> /home/kkkk/bxi_arm_v2/install/aero_hand_open_rl/lib/aero_hand_open_rl/aero_open_sdk
copying ../aero_open_sdk/joints_to_actuations.py -> /home/kkkk/bxi_arm_v2/install/aero_hand_open_rl/lib/aero_hand_open_rl/aero_open_sdk
copying ../aero_open_sdk/aero_hand.py -> /home/kkkk/bxi_arm_v2/install/aero_hand_open_rl/lib/aero_hand_open_rl/aero_open_sdk
copying ../aero_open_sdk/actuations_to_joints.py -> /home/kkkk/bxi_arm_v2/install/aero_hand_open_rl/lib/aero_hand_open_rl/aero_open_sdk
copying ../aero_open_sdk/__init__.py -> /home/kkkk/bxi_arm_v2/install/aero_hand_open_rl/lib/aero_hand_open_rl/aero_open_sdk
creating /home/kkkk/bxi_arm_v2/install/aero_hand_open_rl/lib/aero_hand_open_rl/aero_open_sdk/__pycache__
copying ../aero_open_sdk/__pycache__/aero_hand.cpython-310.pyc -> /home/kkkk/bxi_arm_v2/install/aero_hand_open_rl/lib/aero_hand_open_rl/aero_open_sdk/__pycache__
copying ../aero_open_sdk/__pycache__/actuations_to_joints.cpython-310.pyc -> /home/kkkk/bxi_arm_v2/install/aero_hand_open_rl/lib/aero_hand_open_rl/aero_open_sdk/__pycache__
copying ../aero_open_sdk/__pycache__/joints_to_actuations.cpython-310.pyc -> /home/kkkk/bxi_arm_v2/install/aero_hand_open_rl/lib/aero_hand_open_rl/aero_open_sdk/__pycache__
copying ../aero_open_sdk/__pycache__/__init__.cpython-310.pyc -> /home/kkkk/bxi_arm_v2/install/aero_hand_open_rl/lib/aero_hand_open_rl/aero_open_sdk/__pycache__
copying ../aero_open_sdk/__pycache__/aero_hand_constants.cpython-310.pyc -> /home/kkkk/bxi_arm_v2/install/aero_hand_open_rl/lib/aero_hand_open_rl/aero_open_sdk/__pycache__
running install_egg_info
Copying ../../../../build/aero_hand_open_rl/aero_hand_open_rl.egg-info to /home/kkkk/bxi_arm_v2/install/aero_hand_open_rl/lib/python3.10/site-packages/aero_hand_open_rl-0.0.0-py3.10.egg-info
running install_scripts
Installing rl_z_rotation_deploy script to /home/kkkk/bxi_arm_v2/install/aero_hand_open_rl/lib/aero_hand_open_rl
writing list of installed files to '/home/kkkk/bxi_arm_v2/build/aero_hand_open_rl/install.log'
