[0.648s] Invoking command in '/home/kkkk/bxi_arm_v2/src/aero-hand-open/src/aero_hand_open_rl': AMENT_PREFIX_PATH=/home/kkkk/bxi_arm_v2/install/aero_hand_open_msgs:${AMENT_PREFIX_PATH} CMAKE_PREFIX_PATH=/home/kkkk/bxi_arm_v2/install/aero_hand_open_msgs:${CMAKE_PREFIX_PATH} CONDA_PROMPT_MODIFIER=(ikpy) LD_LIBRARY_PATH=/home/kkkk/bxi_arm_v2/install/aero_hand_open_msgs/lib:${LD_LIBRARY_PATH} PYTHONPATH=/home/kkkk/bxi_arm_v2/build/aero_hand_open_rl/prefix_override:/home/kkkk/miniconda3/envs/ikpy/lib/python3.10/site-packages/colcon_core/task/python/colcon_distutils_commands:/home/kkkk/bxi_arm_v2/install/aero_hand_open_rl/lib/python3.10/site-packages:/home/kkkk/bxi_arm_v2/install/aero_hand_open_msgs/lib/python3.10/site-packages:${PYTHONPATH} /home/kkkk/miniconda3/envs/ikpy/bin/python3.10 -W ignore:setup.py install is deprecated -W ignore:easy_install command is deprecated setup.py egg_info --egg-base ../../../../build/aero_hand_open_rl build --build-base /home/kkkk/bxi_arm_v2/build/aero_hand_open_rl/build install --record /home/kkkk/bxi_arm_v2/build/aero_hand_open_rl/install.log --single-version-externally-managed install_data
[0.794s] /home/kkkk/miniconda3/envs/ikpy/lib/python3.10/site-packages/setuptools/_distutils/dist.py:289: UserWarning: Unknown distribution option: 'tests_require'
[0.794s]   warnings.warn(msg)
[0.852s] running egg_info
[0.861s] creating ../../../../build/aero_hand_open_rl/aero_hand_open_rl.egg-info
[0.861s] writing ../../../../build/aero_hand_open_rl/aero_hand_open_rl.egg-info/PKG-INFO
[0.861s] writing dependency_links to ../../../../build/aero_hand_open_rl/aero_hand_open_rl.egg-info/dependency_links.txt
[0.861s] writing entry points to ../../../../build/aero_hand_open_rl/aero_hand_open_rl.egg-info/entry_points.txt
[0.861s] writing requirements to ../../../../build/aero_hand_open_rl/aero_hand_open_rl.egg-info/requires.txt
[0.861s] writing top-level names to ../../../../build/aero_hand_open_rl/aero_hand_open_rl.egg-info/top_level.txt
[0.861s] writing manifest file '../../../../build/aero_hand_open_rl/aero_hand_open_rl.egg-info/SOURCES.txt'
[0.881s] reading manifest file '../../../../build/aero_hand_open_rl/aero_hand_open_rl.egg-info/SOURCES.txt'
[0.881s] adding license file 'LICENSE'
[0.882s] writing manifest file '../../../../build/aero_hand_open_rl/aero_hand_open_rl.egg-info/SOURCES.txt'
[0.882s] running build
[0.882s] running build_py
[0.882s] creating /home/kkkk/bxi_arm_v2/build/aero_hand_open_rl/build/lib/aero_hand_open_rl
[0.883s] copying aero_hand_open_rl/rl_z_rotation_deploy.py -> /home/kkkk/bxi_arm_v2/build/aero_hand_open_rl/build/lib/aero_hand_open_rl
[0.883s] copying aero_hand_open_rl/__init__.py -> /home/kkkk/bxi_arm_v2/build/aero_hand_open_rl/build/lib/aero_hand_open_rl
[0.883s] creating /home/kkkk/bxi_arm_v2/build/aero_hand_open_rl/build/lib/aero_hand_open_rl/utils
[0.883s] copying aero_hand_open_rl/utils/sim_to_real_mappings.py -> /home/kkkk/bxi_arm_v2/build/aero_hand_open_rl/build/lib/aero_hand_open_rl/utils
[0.883s] copying aero_hand_open_rl/utils/__init__.py -> /home/kkkk/bxi_arm_v2/build/aero_hand_open_rl/build/lib/aero_hand_open_rl/utils
[0.883s] running install
[0.886s] running install_lib
[0.896s] creating /home/kkkk/bxi_arm_v2/install/aero_hand_open_rl/lib/python3.10/site-packages/aero_hand_open_rl
[0.896s] creating /home/kkkk/bxi_arm_v2/install/aero_hand_open_rl/lib/python3.10/site-packages/aero_hand_open_rl/utils
[0.896s] copying /home/kkkk/bxi_arm_v2/build/aero_hand_open_rl/build/lib/aero_hand_open_rl/utils/sim_to_real_mappings.py -> /home/kkkk/bxi_arm_v2/install/aero_hand_open_rl/lib/python3.10/site-packages/aero_hand_open_rl/utils
[0.896s] copying /home/kkkk/bxi_arm_v2/build/aero_hand_open_rl/build/lib/aero_hand_open_rl/utils/__init__.py -> /home/kkkk/bxi_arm_v2/install/aero_hand_open_rl/lib/python3.10/site-packages/aero_hand_open_rl/utils
[0.896s] copying /home/kkkk/bxi_arm_v2/build/aero_hand_open_rl/build/lib/aero_hand_open_rl/rl_z_rotation_deploy.py -> /home/kkkk/bxi_arm_v2/install/aero_hand_open_rl/lib/python3.10/site-packages/aero_hand_open_rl
[0.896s] copying /home/kkkk/bxi_arm_v2/build/aero_hand_open_rl/build/lib/aero_hand_open_rl/__init__.py -> /home/kkkk/bxi_arm_v2/install/aero_hand_open_rl/lib/python3.10/site-packages/aero_hand_open_rl
[0.897s] byte-compiling /home/kkkk/bxi_arm_v2/install/aero_hand_open_rl/lib/python3.10/site-packages/aero_hand_open_rl/utils/sim_to_real_mappings.py to sim_to_real_mappings.cpython-310.pyc
[0.898s] byte-compiling /home/kkkk/bxi_arm_v2/install/aero_hand_open_rl/lib/python3.10/site-packages/aero_hand_open_rl/utils/__init__.py to __init__.cpython-310.pyc
[0.898s] byte-compiling /home/kkkk/bxi_arm_v2/install/aero_hand_open_rl/lib/python3.10/site-packages/aero_hand_open_rl/rl_z_rotation_deploy.py to rl_z_rotation_deploy.cpython-310.pyc
[0.899s] byte-compiling /home/kkkk/bxi_arm_v2/install/aero_hand_open_rl/lib/python3.10/site-packages/aero_hand_open_rl/__init__.py to __init__.cpython-310.pyc
[0.899s] running install_data
[0.899s] creating /home/kkkk/bxi_arm_v2/install/aero_hand_open_rl/share/ament_index/resource_index/packages
[0.899s] copying resource/aero_hand_open_rl -> /home/kkkk/bxi_arm_v2/install/aero_hand_open_rl/share/ament_index/resource_index/packages
[0.899s] copying package.xml -> /home/kkkk/bxi_arm_v2/install/aero_hand_open_rl/share/aero_hand_open_rl
[0.899s] creating /home/kkkk/bxi_arm_v2/install/aero_hand_open_rl/lib/aero_hand_open_rl/aero_open_sdk
[0.899s] copying ../aero_open_sdk/__main__.py -> /home/kkkk/bxi_arm_v2/install/aero_hand_open_rl/lib/aero_hand_open_rl/aero_open_sdk
[0.899s] copying ../aero_open_sdk/aero_hand_constants.py -> /home/kkkk/bxi_arm_v2/install/aero_hand_open_rl/lib/aero_hand_open_rl/aero_open_sdk
[0.900s] copying ../aero_open_sdk/gui.py -> /home/kkkk/bxi_arm_v2/install/aero_hand_open_rl/lib/aero_hand_open_rl/aero_open_sdk
[0.900s] copying ../aero_open_sdk/joints_to_actuations.py -> /home/kkkk/bxi_arm_v2/install/aero_hand_open_rl/lib/aero_hand_open_rl/aero_open_sdk
[0.900s] copying ../aero_open_sdk/aero_hand.py -> /home/kkkk/bxi_arm_v2/install/aero_hand_open_rl/lib/aero_hand_open_rl/aero_open_sdk
[0.900s] copying ../aero_open_sdk/actuations_to_joints.py -> /home/kkkk/bxi_arm_v2/install/aero_hand_open_rl/lib/aero_hand_open_rl/aero_open_sdk
[0.900s] copying ../aero_open_sdk/__init__.py -> /home/kkkk/bxi_arm_v2/install/aero_hand_open_rl/lib/aero_hand_open_rl/aero_open_sdk
[0.900s] creating /home/kkkk/bxi_arm_v2/install/aero_hand_open_rl/lib/aero_hand_open_rl/aero_open_sdk/__pycache__
[0.900s] copying ../aero_open_sdk/__pycache__/aero_hand.cpython-310.pyc -> /home/kkkk/bxi_arm_v2/install/aero_hand_open_rl/lib/aero_hand_open_rl/aero_open_sdk/__pycache__
[0.900s] copying ../aero_open_sdk/__pycache__/actuations_to_joints.cpython-310.pyc -> /home/kkkk/bxi_arm_v2/install/aero_hand_open_rl/lib/aero_hand_open_rl/aero_open_sdk/__pycache__
[0.900s] copying ../aero_open_sdk/__pycache__/joints_to_actuations.cpython-310.pyc -> /home/kkkk/bxi_arm_v2/install/aero_hand_open_rl/lib/aero_hand_open_rl/aero_open_sdk/__pycache__
[0.900s] copying ../aero_open_sdk/__pycache__/__init__.cpython-310.pyc -> /home/kkkk/bxi_arm_v2/install/aero_hand_open_rl/lib/aero_hand_open_rl/aero_open_sdk/__pycache__
[0.901s] copying ../aero_open_sdk/__pycache__/aero_hand_constants.cpython-310.pyc -> /home/kkkk/bxi_arm_v2/install/aero_hand_open_rl/lib/aero_hand_open_rl/aero_open_sdk/__pycache__
[0.901s] running install_egg_info
[0.911s] Copying ../../../../build/aero_hand_open_rl/aero_hand_open_rl.egg-info to /home/kkkk/bxi_arm_v2/install/aero_hand_open_rl/lib/python3.10/site-packages/aero_hand_open_rl-0.0.0-py3.10.egg-info
[0.911s] running install_scripts
[0.978s] Installing rl_z_rotation_deploy script to /home/kkkk/bxi_arm_v2/install/aero_hand_open_rl/lib/aero_hand_open_rl
[0.978s] writing list of installed files to '/home/kkkk/bxi_arm_v2/build/aero_hand_open_rl/install.log'
[1.002s] Invoked command in '/home/kkkk/bxi_arm_v2/src/aero-hand-open/src/aero_hand_open_rl' returned '0': AMENT_PREFIX_PATH=/home/kkkk/bxi_arm_v2/install/aero_hand_open_msgs:${AMENT_PREFIX_PATH} CMAKE_PREFIX_PATH=/home/kkkk/bxi_arm_v2/install/aero_hand_open_msgs:${CMAKE_PREFIX_PATH} CONDA_PROMPT_MODIFIER=(ikpy) LD_LIBRARY_PATH=/home/kkkk/bxi_arm_v2/install/aero_hand_open_msgs/lib:${LD_LIBRARY_PATH} PYTHONPATH=/home/kkkk/bxi_arm_v2/build/aero_hand_open_rl/prefix_override:/home/kkkk/miniconda3/envs/ikpy/lib/python3.10/site-packages/colcon_core/task/python/colcon_distutils_commands:/home/kkkk/bxi_arm_v2/install/aero_hand_open_rl/lib/python3.10/site-packages:/home/kkkk/bxi_arm_v2/install/aero_hand_open_msgs/lib/python3.10/site-packages:${PYTHONPATH} /home/kkkk/miniconda3/envs/ikpy/bin/python3.10 -W ignore:setup.py install is deprecated -W ignore:easy_install command is deprecated setup.py egg_info --egg-base ../../../../build/aero_hand_open_rl build --build-base /home/kkkk/bxi_arm_v2/build/aero_hand_open_rl/build install --record /home/kkkk/bxi_arm_v2/build/aero_hand_open_rl/install.log --single-version-externally-managed install_data
