-- The C compiler identification is GNU 11.4.0
-- The CXX compiler identification is GNU 11.4.0
-- Detecting C compiler ABI info
-- Detecting C compiler ABI info - done
-- Check for working C compiler: /usr/bin/cc - skipped
-- Detecting C compile features
-- Detecting C compile features - done
-- Detecting CXX compiler ABI info
-- Detecting CXX compiler ABI info - done
-- Check for working CXX compiler: /usr/bin/c++ - skipped
-- Detecting CXX compile features
-- Detecting CXX compile features - done
-- Found ament_cmake: 1.3.13 (/opt/ros/humble/share/ament_cmake/cmake)
-- Found Python3: /home/kkkk/miniconda3/envs/ikpy/bin/python3 (found version "3.10.12") found components: Interpreter 
-- Found rclcpp: 16.0.18 (/opt/ros/humble/share/rclcpp/cmake)
-- Found rosidl_generator_c: 3.1.8 (/opt/ros/humble/share/rosidl_generator_c/cmake)
-- Found rosidl_adapter: 3.1.8 (/opt/ros/humble/share/rosidl_adapter/cmake)
-- Found rosidl_generator_cpp: 3.1.8 (/opt/ros/humble/share/rosidl_generator_cpp/cmake)
-- Using all available rosidl_typesupport_c: rosidl_typesupport_fastrtps_c;rosidl_typesupport_introspection_c
-- Using all available rosidl_typesupport_cpp: rosidl_typesupport_fastrtps_cpp;rosidl_typesupport_introspection_cpp
-- Found rmw_implementation_cmake: 6.1.2 (/opt/ros/humble/share/rmw_implementation_cmake/cmake)
-- Found rmw_fastrtps_cpp: 6.2.10 (/opt/ros/humble/share/rmw_fastrtps_cpp/cmake)
-- Found OpenSSL: /usr/lib/x86_64-linux-gnu/libcrypto.so (found version "3.0.2")  
-- Found FastRTPS: /opt/ros/humble/include  
-- Using RMW implementation 'rmw_fastrtps_cpp' as default
-- Looking for pthread.h
-- Looking for pthread.h - found
-- Performing Test CMAKE_HAVE_LIBC_PTHREAD
-- Performing Test CMAKE_HAVE_LIBC_PTHREAD - Success
-- Found Threads: TRUE  
-- Found nav_msgs: 4.9.1 (/opt/ros/humble/share/nav_msgs/cmake)
-- Found sensor_msgs: 4.9.1 (/opt/ros/humble/share/sensor_msgs/cmake)
-- Found communication: 0.0.0 (/home/kkkk/bxi_ros2_pkg/share/communication/cmake)
-- Configuring done
-- Generating done
-- Build files have been written to: /home/kkkk/bxi_arm_v2/build/bxi_example
[ 66%] [32mBuilding CXX object CMakeFiles/bxi_example.dir/src/control/RobotController.cpp.o[0m
[ 66%] [32mBuilding CXX object CMakeFiles/bxi_example.dir/src/main.cpp.o[0m
[100%] [32m[1mLinking CXX executable bxi_example[0m
[100%] Built target bxi_example
-- Install configuration: "Release"
-- Installing: /home/kkkk/bxi_arm_v2/install/bxi_example/lib/bxi_example/bxi_example
-- Set runtime path of "/home/kkkk/bxi_arm_v2/install/bxi_example/lib/bxi_example/bxi_example" to ""
-- Installing: /home/kkkk/bxi_arm_v2/install/bxi_example/share/bxi_example/launch
-- Installing: /home/kkkk/bxi_arm_v2/install/bxi_example/share/bxi_example/launch/example_launch.py
-- Installing: /home/kkkk/bxi_arm_v2/install/bxi_example/share/bxi_example/launch/example_launch_hw.py
-- Installing: /home/kkkk/bxi_arm_v2/install/bxi_example/share/ament_index/resource_index/package_run_dependencies/bxi_example
-- Installing: /home/kkkk/bxi_arm_v2/install/bxi_example/share/ament_index/resource_index/parent_prefix_path/bxi_example
-- Installing: /home/kkkk/bxi_arm_v2/install/bxi_example/share/bxi_example/environment/ament_prefix_path.sh
-- Installing: /home/kkkk/bxi_arm_v2/install/bxi_example/share/bxi_example/environment/ament_prefix_path.dsv
-- Installing: /home/kkkk/bxi_arm_v2/install/bxi_example/share/bxi_example/environment/path.sh
-- Installing: /home/kkkk/bxi_arm_v2/install/bxi_example/share/bxi_example/environment/path.dsv
-- Installing: /home/kkkk/bxi_arm_v2/install/bxi_example/share/bxi_example/local_setup.bash
-- Installing: /home/kkkk/bxi_arm_v2/install/bxi_example/share/bxi_example/local_setup.sh
-- Installing: /home/kkkk/bxi_arm_v2/install/bxi_example/share/bxi_example/local_setup.zsh
-- Installing: /home/kkkk/bxi_arm_v2/install/bxi_example/share/bxi_example/local_setup.dsv
-- Installing: /home/kkkk/bxi_arm_v2/install/bxi_example/share/bxi_example/package.dsv
-- Installing: /home/kkkk/bxi_arm_v2/install/bxi_example/share/ament_index/resource_index/packages/bxi_example
-- Installing: /home/kkkk/bxi_arm_v2/install/bxi_example/share/bxi_example/cmake/bxi_exampleConfig.cmake
-- Installing: /home/kkkk/bxi_arm_v2/install/bxi_example/share/bxi_example/cmake/bxi_exampleConfig-version.cmake
-- Installing: /home/kkkk/bxi_arm_v2/install/bxi_example/share/bxi_example/package.xml
