[2.646s] Invoking command in '/home/kkkk/bxi_arm_v2/src/elf3_arm_ikpy_control_pico': CONDA_PROMPT_MODIFIER=(ikpy) PYTHONPATH=/home/kkkk/bxi_arm_v2/build/elf3_arm_ikpy_control_pico/prefix_override:/home/kkkk/miniconda3/envs/ikpy/lib/python3.10/site-packages/colcon_core/task/python/colcon_distutils_commands:/home/kkkk/bxi_arm_v2/install/elf3_arm_ikpy_control_pico/lib/python3.10/site-packages:${PYTHONPATH} /home/kkkk/miniconda3/envs/ikpy/bin/python3.10 -W ignore:setup.py install is deprecated -W ignore:easy_install command is deprecated setup.py egg_info --egg-base ../../build/elf3_arm_ikpy_control_pico build --build-base /home/kkkk/bxi_arm_v2/build/elf3_arm_ikpy_control_pico/build install --record /home/kkkk/bxi_arm_v2/build/elf3_arm_ikpy_control_pico/install.log --single-version-externally-managed install_data
[3.161s] running egg_info
[3.188s] creating ../../build/elf3_arm_ikpy_control_pico/elf3_arm_ikpy_control_pico.egg-info
[3.201s] writing ../../build/elf3_arm_ikpy_control_pico/elf3_arm_ikpy_control_pico.egg-info/PKG-INFO
[3.204s] writing dependency_links to ../../build/elf3_arm_ikpy_control_pico/elf3_arm_ikpy_control_pico.egg-info/dependency_links.txt
[3.205s] writing entry points to ../../build/elf3_arm_ikpy_control_pico/elf3_arm_ikpy_control_pico.egg-info/entry_points.txt
[3.205s] writing requirements to ../../build/elf3_arm_ikpy_control_pico/elf3_arm_ikpy_control_pico.egg-info/requires.txt
[3.205s] writing top-level names to ../../build/elf3_arm_ikpy_control_pico/elf3_arm_ikpy_control_pico.egg-info/top_level.txt
[3.206s] writing manifest file '../../build/elf3_arm_ikpy_control_pico/elf3_arm_ikpy_control_pico.egg-info/SOURCES.txt'
[3.284s] reading manifest file '../../build/elf3_arm_ikpy_control_pico/elf3_arm_ikpy_control_pico.egg-info/SOURCES.txt'
[3.284s] writing manifest file '../../build/elf3_arm_ikpy_control_pico/elf3_arm_ikpy_control_pico.egg-info/SOURCES.txt'
[3.288s] running build
[3.288s] running build_py
[3.288s] creating /home/kkkk/bxi_arm_v2/build/elf3_arm_ikpy_control_pico/build/lib/elf3_arm_ikpy_control_pico
[3.288s] copying elf3_arm_ikpy_control_pico/elf3_arm_ikpy_control_pico.py -> /home/kkkk/bxi_arm_v2/build/elf3_arm_ikpy_control_pico/build/lib/elf3_arm_ikpy_control_pico
[3.289s] copying elf3_arm_ikpy_control_pico/sphere_leastlq.py -> /home/kkkk/bxi_arm_v2/build/elf3_arm_ikpy_control_pico/build/lib/elf3_arm_ikpy_control_pico
[3.289s] copying elf3_arm_ikpy_control_pico/pico_hand.py -> /home/kkkk/bxi_arm_v2/build/elf3_arm_ikpy_control_pico/build/lib/elf3_arm_ikpy_control_pico
[3.289s] copying elf3_arm_ikpy_control_pico/__init__.py -> /home/kkkk/bxi_arm_v2/build/elf3_arm_ikpy_control_pico/build/lib/elf3_arm_ikpy_control_pico
[3.289s] copying elf3_arm_ikpy_control_pico/filter.py -> /home/kkkk/bxi_arm_v2/build/elf3_arm_ikpy_control_pico/build/lib/elf3_arm_ikpy_control_pico
[3.289s] running install
[3.299s] running install_lib
[3.322s] creating /home/kkkk/bxi_arm_v2/install/elf3_arm_ikpy_control_pico/lib/python3.10/site-packages/elf3_arm_ikpy_control_pico
[3.323s] copying /home/kkkk/bxi_arm_v2/build/elf3_arm_ikpy_control_pico/build/lib/elf3_arm_ikpy_control_pico/elf3_arm_ikpy_control_pico.py -> /home/kkkk/bxi_arm_v2/install/elf3_arm_ikpy_control_pico/lib/python3.10/site-packages/elf3_arm_ikpy_control_pico
[3.323s] copying /home/kkkk/bxi_arm_v2/build/elf3_arm_ikpy_control_pico/build/lib/elf3_arm_ikpy_control_pico/sphere_leastlq.py -> /home/kkkk/bxi_arm_v2/install/elf3_arm_ikpy_control_pico/lib/python3.10/site-packages/elf3_arm_ikpy_control_pico
[3.323s] copying /home/kkkk/bxi_arm_v2/build/elf3_arm_ikpy_control_pico/build/lib/elf3_arm_ikpy_control_pico/pico_hand.py -> /home/kkkk/bxi_arm_v2/install/elf3_arm_ikpy_control_pico/lib/python3.10/site-packages/elf3_arm_ikpy_control_pico
[3.323s] copying /home/kkkk/bxi_arm_v2/build/elf3_arm_ikpy_control_pico/build/lib/elf3_arm_ikpy_control_pico/__init__.py -> /home/kkkk/bxi_arm_v2/install/elf3_arm_ikpy_control_pico/lib/python3.10/site-packages/elf3_arm_ikpy_control_pico
[3.324s] copying /home/kkkk/bxi_arm_v2/build/elf3_arm_ikpy_control_pico/build/lib/elf3_arm_ikpy_control_pico/filter.py -> /home/kkkk/bxi_arm_v2/install/elf3_arm_ikpy_control_pico/lib/python3.10/site-packages/elf3_arm_ikpy_control_pico
[3.324s] byte-compiling /home/kkkk/bxi_arm_v2/install/elf3_arm_ikpy_control_pico/lib/python3.10/site-packages/elf3_arm_ikpy_control_pico/elf3_arm_ikpy_control_pico.py to elf3_arm_ikpy_control_pico.cpython-310.pyc
[3.327s] byte-compiling /home/kkkk/bxi_arm_v2/install/elf3_arm_ikpy_control_pico/lib/python3.10/site-packages/elf3_arm_ikpy_control_pico/sphere_leastlq.py to sphere_leastlq.cpython-310.pyc
[3.329s] byte-compiling /home/kkkk/bxi_arm_v2/install/elf3_arm_ikpy_control_pico/lib/python3.10/site-packages/elf3_arm_ikpy_control_pico/pico_hand.py to pico_hand.cpython-310.pyc
[3.330s] byte-compiling /home/kkkk/bxi_arm_v2/install/elf3_arm_ikpy_control_pico/lib/python3.10/site-packages/elf3_arm_ikpy_control_pico/__init__.py to __init__.cpython-310.pyc
[3.331s] byte-compiling /home/kkkk/bxi_arm_v2/install/elf3_arm_ikpy_control_pico/lib/python3.10/site-packages/elf3_arm_ikpy_control_pico/filter.py to filter.cpython-310.pyc
[3.334s] running install_data
[3.334s] creating /home/kkkk/bxi_arm_v2/install/elf3_arm_ikpy_control_pico/share/ament_index/resource_index/packages
[3.335s] copying resource/elf3_arm_ikpy_control_pico -> /home/kkkk/bxi_arm_v2/install/elf3_arm_ikpy_control_pico/share/ament_index/resource_index/packages
[3.335s] copying package.xml -> /home/kkkk/bxi_arm_v2/install/elf3_arm_ikpy_control_pico/share/elf3_arm_ikpy_control_pico
[3.336s] creating /home/kkkk/bxi_arm_v2/install/elf3_arm_ikpy_control_pico/lib/elf3_arm_ikpy_control_pico
[3.336s] copying elf3_arm_ikpy_control_pico/sphere_leastlq.py -> /home/kkkk/bxi_arm_v2/install/elf3_arm_ikpy_control_pico/lib/elf3_arm_ikpy_control_pico
[3.337s] copying elf3_arm_ikpy_control_pico/filter.py -> /home/kkkk/bxi_arm_v2/install/elf3_arm_ikpy_control_pico/lib/elf3_arm_ikpy_control_pico
[3.338s] copying elf3_arm_ikpy_control_pico/pico_hand.py -> /home/kkkk/bxi_arm_v2/install/elf3_arm_ikpy_control_pico/lib/elf3_arm_ikpy_control_pico
[3.339s] running install_egg_info
[3.359s] Copying ../../build/elf3_arm_ikpy_control_pico/elf3_arm_ikpy_control_pico.egg-info to /home/kkkk/bxi_arm_v2/install/elf3_arm_ikpy_control_pico/lib/python3.10/site-packages/elf3_arm_ikpy_control_pico-0.0.0-py3.10.egg-info
[3.360s] running install_scripts
[3.488s] Installing elf3_arm_ikpy_control_pico script to /home/kkkk/bxi_arm_v2/install/elf3_arm_ikpy_control_pico/lib/elf3_arm_ikpy_control_pico
[3.489s] writing list of installed files to '/home/kkkk/bxi_arm_v2/build/elf3_arm_ikpy_control_pico/install.log'
[3.658s] Invoked command in '/home/kkkk/bxi_arm_v2/src/elf3_arm_ikpy_control_pico' returned '0': CONDA_PROMPT_MODIFIER=(ikpy) PYTHONPATH=/home/kkkk/bxi_arm_v2/build/elf3_arm_ikpy_control_pico/prefix_override:/home/kkkk/miniconda3/envs/ikpy/lib/python3.10/site-packages/colcon_core/task/python/colcon_distutils_commands:/home/kkkk/bxi_arm_v2/install/elf3_arm_ikpy_control_pico/lib/python3.10/site-packages:${PYTHONPATH} /home/kkkk/miniconda3/envs/ikpy/bin/python3.10 -W ignore:setup.py install is deprecated -W ignore:easy_install command is deprecated setup.py egg_info --egg-base ../../build/elf3_arm_ikpy_control_pico build --build-base /home/kkkk/bxi_arm_v2/build/elf3_arm_ikpy_control_pico/build install --record /home/kkkk/bxi_arm_v2/build/elf3_arm_ikpy_control_pico/install.log --single-version-externally-managed install_data
