[2.567s] Invoking command in '/home/kkkk/bxi_arm_v2/src/bxi_rl_controller_ros2_example/src/bxi_example_py_armrc': CONDA_PROMPT_MODIFIER=(ikpy) PYTHONPATH=/home/kkkk/bxi_arm_v2/build/bxi_example_py_armrc/prefix_override:/home/kkkk/miniconda3/envs/ikpy/lib/python3.10/site-packages/colcon_core/task/python/colcon_distutils_commands:/home/kkkk/bxi_arm_v2/install/bxi_example_py_armrc/lib/python3.10/site-packages:${PYTHONPATH} /home/kkkk/miniconda3/envs/ikpy/bin/python3.10 -W ignore:setup.py install is deprecated -W ignore:easy_install command is deprecated setup.py egg_info --egg-base ../../../../build/bxi_example_py_armrc build --build-base /home/kkkk/bxi_arm_v2/build/bxi_example_py_armrc/build install --record /home/kkkk/bxi_arm_v2/build/bxi_example_py_armrc/install.log --single-version-externally-managed install_data
[2.776s] /home/kkkk/miniconda3/envs/ikpy/lib/python3.10/site-packages/setuptools/_distutils/dist.py:289: UserWarning: Unknown distribution option: 'tests_require'
[2.776s]   warnings.warn(msg)
[2.942s] running egg_info
[2.962s] writing ../../../../build/bxi_example_py_armrc/bxi_example_py_armrc.egg-info/PKG-INFO
[2.963s] writing dependency_links to ../../../../build/bxi_example_py_armrc/bxi_example_py_armrc.egg-info/dependency_links.txt
[2.963s] writing entry points to ../../../../build/bxi_example_py_armrc/bxi_example_py_armrc.egg-info/entry_points.txt
[2.963s] writing requirements to ../../../../build/bxi_example_py_armrc/bxi_example_py_armrc.egg-info/requires.txt
[2.963s] writing top-level names to ../../../../build/bxi_example_py_armrc/bxi_example_py_armrc.egg-info/top_level.txt
[3.007s] reading manifest file '../../../../build/bxi_example_py_armrc/bxi_example_py_armrc.egg-info/SOURCES.txt'
[3.008s] writing manifest file '../../../../build/bxi_example_py_armrc/bxi_example_py_armrc.egg-info/SOURCES.txt'
[3.009s] running build
[3.009s] running build_py
[3.009s] running install
[3.014s] running install_lib
[3.036s] running install_data
[3.037s] running install_egg_info
[3.061s] removing '/home/kkkk/bxi_arm_v2/install/bxi_example_py_armrc/lib/python3.10/site-packages/bxi_example_py_armrc-0.0.0-py3.10.egg-info' (and everything under it)
[3.062s] Copying ../../../../build/bxi_example_py_armrc/bxi_example_py_armrc.egg-info to /home/kkkk/bxi_arm_v2/install/bxi_example_py_armrc/lib/python3.10/site-packages/bxi_example_py_armrc-0.0.0-py3.10.egg-info
[3.063s] running install_scripts
[3.205s] Installing bxi_example_py_armrc script to /home/kkkk/bxi_arm_v2/install/bxi_example_py_armrc/lib/bxi_example_py_armrc
[3.205s] writing list of installed files to '/home/kkkk/bxi_arm_v2/build/bxi_example_py_armrc/install.log'
[3.239s] Invoked command in '/home/kkkk/bxi_arm_v2/src/bxi_rl_controller_ros2_example/src/bxi_example_py_armrc' returned '0': CONDA_PROMPT_MODIFIER=(ikpy) PYTHONPATH=/home/kkkk/bxi_arm_v2/build/bxi_example_py_armrc/prefix_override:/home/kkkk/miniconda3/envs/ikpy/lib/python3.10/site-packages/colcon_core/task/python/colcon_distutils_commands:/home/kkkk/bxi_arm_v2/install/bxi_example_py_armrc/lib/python3.10/site-packages:${PYTHONPATH} /home/kkkk/miniconda3/envs/ikpy/bin/python3.10 -W ignore:setup.py install is deprecated -W ignore:easy_install command is deprecated setup.py egg_info --egg-base ../../../../build/bxi_example_py_armrc build --build-base /home/kkkk/bxi_arm_v2/build/bxi_example_py_armrc/build install --record /home/kkkk/bxi_arm_v2/build/bxi_example_py_armrc/install.log --single-version-externally-managed install_data
