/home/kkkk/miniconda3/envs/ikpy/lib/python3.10/site-packages/setuptools/_distutils/dist.py:289: UserWarning: Unknown distribution option: 'tests_require'
  warnings.warn(msg)
running egg_info
creating ../../../../build/bxi_example_py_arm/bxi_example_py_arm.egg-info
writing ../../../../build/bxi_example_py_arm/bxi_example_py_arm.egg-info/PKG-INFO
writing dependency_links to ../../../../build/bxi_example_py_arm/bxi_example_py_arm.egg-info/dependency_links.txt
writing entry points to ../../../../build/bxi_example_py_arm/bxi_example_py_arm.egg-info/entry_points.txt
writing requirements to ../../../../build/bxi_example_py_arm/bxi_example_py_arm.egg-info/requires.txt
writing top-level names to ../../../../build/bxi_example_py_arm/bxi_example_py_arm.egg-info/top_level.txt
writing manifest file '../../../../build/bxi_example_py_arm/bxi_example_py_arm.egg-info/SOURCES.txt'
reading manifest file '../../../../build/bxi_example_py_arm/bxi_example_py_arm.egg-info/SOURCES.txt'
writing manifest file '../../../../build/bxi_example_py_arm/bxi_example_py_arm.egg-info/SOURCES.txt'
running build
running build_py
creating /home/kkkk/bxi_arm_v2/build/bxi_example_py_arm/build/lib/bxi_example_py_arm
copying bxi_example_py_arm/bxi_example.py -> /home/kkkk/bxi_arm_v2/build/bxi_example_py_arm/build/lib/bxi_example_py_arm
copying bxi_example_py_arm/__init__.py -> /home/kkkk/bxi_arm_v2/build/bxi_example_py_arm/build/lib/bxi_example_py_arm
running install
running install_lib
creating /home/kkkk/bxi_arm_v2/install/bxi_example_py_arm/lib/python3.10/site-packages/bxi_example_py_arm
copying /home/kkkk/bxi_arm_v2/build/bxi_example_py_arm/build/lib/bxi_example_py_arm/bxi_example.py -> /home/kkkk/bxi_arm_v2/install/bxi_example_py_arm/lib/python3.10/site-packages/bxi_example_py_arm
copying /home/kkkk/bxi_arm_v2/build/bxi_example_py_arm/build/lib/bxi_example_py_arm/__init__.py -> /home/kkkk/bxi_arm_v2/install/bxi_example_py_arm/lib/python3.10/site-packages/bxi_example_py_arm
byte-compiling /home/kkkk/bxi_arm_v2/install/bxi_example_py_arm/lib/python3.10/site-packages/bxi_example_py_arm/bxi_example.py to bxi_example.cpython-310.pyc
byte-compiling /home/kkkk/bxi_arm_v2/install/bxi_example_py_arm/lib/python3.10/site-packages/bxi_example_py_arm/__init__.py to __init__.cpython-310.pyc
running install_data
creating /home/kkkk/bxi_arm_v2/install/bxi_example_py_arm/share/ament_index/resource_index/packages
copying resource/bxi_example_py_arm -> /home/kkkk/bxi_arm_v2/install/bxi_example_py_arm/share/ament_index/resource_index/packages
copying package.xml -> /home/kkkk/bxi_arm_v2/install/bxi_example_py_arm/share/bxi_example_py_arm
creating /home/kkkk/bxi_arm_v2/install/bxi_example_py_arm/share/bxi_example_py_arm/launch
copying launch/example_launch.py -> /home/kkkk/bxi_arm_v2/install/bxi_example_py_arm/share/bxi_example_py_arm/launch
copying launch/example_launch_hw.py -> /home/kkkk/bxi_arm_v2/install/bxi_example_py_arm/share/bxi_example_py_arm/launch
running install_egg_info
Copying ../../../../build/bxi_example_py_arm/bxi_example_py_arm.egg-info to /home/kkkk/bxi_arm_v2/install/bxi_example_py_arm/lib/python3.10/site-packages/bxi_example_py_arm-0.0.0-py3.10.egg-info
running install_scripts
Installing bxi_example_py_arm script to /home/kkkk/bxi_arm_v2/install/bxi_example_py_arm/lib/bxi_example_py_arm
writing list of installed files to '/home/kkkk/bxi_arm_v2/build/bxi_example_py_arm/install.log'
