[2.579s] Invoking command in '/home/kkkk/bxi_arm_v2/src/bxi_rl_controller_ros2_example/src/bxi_example_py_arm': CONDA_PROMPT_MODIFIER=(ikpy) PYTHONPATH=/home/kkkk/bxi_arm_v2/build/bxi_example_py_arm/prefix_override:/home/kkkk/miniconda3/envs/ikpy/lib/python3.10/site-packages/colcon_core/task/python/colcon_distutils_commands:/home/kkkk/bxi_arm_v2/install/bxi_example_py_arm/lib/python3.10/site-packages:${PYTHONPATH} /home/kkkk/miniconda3/envs/ikpy/bin/python3.10 -W ignore:setup.py install is deprecated -W ignore:easy_install command is deprecated setup.py egg_info --egg-base ../../../../build/bxi_example_py_arm build --build-base /home/kkkk/bxi_arm_v2/build/bxi_example_py_arm/build install --record /home/kkkk/bxi_arm_v2/build/bxi_example_py_arm/install.log --single-version-externally-managed install_data
[2.831s] /home/kkkk/miniconda3/envs/ikpy/lib/python3.10/site-packages/setuptools/_distutils/dist.py:289: UserWarning: Unknown distribution option: 'tests_require'
[2.831s]   warnings.warn(msg)
[3.005s] running egg_info
[3.022s] creating ../../../../build/bxi_example_py_arm/bxi_example_py_arm.egg-info
[3.022s] writing ../../../../build/bxi_example_py_arm/bxi_example_py_arm.egg-info/PKG-INFO
[3.022s] writing dependency_links to ../../../../build/bxi_example_py_arm/bxi_example_py_arm.egg-info/dependency_links.txt
[3.023s] writing entry points to ../../../../build/bxi_example_py_arm/bxi_example_py_arm.egg-info/entry_points.txt
[3.023s] writing requirements to ../../../../build/bxi_example_py_arm/bxi_example_py_arm.egg-info/requires.txt
[3.023s] writing top-level names to ../../../../build/bxi_example_py_arm/bxi_example_py_arm.egg-info/top_level.txt
[3.023s] writing manifest file '../../../../build/bxi_example_py_arm/bxi_example_py_arm.egg-info/SOURCES.txt'
[3.057s] reading manifest file '../../../../build/bxi_example_py_arm/bxi_example_py_arm.egg-info/SOURCES.txt'
[3.058s] writing manifest file '../../../../build/bxi_example_py_arm/bxi_example_py_arm.egg-info/SOURCES.txt'
[3.058s] running build
[3.058s] running build_py
[3.058s] creating /home/kkkk/bxi_arm_v2/build/bxi_example_py_arm/build/lib/bxi_example_py_arm
[3.062s] copying bxi_example_py_arm/bxi_example.py -> /home/kkkk/bxi_arm_v2/build/bxi_example_py_arm/build/lib/bxi_example_py_arm
[3.062s] copying bxi_example_py_arm/__init__.py -> /home/kkkk/bxi_arm_v2/build/bxi_example_py_arm/build/lib/bxi_example_py_arm
[3.062s] running install
[3.071s] running install_lib
[3.103s] creating /home/kkkk/bxi_arm_v2/install/bxi_example_py_arm/lib/python3.10/site-packages/bxi_example_py_arm
[3.103s] copying /home/kkkk/bxi_arm_v2/build/bxi_example_py_arm/build/lib/bxi_example_py_arm/bxi_example.py -> /home/kkkk/bxi_arm_v2/install/bxi_example_py_arm/lib/python3.10/site-packages/bxi_example_py_arm
[3.103s] copying /home/kkkk/bxi_arm_v2/build/bxi_example_py_arm/build/lib/bxi_example_py_arm/__init__.py -> /home/kkkk/bxi_arm_v2/install/bxi_example_py_arm/lib/python3.10/site-packages/bxi_example_py_arm
[3.105s] byte-compiling /home/kkkk/bxi_arm_v2/install/bxi_example_py_arm/lib/python3.10/site-packages/bxi_example_py_arm/bxi_example.py to bxi_example.cpython-310.pyc
[3.106s] byte-compiling /home/kkkk/bxi_arm_v2/install/bxi_example_py_arm/lib/python3.10/site-packages/bxi_example_py_arm/__init__.py to __init__.cpython-310.pyc
[3.107s] running install_data
[3.108s] creating /home/kkkk/bxi_arm_v2/install/bxi_example_py_arm/share/ament_index/resource_index/packages
[3.108s] copying resource/bxi_example_py_arm -> /home/kkkk/bxi_arm_v2/install/bxi_example_py_arm/share/ament_index/resource_index/packages
[3.108s] copying package.xml -> /home/kkkk/bxi_arm_v2/install/bxi_example_py_arm/share/bxi_example_py_arm
[3.108s] creating /home/kkkk/bxi_arm_v2/install/bxi_example_py_arm/share/bxi_example_py_arm/launch
[3.108s] copying launch/example_launch.py -> /home/kkkk/bxi_arm_v2/install/bxi_example_py_arm/share/bxi_example_py_arm/launch
[3.108s] copying launch/example_launch_hw.py -> /home/kkkk/bxi_arm_v2/install/bxi_example_py_arm/share/bxi_example_py_arm/launch
[3.108s] running install_egg_info
[3.128s] Copying ../../../../build/bxi_example_py_arm/bxi_example_py_arm.egg-info to /home/kkkk/bxi_arm_v2/install/bxi_example_py_arm/lib/python3.10/site-packages/bxi_example_py_arm-0.0.0-py3.10.egg-info
[3.130s] running install_scripts
[3.269s] Installing bxi_example_py_arm script to /home/kkkk/bxi_arm_v2/install/bxi_example_py_arm/lib/bxi_example_py_arm
[3.269s] writing list of installed files to '/home/kkkk/bxi_arm_v2/build/bxi_example_py_arm/install.log'
[3.402s] Invoked command in '/home/kkkk/bxi_arm_v2/src/bxi_rl_controller_ros2_example/src/bxi_example_py_arm' returned '0': CONDA_PROMPT_MODIFIER=(ikpy) PYTHONPATH=/home/kkkk/bxi_arm_v2/build/bxi_example_py_arm/prefix_override:/home/kkkk/miniconda3/envs/ikpy/lib/python3.10/site-packages/colcon_core/task/python/colcon_distutils_commands:/home/kkkk/bxi_arm_v2/install/bxi_example_py_arm/lib/python3.10/site-packages:${PYTHONPATH} /home/kkkk/miniconda3/envs/ikpy/bin/python3.10 -W ignore:setup.py install is deprecated -W ignore:easy_install command is deprecated setup.py egg_info --egg-base ../../../../build/bxi_example_py_arm build --build-base /home/kkkk/bxi_arm_v2/build/bxi_example_py_arm/build install --record /home/kkkk/bxi_arm_v2/build/bxi_example_py_arm/install.log --single-version-externally-managed install_data
