[0.070s] Invoking command in '/home/kkkk/bxi_arm_v2/build/remote_controller': CMAKE_PREFIX_PATH=${CMAKE_PREFIX_PATH}:/home/kkkk/bxi_arm_v2/install/hand_control:/home/kkkk/bxi_arm_v2/install/fake_trigger:/home/kkkk/bxi_arm_v2/install/elf3_arm_ikpy_control_pico:/home/kkkk/bxi_arm_v2/install/elf3_arm_bringup:/home/kkkk/bxi_arm_v2/install/bxi_example_py_trunk_neck:/home/kkkk/bxi_arm_v2/install/bxi_example_py_trunk:/home/kkkk/bxi_arm_v2/install/bxi_example_py_foot:/home/kkkk/bxi_arm_v2/install/bxi_example_py_elf3:/home/kkkk/bxi_arm_v2/install/bxi_example_py_armrc:/home/kkkk/bxi_arm_v2/install/bxi_example_py_arm:/home/kkkk/bxi_arm_v2/install/bxi_example_py_ankle:/home/kkkk/bxi_arm_v2/install/bxi_example_py:/home/kkkk/bxi_arm_v2/install/aero_hand_open_teleop:/home/kkkk/bxi_arm_v2/install/aero_hand_open_rl:/home/kkkk/bxi_arm_v2/install/aero_hand_open:/home/kkkk/bxi_arm_v2/install/aero_hand_open_description:/home/kkkk/moveit2/install/moveit_configs_utils:/home/kkkk/moveit2/install/launch_param_builder:/opt/ros/humble CONDA_PROMPT_MODIFIER=(ikpy) /usr/bin/cmake --build /home/kkkk/bxi_arm_v2/build/remote_controller -- -j16 -l16
[0.133s] [35m[1mConsolidate compiler generated dependencies of target remote_controller[0m
[0.159s] [100%] Built target remote_controller
[0.334s] Invoked command in '/home/kkkk/bxi_arm_v2/build/remote_controller' returned '0': CMAKE_PREFIX_PATH=${CMAKE_PREFIX_PATH}:/home/kkkk/bxi_arm_v2/install/hand_control:/home/kkkk/bxi_arm_v2/install/fake_trigger:/home/kkkk/bxi_arm_v2/install/elf3_arm_ikpy_control_pico:/home/kkkk/bxi_arm_v2/install/elf3_arm_bringup:/home/kkkk/bxi_arm_v2/install/bxi_example_py_trunk_neck:/home/kkkk/bxi_arm_v2/install/bxi_example_py_trunk:/home/kkkk/bxi_arm_v2/install/bxi_example_py_foot:/home/kkkk/bxi_arm_v2/install/bxi_example_py_elf3:/home/kkkk/bxi_arm_v2/install/bxi_example_py_armrc:/home/kkkk/bxi_arm_v2/install/bxi_example_py_arm:/home/kkkk/bxi_arm_v2/install/bxi_example_py_ankle:/home/kkkk/bxi_arm_v2/install/bxi_example_py:/home/kkkk/bxi_arm_v2/install/aero_hand_open_teleop:/home/kkkk/bxi_arm_v2/install/aero_hand_open_rl:/home/kkkk/bxi_arm_v2/install/aero_hand_open:/home/kkkk/bxi_arm_v2/install/aero_hand_open_description:/home/kkkk/moveit2/install/moveit_configs_utils:/home/kkkk/moveit2/install/launch_param_builder:/opt/ros/humble CONDA_PROMPT_MODIFIER=(ikpy) /usr/bin/cmake --build /home/kkkk/bxi_arm_v2/build/remote_controller -- -j16 -l16
[0.336s] Invoking command in '/home/kkkk/bxi_arm_v2/build/remote_controller': CMAKE_PREFIX_PATH=${CMAKE_PREFIX_PATH}:/home/kkkk/bxi_arm_v2/install/hand_control:/home/kkkk/bxi_arm_v2/install/fake_trigger:/home/kkkk/bxi_arm_v2/install/elf3_arm_ikpy_control_pico:/home/kkkk/bxi_arm_v2/install/elf3_arm_bringup:/home/kkkk/bxi_arm_v2/install/bxi_example_py_trunk_neck:/home/kkkk/bxi_arm_v2/install/bxi_example_py_trunk:/home/kkkk/bxi_arm_v2/install/bxi_example_py_foot:/home/kkkk/bxi_arm_v2/install/bxi_example_py_elf3:/home/kkkk/bxi_arm_v2/install/bxi_example_py_armrc:/home/kkkk/bxi_arm_v2/install/bxi_example_py_arm:/home/kkkk/bxi_arm_v2/install/bxi_example_py_ankle:/home/kkkk/bxi_arm_v2/install/bxi_example_py:/home/kkkk/bxi_arm_v2/install/aero_hand_open_teleop:/home/kkkk/bxi_arm_v2/install/aero_hand_open_rl:/home/kkkk/bxi_arm_v2/install/aero_hand_open:/home/kkkk/bxi_arm_v2/install/aero_hand_open_description:/home/kkkk/moveit2/install/moveit_configs_utils:/home/kkkk/moveit2/install/launch_param_builder:/opt/ros/humble CONDA_PROMPT_MODIFIER=(ikpy) /usr/bin/cmake --install /home/kkkk/bxi_arm_v2/build/remote_controller
[0.348s] -- Install configuration: "Release"
[0.348s] -- Up-to-date: /home/kkkk/bxi_arm_v2/install/remote_controller/lib/remote_controller/remote_controller
[0.348s] -- Up-to-date: /home/kkkk/bxi_arm_v2/install/remote_controller/share/remote_controller/launch
[0.348s] -- Up-to-date: /home/kkkk/bxi_arm_v2/install/remote_controller/share/remote_controller/launch/remote_conroller_launch.py
[0.348s] -- Up-to-date: /home/kkkk/bxi_arm_v2/install/remote_controller/share/ament_index/resource_index/package_run_dependencies/remote_controller
[0.348s] -- Up-to-date: /home/kkkk/bxi_arm_v2/install/remote_controller/share/ament_index/resource_index/parent_prefix_path/remote_controller
[0.348s] -- Up-to-date: /home/kkkk/bxi_arm_v2/install/remote_controller/share/remote_controller/environment/ament_prefix_path.sh
[0.348s] -- Up-to-date: /home/kkkk/bxi_arm_v2/install/remote_controller/share/remote_controller/environment/ament_prefix_path.dsv
[0.348s] -- Up-to-date: /home/kkkk/bxi_arm_v2/install/remote_controller/share/remote_controller/environment/path.sh
[0.348s] -- Up-to-date: /home/kkkk/bxi_arm_v2/install/remote_controller/share/remote_controller/environment/path.dsv
[0.348s] -- Up-to-date: /home/kkkk/bxi_arm_v2/install/remote_controller/share/remote_controller/local_setup.bash
[0.348s] -- Up-to-date: /home/kkkk/bxi_arm_v2/install/remote_controller/share/remote_controller/local_setup.sh
[0.349s] -- Up-to-date: /home/kkkk/bxi_arm_v2/install/remote_controller/share/remote_controller/local_setup.zsh
[0.349s] -- Up-to-date: /home/kkkk/bxi_arm_v2/install/remote_controller/share/remote_controller/local_setup.dsv
[0.349s] -- Installing: /home/kkkk/bxi_arm_v2/install/remote_controller/share/remote_controller/package.dsv
[0.349s] -- Up-to-date: /home/kkkk/bxi_arm_v2/install/remote_controller/share/ament_index/resource_index/packages/remote_controller
[0.349s] -- Up-to-date: /home/kkkk/bxi_arm_v2/install/remote_controller/share/remote_controller/cmake/remote_controllerConfig.cmake
[0.349s] -- Up-to-date: /home/kkkk/bxi_arm_v2/install/remote_controller/share/remote_controller/cmake/remote_controllerConfig-version.cmake
[0.349s] -- Up-to-date: /home/kkkk/bxi_arm_v2/install/remote_controller/share/remote_controller/package.xml
[0.355s] Invoked command in '/home/kkkk/bxi_arm_v2/build/remote_controller' returned '0': CMAKE_PREFIX_PATH=${CMAKE_PREFIX_PATH}:/home/kkkk/bxi_arm_v2/install/hand_control:/home/kkkk/bxi_arm_v2/install/fake_trigger:/home/kkkk/bxi_arm_v2/install/elf3_arm_ikpy_control_pico:/home/kkkk/bxi_arm_v2/install/elf3_arm_bringup:/home/kkkk/bxi_arm_v2/install/bxi_example_py_trunk_neck:/home/kkkk/bxi_arm_v2/install/bxi_example_py_trunk:/home/kkkk/bxi_arm_v2/install/bxi_example_py_foot:/home/kkkk/bxi_arm_v2/install/bxi_example_py_elf3:/home/kkkk/bxi_arm_v2/install/bxi_example_py_armrc:/home/kkkk/bxi_arm_v2/install/bxi_example_py_arm:/home/kkkk/bxi_arm_v2/install/bxi_example_py_ankle:/home/kkkk/bxi_arm_v2/install/bxi_example_py:/home/kkkk/bxi_arm_v2/install/aero_hand_open_teleop:/home/kkkk/bxi_arm_v2/install/aero_hand_open_rl:/home/kkkk/bxi_arm_v2/install/aero_hand_open:/home/kkkk/bxi_arm_v2/install/aero_hand_open_description:/home/kkkk/moveit2/install/moveit_configs_utils:/home/kkkk/moveit2/install/launch_param_builder:/opt/ros/humble CONDA_PROMPT_MODIFIER=(ikpy) /usr/bin/cmake --install /home/kkkk/bxi_arm_v2/build/remote_controller
