running egg_info
writing ../../build/fake_trigger/fake_trigger.egg-info/PKG-INFO
writing dependency_links to ../../build/fake_trigger/fake_trigger.egg-info/dependency_links.txt
writing entry points to ../../build/fake_trigger/fake_trigger.egg-info/entry_points.txt
writing requirements to ../../build/fake_trigger/fake_trigger.egg-info/requires.txt
writing top-level names to ../../build/fake_trigger/fake_trigger.egg-info/top_level.txt
reading manifest file '../../build/fake_trigger/fake_trigger.egg-info/SOURCES.txt'
writing manifest file '../../build/fake_trigger/fake_trigger.egg-info/SOURCES.txt'
running build
running build_py
copying fake_trigger/fake_trigger.py -> /home/kkkk/bxi_arm_v2/build/fake_trigger/build/lib/fake_trigger
copying fake_trigger/__init__.py -> /home/kkkk/bxi_arm_v2/build/fake_trigger/build/lib/fake_trigger
running install
running install_lib
running install_data
copying resource/fake_trigger -> /home/kkkk/bxi_arm_v2/install/fake_trigger/share/ament_index/resource_index/packages
copying package.xml -> /home/kkkk/bxi_arm_v2/install/fake_trigger/share/fake_trigger
running install_egg_info
removing '/home/kkkk/bxi_arm_v2/install/fake_trigger/lib/python3.10/site-packages/fake_trigger-0.0.0-py3.10.egg-info' (and everything under it)
Copying ../../build/fake_trigger/fake_trigger.egg-info to /home/kkkk/bxi_arm_v2/install/fake_trigger/lib/python3.10/site-packages/fake_trigger-0.0.0-py3.10.egg-info
running install_scripts
Installing fake_trigger script to /home/kkkk/bxi_arm_v2/install/fake_trigger/lib/fake_trigger
writing list of installed files to '/home/kkkk/bxi_arm_v2/build/fake_trigger/install.log'
