/home/kkkk/miniconda3/envs/ikpy/lib/python3.10/site-packages/setuptools/_distutils/dist.py:289: UserWarning: Unknown distribution option: 'tests_require'
  warnings.warn(msg)
running egg_info
writing ../../../../build/bxi_example_py_elf3/bxi_example_py_elf3.egg-info/PKG-INFO
writing dependency_links to ../../../../build/bxi_example_py_elf3/bxi_example_py_elf3.egg-info/dependency_links.txt
writing entry points to ../../../../build/bxi_example_py_elf3/bxi_example_py_elf3.egg-info/entry_points.txt
writing requirements to ../../../../build/bxi_example_py_elf3/bxi_example_py_elf3.egg-info/requires.txt
writing top-level names to ../../../../build/bxi_example_py_elf3/bxi_example_py_elf3.egg-info/top_level.txt
reading manifest file '../../../../build/bxi_example_py_elf3/bxi_example_py_elf3.egg-info/SOURCES.txt'
writing manifest file '../../../../build/bxi_example_py_elf3/bxi_example_py_elf3.egg-info/SOURCES.txt'
running build
running build_py
copying bxi_example_py_elf3/bxi_example_mjlab.py -> /home/kkkk/bxi_arm_v2/build/bxi_example_py_elf3/build/lib/bxi_example_py_elf3
running install
running install_lib
running install_data
copying launch/example_launch_run.py -> /home/kkkk/bxi_arm_v2/install/bxi_example_py_elf3/share/bxi_example_py_elf3/launch
copying launch/example_launch_mjlab_hw.py -> /home/kkkk/bxi_arm_v2/install/bxi_example_py_elf3/share/bxi_example_py_elf3/launch
copying launch/example_launch_run_hw.py -> /home/kkkk/bxi_arm_v2/install/bxi_example_py_elf3/share/bxi_example_py_elf3/launch
copying launch/example_launch_mjlab.py -> /home/kkkk/bxi_arm_v2/install/bxi_example_py_elf3/share/bxi_example_py_elf3/launch
running install_egg_info
removing '/home/kkkk/bxi_arm_v2/install/bxi_example_py_elf3/lib/python3.10/site-packages/bxi_example_py_elf3-0.0.0-py3.10.egg-info' (and everything under it)
Copying ../../../../build/bxi_example_py_elf3/bxi_example_py_elf3.egg-info to /home/kkkk/bxi_arm_v2/install/bxi_example_py_elf3/lib/python3.10/site-packages/bxi_example_py_elf3-0.0.0-py3.10.egg-info
running install_scripts
Installing bxi_example_py_elf3_dance script to /home/kkkk/bxi_arm_v2/install/bxi_example_py_elf3/lib/bxi_example_py_elf3
Installing bxi_example_py_elf3_demo script to /home/kkkk/bxi_arm_v2/install/bxi_example_py_elf3/lib/bxi_example_py_elf3
Installing bxi_example_py_elf3_mjlab script to /home/kkkk/bxi_arm_v2/install/bxi_example_py_elf3/lib/bxi_example_py_elf3
Installing bxi_example_py_elf3_run script to /home/kkkk/bxi_arm_v2/install/bxi_example_py_elf3/lib/bxi_example_py_elf3
writing list of installed files to '/home/kkkk/bxi_arm_v2/build/bxi_example_py_elf3/install.log'
