running egg_info
writing ../../build/elf3_arm_bringup/elf3_arm_bringup.egg-info/PKG-INFO
writing dependency_links to ../../build/elf3_arm_bringup/elf3_arm_bringup.egg-info/dependency_links.txt
writing requirements to ../../build/elf3_arm_bringup/elf3_arm_bringup.egg-info/requires.txt
writing top-level names to ../../build/elf3_arm_bringup/elf3_arm_bringup.egg-info/top_level.txt
reading manifest file '../../build/elf3_arm_bringup/elf3_arm_bringup.egg-info/SOURCES.txt'
writing manifest file '../../build/elf3_arm_bringup/elf3_arm_bringup.egg-info/SOURCES.txt'
running build
running build_py
copying elf3_arm_bringup/__init__.py -> /home/kkkk/bxi_arm_v2/build/elf3_arm_bringup/build/lib/elf3_arm_bringup
running install
running install_lib
running install_data
copying resource/elf3_arm_bringup -> /home/kkkk/bxi_arm_v2/install/elf3_arm_bringup/share/ament_index/resource_index/packages
copying package.xml -> /home/kkkk/bxi_arm_v2/install/elf3_arm_bringup/share/elf3_arm_bringup
copying launch/elf3_arm_bringup_nohand.launch.py -> /home/kkkk/bxi_arm_v2/install/elf3_arm_bringup/share/elf3_arm_bringup/launch
copying launch/elf3_arm_bringup.launch.py -> /home/kkkk/bxi_arm_v2/install/elf3_arm_bringup/share/elf3_arm_bringup/launch
running install_egg_info
removing '/home/kkkk/bxi_arm_v2/install/elf3_arm_bringup/lib/python3.10/site-packages/elf3_arm_bringup-0.0.0-py3.10.egg-info' (and everything under it)
Copying ../../build/elf3_arm_bringup/elf3_arm_bringup.egg-info to /home/kkkk/bxi_arm_v2/install/elf3_arm_bringup/lib/python3.10/site-packages/elf3_arm_bringup-0.0.0-py3.10.egg-info
running install_scripts
writing list of installed files to '/home/kkkk/bxi_arm_v2/build/elf3_arm_bringup/install.log'
