[2.730s] Invoking command in '/home/kkkk/bxi_arm_v2/src/elf3_arm_bringup': CONDA_PROMPT_MODIFIER=(ikpy) PYTHONPATH=/home/kkkk/bxi_arm_v2/build/elf3_arm_bringup/prefix_override:/home/kkkk/miniconda3/envs/ikpy/lib/python3.10/site-packages/colcon_core/task/python/colcon_distutils_commands:/home/kkkk/bxi_arm_v2/install/elf3_arm_bringup/lib/python3.10/site-packages:${PYTHONPATH} /home/kkkk/miniconda3/envs/ikpy/bin/python3.10 -W ignore:setup.py install is deprecated -W ignore:easy_install command is deprecated setup.py egg_info --egg-base ../../build/elf3_arm_bringup build --build-base /home/kkkk/bxi_arm_v2/build/elf3_arm_bringup/build install --record /home/kkkk/bxi_arm_v2/build/elf3_arm_bringup/install.log --single-version-externally-managed install_data
[3.132s] running egg_info
[3.132s] writing ../../build/elf3_arm_bringup/elf3_arm_bringup.egg-info/PKG-INFO
[3.132s] writing dependency_links to ../../build/elf3_arm_bringup/elf3_arm_bringup.egg-info/dependency_links.txt
[3.132s] writing requirements to ../../build/elf3_arm_bringup/elf3_arm_bringup.egg-info/requires.txt
[3.132s] writing top-level names to ../../build/elf3_arm_bringup/elf3_arm_bringup.egg-info/top_level.txt
[3.161s] reading manifest file '../../build/elf3_arm_bringup/elf3_arm_bringup.egg-info/SOURCES.txt'
[3.161s] writing manifest file '../../build/elf3_arm_bringup/elf3_arm_bringup.egg-info/SOURCES.txt'
[3.161s] running build
[3.161s] running build_py
[3.161s] copying elf3_arm_bringup/__init__.py -> /home/kkkk/bxi_arm_v2/build/elf3_arm_bringup/build/lib/elf3_arm_bringup
[3.161s] running install
[3.167s] running install_lib
[3.190s] running install_data
[3.190s] copying resource/elf3_arm_bringup -> /home/kkkk/bxi_arm_v2/install/elf3_arm_bringup/share/ament_index/resource_index/packages
[3.190s] copying package.xml -> /home/kkkk/bxi_arm_v2/install/elf3_arm_bringup/share/elf3_arm_bringup
[3.191s] copying launch/elf3_arm_bringup_nohand.launch.py -> /home/kkkk/bxi_arm_v2/install/elf3_arm_bringup/share/elf3_arm_bringup/launch
[3.191s] copying launch/elf3_arm_bringup.launch.py -> /home/kkkk/bxi_arm_v2/install/elf3_arm_bringup/share/elf3_arm_bringup/launch
[3.191s] running install_egg_info
[3.219s] removing '/home/kkkk/bxi_arm_v2/install/elf3_arm_bringup/lib/python3.10/site-packages/elf3_arm_bringup-0.0.0-py3.10.egg-info' (and everything under it)
[3.219s] Copying ../../build/elf3_arm_bringup/elf3_arm_bringup.egg-info to /home/kkkk/bxi_arm_v2/install/elf3_arm_bringup/lib/python3.10/site-packages/elf3_arm_bringup-0.0.0-py3.10.egg-info
[3.220s] running install_scripts
[3.303s] writing list of installed files to '/home/kkkk/bxi_arm_v2/build/elf3_arm_bringup/install.log'
[3.449s] Invoked command in '/home/kkkk/bxi_arm_v2/src/elf3_arm_bringup' returned '0': CONDA_PROMPT_MODIFIER=(ikpy) PYTHONPATH=/home/kkkk/bxi_arm_v2/build/elf3_arm_bringup/prefix_override:/home/kkkk/miniconda3/envs/ikpy/lib/python3.10/site-packages/colcon_core/task/python/colcon_distutils_commands:/home/kkkk/bxi_arm_v2/install/elf3_arm_bringup/lib/python3.10/site-packages:${PYTHONPATH} /home/kkkk/miniconda3/envs/ikpy/bin/python3.10 -W ignore:setup.py install is deprecated -W ignore:easy_install command is deprecated setup.py egg_info --egg-base ../../build/elf3_arm_bringup build --build-base /home/kkkk/bxi_arm_v2/build/elf3_arm_bringup/build install --record /home/kkkk/bxi_arm_v2/build/elf3_arm_bringup/install.log --single-version-externally-managed install_data
