running egg_info
writing ../../../../build/bxi_example_py_foot/bxi_example_py_foot.egg-info/PKG-INFO
writing dependency_links to ../../../../build/bxi_example_py_foot/bxi_example_py_foot.egg-info/dependency_links.txt
writing entry points to ../../../../build/bxi_example_py_foot/bxi_example_py_foot.egg-info/entry_points.txt
writing requirements to ../../../../build/bxi_example_py_foot/bxi_example_py_foot.egg-info/requires.txt
writing top-level names to ../../../../build/bxi_example_py_foot/bxi_example_py_foot.egg-info/top_level.txt
reading manifest file '../../../../build/bxi_example_py_foot/bxi_example_py_foot.egg-info/SOURCES.txt'
writing manifest file '../../../../build/bxi_example_py_foot/bxi_example_py_foot.egg-info/SOURCES.txt'
running build
running build_py
running install
running install_lib
running install_data
running install_egg_info
removing '/home/kkkk/bxi_arm_v2/install/bxi_example_py_foot/lib/python3.10/site-packages/bxi_example_py_foot-0.0.0-py3.10.egg-info' (and everything under it)
Copying ../../../../build/bxi_example_py_foot/bxi_example_py_foot.egg-info to /home/kkkk/bxi_arm_v2/install/bxi_example_py_foot/lib/python3.10/site-packages/bxi_example_py_foot-0.0.0-py3.10.egg-info
running install_scripts
Installing bxi_example_py_foot script to /home/kkkk/bxi_arm_v2/install/bxi_example_py_foot/lib/bxi_example_py_foot
Installing bxi_example_py_foot_run script to /home/kkkk/bxi_arm_v2/install/bxi_example_py_foot/lib/bxi_example_py_foot
Installing bxi_example_py_foot_walk script to /home/kkkk/bxi_arm_v2/install/bxi_example_py_foot/lib/bxi_example_py_foot
writing list of installed files to '/home/kkkk/bxi_arm_v2/build/bxi_example_py_foot/install.log'
