[2.527s] Invoking command in '/home/kkkk/bxi_arm_v2/src/fake_trigger': CONDA_PROMPT_MODIFIER=(ikpy) PYTHONPATH=/home/kkkk/bxi_arm_v2/build/fake_trigger/prefix_override:/home/kkkk/miniconda3/envs/ikpy/lib/python3.10/site-packages/colcon_core/task/python/colcon_distutils_commands:/home/kkkk/bxi_arm_v2/install/fake_trigger/lib/python3.10/site-packages:${PYTHONPATH} /home/kkkk/miniconda3/envs/ikpy/bin/python3.10 -W ignore:setup.py install is deprecated -W ignore:easy_install command is deprecated setup.py egg_info --egg-base ../../build/fake_trigger build --build-base /home/kkkk/bxi_arm_v2/build/fake_trigger/build install --record /home/kkkk/bxi_arm_v2/build/fake_trigger/install.log --single-version-externally-managed install_data
[2.831s] running egg_info
[2.852s] writing ../../build/fake_trigger/fake_trigger.egg-info/PKG-INFO
[2.852s] writing dependency_links to ../../build/fake_trigger/fake_trigger.egg-info/dependency_links.txt
[2.852s] writing entry points to ../../build/fake_trigger/fake_trigger.egg-info/entry_points.txt
[2.852s] writing requirements to ../../build/fake_trigger/fake_trigger.egg-info/requires.txt
[2.852s] writing top-level names to ../../build/fake_trigger/fake_trigger.egg-info/top_level.txt
[2.899s] reading manifest file '../../build/fake_trigger/fake_trigger.egg-info/SOURCES.txt'
[2.901s] writing manifest file '../../build/fake_trigger/fake_trigger.egg-info/SOURCES.txt'
[2.901s] running build
[2.901s] running build_py
[2.903s] copying fake_trigger/fake_trigger.py -> /home/kkkk/bxi_arm_v2/build/fake_trigger/build/lib/fake_trigger
[2.903s] copying fake_trigger/__init__.py -> /home/kkkk/bxi_arm_v2/build/fake_trigger/build/lib/fake_trigger
[2.903s] running install
[2.906s] running install_lib
[2.923s] running install_data
[2.923s] copying resource/fake_trigger -> /home/kkkk/bxi_arm_v2/install/fake_trigger/share/ament_index/resource_index/packages
[2.923s] copying package.xml -> /home/kkkk/bxi_arm_v2/install/fake_trigger/share/fake_trigger
[2.923s] running install_egg_info
[2.940s] removing '/home/kkkk/bxi_arm_v2/install/fake_trigger/lib/python3.10/site-packages/fake_trigger-0.0.0-py3.10.egg-info' (and everything under it)
[2.941s] Copying ../../build/fake_trigger/fake_trigger.egg-info to /home/kkkk/bxi_arm_v2/install/fake_trigger/lib/python3.10/site-packages/fake_trigger-0.0.0-py3.10.egg-info
[2.941s] running install_scripts
[3.053s] Installing fake_trigger script to /home/kkkk/bxi_arm_v2/install/fake_trigger/lib/fake_trigger
[3.054s] writing list of installed files to '/home/kkkk/bxi_arm_v2/build/fake_trigger/install.log'
[3.173s] Invoked command in '/home/kkkk/bxi_arm_v2/src/fake_trigger' returned '0': CONDA_PROMPT_MODIFIER=(ikpy) PYTHONPATH=/home/kkkk/bxi_arm_v2/build/fake_trigger/prefix_override:/home/kkkk/miniconda3/envs/ikpy/lib/python3.10/site-packages/colcon_core/task/python/colcon_distutils_commands:/home/kkkk/bxi_arm_v2/install/fake_trigger/lib/python3.10/site-packages:${PYTHONPATH} /home/kkkk/miniconda3/envs/ikpy/bin/python3.10 -W ignore:setup.py install is deprecated -W ignore:easy_install command is deprecated setup.py egg_info --egg-base ../../build/fake_trigger build --build-base /home/kkkk/bxi_arm_v2/build/fake_trigger/build install --record /home/kkkk/bxi_arm_v2/build/fake_trigger/install.log --single-version-externally-managed install_data
