-- The C compiler identification is GNU 11.4.0
-- The CXX compiler identification is GNU 11.4.0
-- Detecting C compiler ABI info
-- Detecting C compiler ABI info - done
-- Check for working C compiler: /usr/bin/cc - skipped
-- Detecting C compile features
-- Detecting C compile features - done
-- Detecting CXX compiler ABI info
-- Detecting CXX compiler ABI info - done
-- Check for working CXX compiler: /usr/bin/c++ - skipped
-- Detecting CXX compile features
-- Detecting CXX compile features - done
-- Found ament_cmake: 1.3.13 (/opt/ros/humble/share/ament_cmake/cmake)
-- Found Python3: /home/kkkk/miniconda3/envs/ikpy/bin/python3 (found version "3.10.12") found components: Interpreter 
-- Found std_msgs: 4.9.1 (/opt/ros/humble/share/std_msgs/cmake)
-- Found rosidl_generator_c: 3.1.8 (/opt/ros/humble/share/rosidl_generator_c/cmake)
-- Found rosidl_adapter: 3.1.8 (/opt/ros/humble/share/rosidl_adapter/cmake)
-- Found rosidl_generator_cpp: 3.1.8 (/opt/ros/humble/share/rosidl_generator_cpp/cmake)
-- Using all available rosidl_typesupport_c: rosidl_typesupport_fastrtps_c;rosidl_typesupport_introspection_c
-- Using all available rosidl_typesupport_cpp: rosidl_typesupport_fastrtps_cpp;rosidl_typesupport_introspection_cpp
-- Found geometry_msgs: 4.9.1 (/opt/ros/humble/share/geometry_msgs/cmake)
-- Found rosidl_default_generators: 1.2.0 (/opt/ros/humble/share/rosidl_default_generators/cmake)
-- Found ament_cmake_ros: 0.10.0 (/opt/ros/humble/share/ament_cmake_ros/cmake)
-- Using all available rosidl_typesupport_c: rosidl_typesupport_fastrtps_c;rosidl_typesupport_introspection_c
-- Using all available rosidl_typesupport_cpp: rosidl_typesupport_fastrtps_cpp;rosidl_typesupport_introspection_cpp
-- Found PythonInterp: /home/kkkk/miniconda3/envs/ikpy/bin/python3 (found suitable version "3.10.12", minimum required is "3.6") 
-- Found python_cmake_module: 0.10.0 (/opt/ros/humble/share/python_cmake_module/cmake)
-- Found PythonLibs: /home/kkkk/miniconda3/envs/ikpy/lib/libpython3.10.so (found suitable version "3.10.12", minimum required is "3.5") 
-- Using PYTHON_EXECUTABLE: /home/kkkk/miniconda3/envs/ikpy/bin/python3
-- Using PYTHON_INCLUDE_DIRS: /home/kkkk/miniconda3/envs/ikpy/include/python3.10
-- Using PYTHON_LIBRARIES: /home/kkkk/miniconda3/envs/ikpy/lib/libpython3.10.so
-- Found PythonExtra: .so  
-- Using numpy include directory: /home/kkkk/miniconda3/envs/ikpy/lib/python3.10/site-packages/numpy/_core/include
-- Found ament_lint_auto: 0.12.15 (/opt/ros/humble/share/ament_lint_auto/cmake)
-- Added test 'lint_cmake' to check CMake code style
-- Added test 'xmllint' to check XML markup files
-- Configuring done
[33mCMake Warning at /opt/ros/humble/share/rosidl_generator_py/cmake/rosidl_generator_py_generate_interfaces.cmake:166 (add_library):
  Cannot generate a safe runtime search path for target
  aero_hand_open_msgs__rosidl_generator_py because files in some directories
  may conflict with libraries in implicit directories:

    runtime library [libpython3.10.so.1.0] in /usr/lib/x86_64-linux-gnu may be hidden by files in:
      /home/kkkk/miniconda3/envs/ikpy/lib

  Some of these libraries may not be found correctly.
Call Stack (most recent call first):
  /opt/ros/humble/share/ament_cmake_core/cmake/core/ament_execute_extensions.cmake:48 (include)
  /opt/ros/humble/share/rosidl_cmake/cmake/rosidl_generate_interfaces.cmake:286 (ament_execute_extensions)
  CMakeLists.txt:17 (rosidl_generate_interfaces)

[0m
[33mCMake Warning at /opt/ros/humble/share/rosidl_generator_py/cmake/rosidl_generator_py_generate_interfaces.cmake:226 (add_library):
  Cannot generate a safe runtime search path for target
  aero_hand_open_msgs__rosidl_typesupport_fastrtps_c__pyext because files in
  some directories may conflict with libraries in implicit directories:

    runtime library [libpython3.10.so.1.0] in /usr/lib/x86_64-linux-gnu may be hidden by files in:
      /home/kkkk/miniconda3/envs/ikpy/lib

  Some of these libraries may not be found correctly.
Call Stack (most recent call first):
  /opt/ros/humble/share/ament_cmake_core/cmake/core/ament_execute_extensions.cmake:48 (include)
  /opt/ros/humble/share/rosidl_cmake/cmake/rosidl_generate_interfaces.cmake:286 (ament_execute_extensions)
  CMakeLists.txt:17 (rosidl_generate_interfaces)

[0m
[33mCMake Warning at /opt/ros/humble/share/rosidl_generator_py/cmake/rosidl_generator_py_generate_interfaces.cmake:226 (add_library):
  Cannot generate a safe runtime search path for target
  aero_hand_open_msgs__rosidl_typesupport_introspection_c__pyext because
  files in some directories may conflict with libraries in implicit
  directories:

    runtime library [libpython3.10.so.1.0] in /usr/lib/x86_64-linux-gnu may be hidden by files in:
      /home/kkkk/miniconda3/envs/ikpy/lib

  Some of these libraries may not be found correctly.
Call Stack (most recent call first):
  /opt/ros/humble/share/ament_cmake_core/cmake/core/ament_execute_extensions.cmake:48 (include)
  /opt/ros/humble/share/rosidl_cmake/cmake/rosidl_generate_interfaces.cmake:286 (ament_execute_extensions)
  CMakeLists.txt:17 (rosidl_generate_interfaces)

[0m
[33mCMake Warning at /opt/ros/humble/share/rosidl_generator_py/cmake/rosidl_generator_py_generate_interfaces.cmake:226 (add_library):
  Cannot generate a safe runtime search path for target
  aero_hand_open_msgs__rosidl_typesupport_c__pyext because files in some
  directories may conflict with libraries in implicit directories:

    runtime library [libpython3.10.so.1.0] in /usr/lib/x86_64-linux-gnu may be hidden by files in:
      /home/kkkk/miniconda3/envs/ikpy/lib

  Some of these libraries may not be found correctly.
Call Stack (most recent call first):
  /opt/ros/humble/share/ament_cmake_core/cmake/core/ament_execute_extensions.cmake:48 (include)
  /opt/ros/humble/share/rosidl_cmake/cmake/rosidl_generate_interfaces.cmake:286 (ament_execute_extensions)
  CMakeLists.txt:17 (rosidl_generate_interfaces)

[0m
-- Generating done
-- Build files have been written to: /home/kkkk/bxi_arm_v2/build/aero_hand_open_msgs
[  1%] [34m[1mGenerating C code for ROS interfaces[0m
[  3%] [34m[1mGenerating C++ code for ROS interfaces[0m
[  3%] Built target ament_cmake_python_copy_aero_hand_open_msgs
running egg_info
creating aero_hand_open_msgs.egg-info
writing aero_hand_open_msgs.egg-info/PKG-INFO
writing dependency_links to aero_hand_open_msgs.egg-info/dependency_links.txt
writing top-level names to aero_hand_open_msgs.egg-info/top_level.txt
writing manifest file 'aero_hand_open_msgs.egg-info/SOURCES.txt'
reading manifest file 'aero_hand_open_msgs.egg-info/SOURCES.txt'
writing manifest file 'aero_hand_open_msgs.egg-info/SOURCES.txt'
[  3%] Built target ament_cmake_python_build_aero_hand_open_msgs_egg
[  5%] [32mBuilding C object CMakeFiles/aero_hand_open_msgs__rosidl_generator_c.dir/rosidl_generator_c/aero_hand_open_msgs/msg/detail/joint_control__functions.c.o[0m
[  7%] [32mBuilding C object CMakeFiles/aero_hand_open_msgs__rosidl_generator_c.dir/rosidl_generator_c/aero_hand_open_msgs/msg/detail/actuator_control__functions.c.o[0m
[  9%] [32mBuilding C object CMakeFiles/aero_hand_open_msgs__rosidl_generator_c.dir/rosidl_generator_c/aero_hand_open_msgs/msg/detail/actuator_states__functions.c.o[0m
[ 10%] [32mBuilding C object CMakeFiles/aero_hand_open_msgs__rosidl_generator_c.dir/rosidl_generator_c/aero_hand_open_msgs/msg/detail/hand_mocap__functions.c.o[0m
[ 10%] Built target aero_hand_open_msgs__cpp
[ 12%] [34m[1mGenerating C++ type support dispatch for ROS interfaces[0m
[ 14%] [34m[1mGenerating C++ introspection for ROS interfaces[0m
[ 16%] [34m[1mGenerating C++ type support for eProsima Fast-RTPS[0m
[ 18%] [32m[1mLinking C shared library libaero_hand_open_msgs__rosidl_generator_c.so[0m
[ 18%] Built target aero_hand_open_msgs__rosidl_generator_c
[ 20%] [34m[1mGenerating C type support for eProsima Fast-RTPS[0m
[ 21%] [34m[1mGenerating C introspection for ROS interfaces[0m
[ 23%] [34m[1mGenerating C type support dispatch for ROS interfaces[0m
[ 25%] [32mBuilding CXX object CMakeFiles/aero_hand_open_msgs__rosidl_typesupport_cpp.dir/rosidl_typesupport_cpp/aero_hand_open_msgs/msg/joint_control__type_support.cpp.o[0m
[ 27%] [32mBuilding CXX object CMakeFiles/aero_hand_open_msgs__rosidl_typesupport_cpp.dir/rosidl_typesupport_cpp/aero_hand_open_msgs/msg/hand_mocap__type_support.cpp.o[0m
[ 29%] [32mBuilding CXX object CMakeFiles/aero_hand_open_msgs__rosidl_typesupport_cpp.dir/rosidl_typesupport_cpp/aero_hand_open_msgs/msg/actuator_states__type_support.cpp.o[0m
[ 30%] [32mBuilding CXX object CMakeFiles/aero_hand_open_msgs__rosidl_typesupport_cpp.dir/rosidl_typesupport_cpp/aero_hand_open_msgs/msg/actuator_control__type_support.cpp.o[0m
[ 32%] [32mBuilding CXX object CMakeFiles/aero_hand_open_msgs__rosidl_typesupport_fastrtps_cpp.dir/rosidl_typesupport_fastrtps_cpp/aero_hand_open_msgs/msg/detail/dds_fastrtps/hand_mocap__type_support.cpp.o[0m
[ 36%] [32mBuilding CXX object CMakeFiles/aero_hand_open_msgs__rosidl_typesupport_fastrtps_cpp.dir/rosidl_typesupport_fastrtps_cpp/aero_hand_open_msgs/msg/detail/dds_fastrtps/actuator_control__type_support.cpp.o[0m
[ 36%] [32mBuilding CXX object CMakeFiles/aero_hand_open_msgs__rosidl_typesupport_fastrtps_cpp.dir/rosidl_typesupport_fastrtps_cpp/aero_hand_open_msgs/msg/detail/dds_fastrtps/joint_control__type_support.cpp.o[0m
[ 38%] [32mBuilding CXX object CMakeFiles/aero_hand_open_msgs__rosidl_typesupport_fastrtps_cpp.dir/rosidl_typesupport_fastrtps_cpp/aero_hand_open_msgs/msg/detail/dds_fastrtps/actuator_states__type_support.cpp.o[0m
[ 40%] [32mBuilding CXX object CMakeFiles/aero_hand_open_msgs__rosidl_typesupport_introspection_cpp.dir/rosidl_typesupport_introspection_cpp/aero_hand_open_msgs/msg/detail/joint_control__type_support.cpp.o[0m
[ 43%] [32mBuilding CXX object CMakeFiles/aero_hand_open_msgs__rosidl_typesupport_introspection_cpp.dir/rosidl_typesupport_introspection_cpp/aero_hand_open_msgs/msg/detail/actuator_states__type_support.cpp.o[0m
[ 43%] [32mBuilding CXX object CMakeFiles/aero_hand_open_msgs__rosidl_typesupport_introspection_cpp.dir/rosidl_typesupport_introspection_cpp/aero_hand_open_msgs/msg/detail/actuator_control__type_support.cpp.o[0m
[ 45%] [32mBuilding CXX object CMakeFiles/aero_hand_open_msgs__rosidl_typesupport_introspection_cpp.dir/rosidl_typesupport_introspection_cpp/aero_hand_open_msgs/msg/detail/hand_mocap__type_support.cpp.o[0m
[ 47%] [32m[1mLinking CXX shared library libaero_hand_open_msgs__rosidl_typesupport_cpp.so[0m
[ 49%] [32mBuilding C object CMakeFiles/aero_hand_open_msgs__rosidl_typesupport_introspection_c.dir/rosidl_typesupport_introspection_c/aero_hand_open_msgs/msg/detail/joint_control__type_support.c.o[0m
[ 50%] [32mBuilding C object CMakeFiles/aero_hand_open_msgs__rosidl_typesupport_introspection_c.dir/rosidl_typesupport_introspection_c/aero_hand_open_msgs/msg/detail/actuator_control__type_support.c.o[0m
[ 52%] [32mBuilding C object CMakeFiles/aero_hand_open_msgs__rosidl_typesupport_introspection_c.dir/rosidl_typesupport_introspection_c/aero_hand_open_msgs/msg/detail/actuator_states__type_support.c.o[0m
[ 54%] [32mBuilding C object CMakeFiles/aero_hand_open_msgs__rosidl_typesupport_introspection_c.dir/rosidl_typesupport_introspection_c/aero_hand_open_msgs/msg/detail/hand_mocap__type_support.c.o[0m
[ 56%] [32mBuilding CXX object CMakeFiles/aero_hand_open_msgs__rosidl_typesupport_c.dir/rosidl_typesupport_c/aero_hand_open_msgs/msg/joint_control__type_support.cpp.o[0m
[ 58%] [32mBuilding CXX object CMakeFiles/aero_hand_open_msgs__rosidl_typesupport_c.dir/rosidl_typesupport_c/aero_hand_open_msgs/msg/actuator_control__type_support.cpp.o[0m
[ 58%] Built target aero_hand_open_msgs__rosidl_typesupport_cpp
[ 60%] [32mBuilding CXX object CMakeFiles/aero_hand_open_msgs__rosidl_typesupport_fastrtps_c.dir/rosidl_typesupport_fastrtps_c/aero_hand_open_msgs/msg/detail/joint_control__type_support_c.cpp.o[0m
[ 61%] [32mBuilding CXX object CMakeFiles/aero_hand_open_msgs__rosidl_typesupport_c.dir/rosidl_typesupport_c/aero_hand_open_msgs/msg/actuator_states__type_support.cpp.o[0m
[ 63%] [32mBuilding CXX object CMakeFiles/aero_hand_open_msgs__rosidl_typesupport_c.dir/rosidl_typesupport_c/aero_hand_open_msgs/msg/hand_mocap__type_support.cpp.o[0m
[ 65%] [32mBuilding CXX object CMakeFiles/aero_hand_open_msgs__rosidl_typesupport_fastrtps_c.dir/rosidl_typesupport_fastrtps_c/aero_hand_open_msgs/msg/detail/actuator_states__type_support_c.cpp.o[0m
[ 67%] [32mBuilding CXX object CMakeFiles/aero_hand_open_msgs__rosidl_typesupport_fastrtps_c.dir/rosidl_typesupport_fastrtps_c/aero_hand_open_msgs/msg/detail/actuator_control__type_support_c.cpp.o[0m
[ 69%] [32mBuilding CXX object CMakeFiles/aero_hand_open_msgs__rosidl_typesupport_fastrtps_c.dir/rosidl_typesupport_fastrtps_c/aero_hand_open_msgs/msg/detail/hand_mocap__type_support_c.cpp.o[0m
[ 70%] [32m[1mLinking C shared library libaero_hand_open_msgs__rosidl_typesupport_introspection_c.so[0m
[ 72%] [32m[1mLinking CXX shared library libaero_hand_open_msgs__rosidl_typesupport_c.so[0m
[ 72%] Built target aero_hand_open_msgs__rosidl_typesupport_introspection_c
[ 72%] Built target aero_hand_open_msgs__rosidl_typesupport_c
[ 74%] [32m[1mLinking CXX shared library libaero_hand_open_msgs__rosidl_typesupport_fastrtps_cpp.so[0m
[ 74%] Built target aero_hand_open_msgs__rosidl_typesupport_fastrtps_cpp
[ 76%] [32m[1mLinking CXX shared library libaero_hand_open_msgs__rosidl_typesupport_introspection_cpp.so[0m
[ 78%] [32m[1mLinking CXX shared library libaero_hand_open_msgs__rosidl_typesupport_fastrtps_c.so[0m
[ 78%] Built target aero_hand_open_msgs__rosidl_typesupport_introspection_cpp
[ 78%] Built target aero_hand_open_msgs__rosidl_typesupport_fastrtps_c
[ 78%] Built target aero_hand_open_msgs
[ 80%] [34m[1mGenerating Python code for ROS interfaces[0m
[ 80%] Built target aero_hand_open_msgs__py
[ 81%] [32mBuilding C object CMakeFiles/aero_hand_open_msgs__rosidl_generator_py.dir/rosidl_generator_py/aero_hand_open_msgs/msg/_joint_control_s.c.o[0m
[ 87%] [32mBuilding C object CMakeFiles/aero_hand_open_msgs__rosidl_generator_py.dir/rosidl_generator_py/aero_hand_open_msgs/msg/_actuator_states_s.c.o[0m
[ 87%] [32mBuilding C object CMakeFiles/aero_hand_open_msgs__rosidl_generator_py.dir/rosidl_generator_py/aero_hand_open_msgs/msg/_hand_mocap_s.c.o[0m
[ 87%] [32mBuilding C object CMakeFiles/aero_hand_open_msgs__rosidl_generator_py.dir/rosidl_generator_py/aero_hand_open_msgs/msg/_actuator_control_s.c.o[0m
[ 89%] [32m[1mLinking C shared library rosidl_generator_py/aero_hand_open_msgs/libaero_hand_open_msgs__rosidl_generator_py.so[0m
[ 89%] Built target aero_hand_open_msgs__rosidl_generator_py
[ 90%] [32mBuilding C object CMakeFiles/aero_hand_open_msgs__rosidl_typesupport_c__pyext.dir/rosidl_generator_py/aero_hand_open_msgs/_aero_hand_open_msgs_s.ep.rosidl_typesupport_c.c.o[0m
[ 92%] [32mBuilding C object CMakeFiles/aero_hand_open_msgs__rosidl_typesupport_introspection_c__pyext.dir/rosidl_generator_py/aero_hand_open_msgs/_aero_hand_open_msgs_s.ep.rosidl_typesupport_introspection_c.c.o[0m
[ 94%] [32mBuilding C object CMakeFiles/aero_hand_open_msgs__rosidl_typesupport_fastrtps_c__pyext.dir/rosidl_generator_py/aero_hand_open_msgs/_aero_hand_open_msgs_s.ep.rosidl_typesupport_fastrtps_c.c.o[0m
[ 96%] [32m[1mLinking C shared library rosidl_generator_py/aero_hand_open_msgs/aero_hand_open_msgs_s__rosidl_typesupport_c.cpython-310-x86_64-linux-gnu.so[0m
[ 98%] [32m[1mLinking C shared library rosidl_generator_py/aero_hand_open_msgs/aero_hand_open_msgs_s__rosidl_typesupport_fastrtps_c.cpython-310-x86_64-linux-gnu.so[0m
[ 98%] Built target aero_hand_open_msgs__rosidl_typesupport_c__pyext
[ 98%] Built target aero_hand_open_msgs__rosidl_typesupport_fastrtps_c__pyext
[100%] [32m[1mLinking C shared library rosidl_generator_py/aero_hand_open_msgs/aero_hand_open_msgs_s__rosidl_typesupport_introspection_c.cpython-310-x86_64-linux-gnu.so[0m
[100%] Built target aero_hand_open_msgs__rosidl_typesupport_introspection_c__pyext
-- Install configuration: "Release"
-- Installing: /home/kkkk/bxi_arm_v2/install/aero_hand_open_msgs/share/ament_index/resource_index/rosidl_interfaces/aero_hand_open_msgs
-- Installing: /home/kkkk/bxi_arm_v2/install/aero_hand_open_msgs/include/aero_hand_open_msgs/aero_hand_open_msgs
-- Installing: /home/kkkk/bxi_arm_v2/install/aero_hand_open_msgs/include/aero_hand_open_msgs/aero_hand_open_msgs/msg
-- Installing: /home/kkkk/bxi_arm_v2/install/aero_hand_open_msgs/include/aero_hand_open_msgs/aero_hand_open_msgs/msg/joint_control.h
-- Installing: /home/kkkk/bxi_arm_v2/install/aero_hand_open_msgs/include/aero_hand_open_msgs/aero_hand_open_msgs/msg/rosidl_generator_c__visibility_control.h
-- Installing: /home/kkkk/bxi_arm_v2/install/aero_hand_open_msgs/include/aero_hand_open_msgs/aero_hand_open_msgs/msg/hand_mocap.h
-- Installing: /home/kkkk/bxi_arm_v2/install/aero_hand_open_msgs/include/aero_hand_open_msgs/aero_hand_open_msgs/msg/actuator_states.h
-- Installing: /home/kkkk/bxi_arm_v2/install/aero_hand_open_msgs/include/aero_hand_open_msgs/aero_hand_open_msgs/msg/actuator_control.h
-- Installing: /home/kkkk/bxi_arm_v2/install/aero_hand_open_msgs/include/aero_hand_open_msgs/aero_hand_open_msgs/msg/detail
-- Installing: /home/kkkk/bxi_arm_v2/install/aero_hand_open_msgs/include/aero_hand_open_msgs/aero_hand_open_msgs/msg/detail/actuator_states__struct.h
-- Installing: /home/kkkk/bxi_arm_v2/install/aero_hand_open_msgs/include/aero_hand_open_msgs/aero_hand_open_msgs/msg/detail/joint_control__type_support.h
-- Installing: /home/kkkk/bxi_arm_v2/install/aero_hand_open_msgs/include/aero_hand_open_msgs/aero_hand_open_msgs/msg/detail/hand_mocap__functions.c
-- Installing: /home/kkkk/bxi_arm_v2/install/aero_hand_open_msgs/include/aero_hand_open_msgs/aero_hand_open_msgs/msg/detail/actuator_control__functions.h
-- Installing: /home/kkkk/bxi_arm_v2/install/aero_hand_open_msgs/include/aero_hand_open_msgs/aero_hand_open_msgs/msg/detail/hand_mocap__functions.h
-- Installing: /home/kkkk/bxi_arm_v2/install/aero_hand_open_msgs/include/aero_hand_open_msgs/aero_hand_open_msgs/msg/detail/actuator_control__type_support.h
-- Installing: /home/kkkk/bxi_arm_v2/install/aero_hand_open_msgs/include/aero_hand_open_msgs/aero_hand_open_msgs/msg/detail/hand_mocap__type_support.h
-- Installing: /home/kkkk/bxi_arm_v2/install/aero_hand_open_msgs/include/aero_hand_open_msgs/aero_hand_open_msgs/msg/detail/joint_control__functions.h
-- Installing: /home/kkkk/bxi_arm_v2/install/aero_hand_open_msgs/include/aero_hand_open_msgs/aero_hand_open_msgs/msg/detail/actuator_states__functions.h
-- Installing: /home/kkkk/bxi_arm_v2/install/aero_hand_open_msgs/include/aero_hand_open_msgs/aero_hand_open_msgs/msg/detail/joint_control__functions.c
-- Installing: /home/kkkk/bxi_arm_v2/install/aero_hand_open_msgs/include/aero_hand_open_msgs/aero_hand_open_msgs/msg/detail/actuator_states__type_support.h
-- Installing: /home/kkkk/bxi_arm_v2/install/aero_hand_open_msgs/include/aero_hand_open_msgs/aero_hand_open_msgs/msg/detail/hand_mocap__struct.h
-- Installing: /home/kkkk/bxi_arm_v2/install/aero_hand_open_msgs/include/aero_hand_open_msgs/aero_hand_open_msgs/msg/detail/actuator_states__functions.c
-- Installing: /home/kkkk/bxi_arm_v2/install/aero_hand_open_msgs/include/aero_hand_open_msgs/aero_hand_open_msgs/msg/detail/actuator_control__functions.c
-- Installing: /home/kkkk/bxi_arm_v2/install/aero_hand_open_msgs/include/aero_hand_open_msgs/aero_hand_open_msgs/msg/detail/actuator_control__struct.h
-- Installing: /home/kkkk/bxi_arm_v2/install/aero_hand_open_msgs/include/aero_hand_open_msgs/aero_hand_open_msgs/msg/detail/joint_control__struct.h
-- Installing: /home/kkkk/bxi_arm_v2/install/aero_hand_open_msgs/share/aero_hand_open_msgs/environment/library_path.sh
-- Installing: /home/kkkk/bxi_arm_v2/install/aero_hand_open_msgs/share/aero_hand_open_msgs/environment/library_path.dsv
-- Installing: /home/kkkk/bxi_arm_v2/install/aero_hand_open_msgs/lib/libaero_hand_open_msgs__rosidl_generator_c.so
-- Set runtime path of "/home/kkkk/bxi_arm_v2/install/aero_hand_open_msgs/lib/libaero_hand_open_msgs__rosidl_generator_c.so" to ""
-- Up-to-date: /home/kkkk/bxi_arm_v2/install/aero_hand_open_msgs/include/aero_hand_open_msgs/aero_hand_open_msgs
-- Up-to-date: /home/kkkk/bxi_arm_v2/install/aero_hand_open_msgs/include/aero_hand_open_msgs/aero_hand_open_msgs/msg
-- Installing: /home/kkkk/bxi_arm_v2/install/aero_hand_open_msgs/include/aero_hand_open_msgs/aero_hand_open_msgs/msg/rosidl_typesupport_fastrtps_c__visibility_control.h
-- Up-to-date: /home/kkkk/bxi_arm_v2/install/aero_hand_open_msgs/include/aero_hand_open_msgs/aero_hand_open_msgs/msg/detail
-- Installing: /home/kkkk/bxi_arm_v2/install/aero_hand_open_msgs/include/aero_hand_open_msgs/aero_hand_open_msgs/msg/detail/hand_mocap__rosidl_typesupport_fastrtps_c.h
-- Installing: /home/kkkk/bxi_arm_v2/install/aero_hand_open_msgs/include/aero_hand_open_msgs/aero_hand_open_msgs/msg/detail/joint_control__rosidl_typesupport_fastrtps_c.h
-- Installing: /home/kkkk/bxi_arm_v2/install/aero_hand_open_msgs/include/aero_hand_open_msgs/aero_hand_open_msgs/msg/detail/actuator_control__rosidl_typesupport_fastrtps_c.h
-- Installing: /home/kkkk/bxi_arm_v2/install/aero_hand_open_msgs/include/aero_hand_open_msgs/aero_hand_open_msgs/msg/detail/actuator_states__rosidl_typesupport_fastrtps_c.h
-- Installing: /home/kkkk/bxi_arm_v2/install/aero_hand_open_msgs/lib/libaero_hand_open_msgs__rosidl_typesupport_fastrtps_c.so
-- Set runtime path of "/home/kkkk/bxi_arm_v2/install/aero_hand_open_msgs/lib/libaero_hand_open_msgs__rosidl_typesupport_fastrtps_c.so" to ""
-- Up-to-date: /home/kkkk/bxi_arm_v2/install/aero_hand_open_msgs/include/aero_hand_open_msgs/aero_hand_open_msgs
-- Up-to-date: /home/kkkk/bxi_arm_v2/install/aero_hand_open_msgs/include/aero_hand_open_msgs/aero_hand_open_msgs/msg
-- Installing: /home/kkkk/bxi_arm_v2/install/aero_hand_open_msgs/include/aero_hand_open_msgs/aero_hand_open_msgs/msg/hand_mocap.hpp
-- Installing: /home/kkkk/bxi_arm_v2/install/aero_hand_open_msgs/include/aero_hand_open_msgs/aero_hand_open_msgs/msg/joint_control.hpp
-- Installing: /home/kkkk/bxi_arm_v2/install/aero_hand_open_msgs/include/aero_hand_open_msgs/aero_hand_open_msgs/msg/rosidl_generator_cpp__visibility_control.hpp
-- Installing: /home/kkkk/bxi_arm_v2/install/aero_hand_open_msgs/include/aero_hand_open_msgs/aero_hand_open_msgs/msg/actuator_states.hpp
-- Installing: /home/kkkk/bxi_arm_v2/install/aero_hand_open_msgs/include/aero_hand_open_msgs/aero_hand_open_msgs/msg/actuator_control.hpp
-- Up-to-date: /home/kkkk/bxi_arm_v2/install/aero_hand_open_msgs/include/aero_hand_open_msgs/aero_hand_open_msgs/msg/detail
-- Installing: /home/kkkk/bxi_arm_v2/install/aero_hand_open_msgs/include/aero_hand_open_msgs/aero_hand_open_msgs/msg/detail/hand_mocap__type_support.hpp
-- Installing: /home/kkkk/bxi_arm_v2/install/aero_hand_open_msgs/include/aero_hand_open_msgs/aero_hand_open_msgs/msg/detail/joint_control__struct.hpp
-- Installing: /home/kkkk/bxi_arm_v2/install/aero_hand_open_msgs/include/aero_hand_open_msgs/aero_hand_open_msgs/msg/detail/hand_mocap__struct.hpp
-- Installing: /home/kkkk/bxi_arm_v2/install/aero_hand_open_msgs/include/aero_hand_open_msgs/aero_hand_open_msgs/msg/detail/actuator_states__builder.hpp
-- Installing: /home/kkkk/bxi_arm_v2/install/aero_hand_open_msgs/include/aero_hand_open_msgs/aero_hand_open_msgs/msg/detail/actuator_states__struct.hpp
-- Installing: /home/kkkk/bxi_arm_v2/install/aero_hand_open_msgs/include/aero_hand_open_msgs/aero_hand_open_msgs/msg/detail/hand_mocap__traits.hpp
-- Installing: /home/kkkk/bxi_arm_v2/install/aero_hand_open_msgs/include/aero_hand_open_msgs/aero_hand_open_msgs/msg/detail/joint_control__builder.hpp
-- Installing: /home/kkkk/bxi_arm_v2/install/aero_hand_open_msgs/include/aero_hand_open_msgs/aero_hand_open_msgs/msg/detail/actuator_control__builder.hpp
-- Installing: /home/kkkk/bxi_arm_v2/install/aero_hand_open_msgs/include/aero_hand_open_msgs/aero_hand_open_msgs/msg/detail/actuator_control__struct.hpp
-- Installing: /home/kkkk/bxi_arm_v2/install/aero_hand_open_msgs/include/aero_hand_open_msgs/aero_hand_open_msgs/msg/detail/hand_mocap__builder.hpp
-- Installing: /home/kkkk/bxi_arm_v2/install/aero_hand_open_msgs/include/aero_hand_open_msgs/aero_hand_open_msgs/msg/detail/actuator_control__type_support.hpp
-- Installing: /home/kkkk/bxi_arm_v2/install/aero_hand_open_msgs/include/aero_hand_open_msgs/aero_hand_open_msgs/msg/detail/actuator_states__type_support.hpp
-- Installing: /home/kkkk/bxi_arm_v2/install/aero_hand_open_msgs/include/aero_hand_open_msgs/aero_hand_open_msgs/msg/detail/joint_control__traits.hpp
-- Installing: /home/kkkk/bxi_arm_v2/install/aero_hand_open_msgs/include/aero_hand_open_msgs/aero_hand_open_msgs/msg/detail/actuator_states__traits.hpp
-- Installing: /home/kkkk/bxi_arm_v2/install/aero_hand_open_msgs/include/aero_hand_open_msgs/aero_hand_open_msgs/msg/detail/joint_control__type_support.hpp
-- Installing: /home/kkkk/bxi_arm_v2/install/aero_hand_open_msgs/include/aero_hand_open_msgs/aero_hand_open_msgs/msg/detail/actuator_control__traits.hpp
-- Up-to-date: /home/kkkk/bxi_arm_v2/install/aero_hand_open_msgs/include/aero_hand_open_msgs/aero_hand_open_msgs
-- Up-to-date: /home/kkkk/bxi_arm_v2/install/aero_hand_open_msgs/include/aero_hand_open_msgs/aero_hand_open_msgs/msg
-- Installing: /home/kkkk/bxi_arm_v2/install/aero_hand_open_msgs/include/aero_hand_open_msgs/aero_hand_open_msgs/msg/rosidl_typesupport_fastrtps_cpp__visibility_control.h
-- Up-to-date: /home/kkkk/bxi_arm_v2/install/aero_hand_open_msgs/include/aero_hand_open_msgs/aero_hand_open_msgs/msg/detail
-- Installing: /home/kkkk/bxi_arm_v2/install/aero_hand_open_msgs/include/aero_hand_open_msgs/aero_hand_open_msgs/msg/detail/joint_control__rosidl_typesupport_fastrtps_cpp.hpp
-- Installing: /home/kkkk/bxi_arm_v2/install/aero_hand_open_msgs/include/aero_hand_open_msgs/aero_hand_open_msgs/msg/detail/hand_mocap__rosidl_typesupport_fastrtps_cpp.hpp
-- Installing: /home/kkkk/bxi_arm_v2/install/aero_hand_open_msgs/include/aero_hand_open_msgs/aero_hand_open_msgs/msg/detail/dds_fastrtps
-- Installing: /home/kkkk/bxi_arm_v2/install/aero_hand_open_msgs/include/aero_hand_open_msgs/aero_hand_open_msgs/msg/detail/actuator_states__rosidl_typesupport_fastrtps_cpp.hpp
-- Installing: /home/kkkk/bxi_arm_v2/install/aero_hand_open_msgs/include/aero_hand_open_msgs/aero_hand_open_msgs/msg/detail/actuator_control__rosidl_typesupport_fastrtps_cpp.hpp
-- Installing: /home/kkkk/bxi_arm_v2/install/aero_hand_open_msgs/lib/libaero_hand_open_msgs__rosidl_typesupport_fastrtps_cpp.so
-- Set runtime path of "/home/kkkk/bxi_arm_v2/install/aero_hand_open_msgs/lib/libaero_hand_open_msgs__rosidl_typesupport_fastrtps_cpp.so" to ""
-- Up-to-date: /home/kkkk/bxi_arm_v2/install/aero_hand_open_msgs/include/aero_hand_open_msgs/aero_hand_open_msgs
-- Up-to-date: /home/kkkk/bxi_arm_v2/install/aero_hand_open_msgs/include/aero_hand_open_msgs/aero_hand_open_msgs/msg
-- Installing: /home/kkkk/bxi_arm_v2/install/aero_hand_open_msgs/include/aero_hand_open_msgs/aero_hand_open_msgs/msg/rosidl_typesupport_introspection_c__visibility_control.h
-- Up-to-date: /home/kkkk/bxi_arm_v2/install/aero_hand_open_msgs/include/aero_hand_open_msgs/aero_hand_open_msgs/msg/detail
-- Installing: /home/kkkk/bxi_arm_v2/install/aero_hand_open_msgs/include/aero_hand_open_msgs/aero_hand_open_msgs/msg/detail/actuator_control__rosidl_typesupport_introspection_c.h
-- Installing: /home/kkkk/bxi_arm_v2/install/aero_hand_open_msgs/include/aero_hand_open_msgs/aero_hand_open_msgs/msg/detail/hand_mocap__type_support.c
-- Installing: /home/kkkk/bxi_arm_v2/install/aero_hand_open_msgs/include/aero_hand_open_msgs/aero_hand_open_msgs/msg/detail/actuator_states__type_support.c
-- Installing: /home/kkkk/bxi_arm_v2/install/aero_hand_open_msgs/include/aero_hand_open_msgs/aero_hand_open_msgs/msg/detail/joint_control__type_support.c
-- Installing: /home/kkkk/bxi_arm_v2/install/aero_hand_open_msgs/include/aero_hand_open_msgs/aero_hand_open_msgs/msg/detail/hand_mocap__rosidl_typesupport_introspection_c.h
-- Installing: /home/kkkk/bxi_arm_v2/install/aero_hand_open_msgs/include/aero_hand_open_msgs/aero_hand_open_msgs/msg/detail/actuator_control__type_support.c
-- Installing: /home/kkkk/bxi_arm_v2/install/aero_hand_open_msgs/include/aero_hand_open_msgs/aero_hand_open_msgs/msg/detail/joint_control__rosidl_typesupport_introspection_c.h
-- Installing: /home/kkkk/bxi_arm_v2/install/aero_hand_open_msgs/include/aero_hand_open_msgs/aero_hand_open_msgs/msg/detail/actuator_states__rosidl_typesupport_introspection_c.h
-- Installing: /home/kkkk/bxi_arm_v2/install/aero_hand_open_msgs/lib/libaero_hand_open_msgs__rosidl_typesupport_introspection_c.so
-- Set runtime path of "/home/kkkk/bxi_arm_v2/install/aero_hand_open_msgs/lib/libaero_hand_open_msgs__rosidl_typesupport_introspection_c.so" to ""
-- Installing: /home/kkkk/bxi_arm_v2/install/aero_hand_open_msgs/lib/libaero_hand_open_msgs__rosidl_typesupport_c.so
-- Set runtime path of "/home/kkkk/bxi_arm_v2/install/aero_hand_open_msgs/lib/libaero_hand_open_msgs__rosidl_typesupport_c.so" to ""
-- Up-to-date: /home/kkkk/bxi_arm_v2/install/aero_hand_open_msgs/include/aero_hand_open_msgs/aero_hand_open_msgs
-- Up-to-date: /home/kkkk/bxi_arm_v2/install/aero_hand_open_msgs/include/aero_hand_open_msgs/aero_hand_open_msgs/msg
-- Up-to-date: /home/kkkk/bxi_arm_v2/install/aero_hand_open_msgs/include/aero_hand_open_msgs/aero_hand_open_msgs/msg/detail
-- Installing: /home/kkkk/bxi_arm_v2/install/aero_hand_open_msgs/include/aero_hand_open_msgs/aero_hand_open_msgs/msg/detail/actuator_control__rosidl_typesupport_introspection_cpp.hpp
-- Installing: /home/kkkk/bxi_arm_v2/install/aero_hand_open_msgs/include/aero_hand_open_msgs/aero_hand_open_msgs/msg/detail/hand_mocap__rosidl_typesupport_introspection_cpp.hpp
-- Installing: /home/kkkk/bxi_arm_v2/install/aero_hand_open_msgs/include/aero_hand_open_msgs/aero_hand_open_msgs/msg/detail/actuator_control__type_support.cpp
-- Installing: /home/kkkk/bxi_arm_v2/install/aero_hand_open_msgs/include/aero_hand_open_msgs/aero_hand_open_msgs/msg/detail/hand_mocap__type_support.cpp
-- Installing: /home/kkkk/bxi_arm_v2/install/aero_hand_open_msgs/include/aero_hand_open_msgs/aero_hand_open_msgs/msg/detail/actuator_states__type_support.cpp
-- Installing: /home/kkkk/bxi_arm_v2/install/aero_hand_open_msgs/include/aero_hand_open_msgs/aero_hand_open_msgs/msg/detail/joint_control__rosidl_typesupport_introspection_cpp.hpp
-- Installing: /home/kkkk/bxi_arm_v2/install/aero_hand_open_msgs/include/aero_hand_open_msgs/aero_hand_open_msgs/msg/detail/actuator_states__rosidl_typesupport_introspection_cpp.hpp
-- Installing: /home/kkkk/bxi_arm_v2/install/aero_hand_open_msgs/include/aero_hand_open_msgs/aero_hand_open_msgs/msg/detail/joint_control__type_support.cpp
-- Installing: /home/kkkk/bxi_arm_v2/install/aero_hand_open_msgs/lib/libaero_hand_open_msgs__rosidl_typesupport_introspection_cpp.so
-- Set runtime path of "/home/kkkk/bxi_arm_v2/install/aero_hand_open_msgs/lib/libaero_hand_open_msgs__rosidl_typesupport_introspection_cpp.so" to ""
-- Installing: /home/kkkk/bxi_arm_v2/install/aero_hand_open_msgs/lib/libaero_hand_open_msgs__rosidl_typesupport_cpp.so
-- Set runtime path of "/home/kkkk/bxi_arm_v2/install/aero_hand_open_msgs/lib/libaero_hand_open_msgs__rosidl_typesupport_cpp.so" to ""
-- Installing: /home/kkkk/bxi_arm_v2/install/aero_hand_open_msgs/share/aero_hand_open_msgs/environment/pythonpath.sh
-- Installing: /home/kkkk/bxi_arm_v2/install/aero_hand_open_msgs/share/aero_hand_open_msgs/environment/pythonpath.dsv
-- Installing: /home/kkkk/bxi_arm_v2/install/aero_hand_open_msgs/lib/python3.10/site-packages/aero_hand_open_msgs-0.0.0-py3.10.egg-info
-- Installing: /home/kkkk/bxi_arm_v2/install/aero_hand_open_msgs/lib/python3.10/site-packages/aero_hand_open_msgs-0.0.0-py3.10.egg-info/PKG-INFO
-- Installing: /home/kkkk/bxi_arm_v2/install/aero_hand_open_msgs/lib/python3.10/site-packages/aero_hand_open_msgs-0.0.0-py3.10.egg-info/SOURCES.txt
-- Installing: /home/kkkk/bxi_arm_v2/install/aero_hand_open_msgs/lib/python3.10/site-packages/aero_hand_open_msgs-0.0.0-py3.10.egg-info/top_level.txt
-- Installing: /home/kkkk/bxi_arm_v2/install/aero_hand_open_msgs/lib/python3.10/site-packages/aero_hand_open_msgs-0.0.0-py3.10.egg-info/dependency_links.txt
-- Installing: /home/kkkk/bxi_arm_v2/install/aero_hand_open_msgs/lib/python3.10/site-packages/aero_hand_open_msgs
-- Installing: /home/kkkk/bxi_arm_v2/install/aero_hand_open_msgs/lib/python3.10/site-packages/aero_hand_open_msgs/aero_hand_open_msgs_s__rosidl_typesupport_fastrtps_c.cpython-310-x86_64-linux-gnu.so
-- Installing: /home/kkkk/bxi_arm_v2/install/aero_hand_open_msgs/lib/python3.10/site-packages/aero_hand_open_msgs/aero_hand_open_msgs_s__rosidl_typesupport_c.cpython-310-x86_64-linux-gnu.so
-- Installing: /home/kkkk/bxi_arm_v2/install/aero_hand_open_msgs/lib/python3.10/site-packages/aero_hand_open_msgs/_aero_hand_open_msgs_s.ep.rosidl_typesupport_fastrtps_c.c
-- Installing: /home/kkkk/bxi_arm_v2/install/aero_hand_open_msgs/lib/python3.10/site-packages/aero_hand_open_msgs/_aero_hand_open_msgs_s.ep.rosidl_typesupport_c.c
-- Installing: /home/kkkk/bxi_arm_v2/install/aero_hand_open_msgs/lib/python3.10/site-packages/aero_hand_open_msgs/msg
-- Installing: /home/kkkk/bxi_arm_v2/install/aero_hand_open_msgs/lib/python3.10/site-packages/aero_hand_open_msgs/msg/_joint_control_s.c
-- Installing: /home/kkkk/bxi_arm_v2/install/aero_hand_open_msgs/lib/python3.10/site-packages/aero_hand_open_msgs/msg/_actuator_states_s.c
-- Installing: /home/kkkk/bxi_arm_v2/install/aero_hand_open_msgs/lib/python3.10/site-packages/aero_hand_open_msgs/msg/_joint_control.py
-- Installing: /home/kkkk/bxi_arm_v2/install/aero_hand_open_msgs/lib/python3.10/site-packages/aero_hand_open_msgs/msg/_actuator_control_s.c
-- Installing: /home/kkkk/bxi_arm_v2/install/aero_hand_open_msgs/lib/python3.10/site-packages/aero_hand_open_msgs/msg/_hand_mocap_s.c
-- Installing: /home/kkkk/bxi_arm_v2/install/aero_hand_open_msgs/lib/python3.10/site-packages/aero_hand_open_msgs/msg/_hand_mocap.py
-- Installing: /home/kkkk/bxi_arm_v2/install/aero_hand_open_msgs/lib/python3.10/site-packages/aero_hand_open_msgs/msg/__init__.py
-- Installing: /home/kkkk/bxi_arm_v2/install/aero_hand_open_msgs/lib/python3.10/site-packages/aero_hand_open_msgs/msg/_actuator_control.py
-- Installing: /home/kkkk/bxi_arm_v2/install/aero_hand_open_msgs/lib/python3.10/site-packages/aero_hand_open_msgs/msg/_actuator_states.py
-- Installing: /home/kkkk/bxi_arm_v2/install/aero_hand_open_msgs/lib/python3.10/site-packages/aero_hand_open_msgs/libaero_hand_open_msgs__rosidl_generator_py.so
-- Installing: /home/kkkk/bxi_arm_v2/install/aero_hand_open_msgs/lib/python3.10/site-packages/aero_hand_open_msgs/__init__.py
-- Installing: /home/kkkk/bxi_arm_v2/install/aero_hand_open_msgs/lib/python3.10/site-packages/aero_hand_open_msgs/_aero_hand_open_msgs_s.ep.rosidl_typesupport_introspection_c.c
-- Installing: /home/kkkk/bxi_arm_v2/install/aero_hand_open_msgs/lib/python3.10/site-packages/aero_hand_open_msgs/aero_hand_open_msgs_s__rosidl_typesupport_introspection_c.cpython-310-x86_64-linux-gnu.so
Listing '/home/kkkk/bxi_arm_v2/install/aero_hand_open_msgs/lib/python3.10/site-packages/aero_hand_open_msgs'...
Compiling '/home/kkkk/bxi_arm_v2/install/aero_hand_open_msgs/lib/python3.10/site-packages/aero_hand_open_msgs/__init__.py'...
Listing '/home/kkkk/bxi_arm_v2/install/aero_hand_open_msgs/lib/python3.10/site-packages/aero_hand_open_msgs/msg'...
Compiling '/home/kkkk/bxi_arm_v2/install/aero_hand_open_msgs/lib/python3.10/site-packages/aero_hand_open_msgs/msg/__init__.py'...
Compiling '/home/kkkk/bxi_arm_v2/install/aero_hand_open_msgs/lib/python3.10/site-packages/aero_hand_open_msgs/msg/_actuator_control.py'...
Compiling '/home/kkkk/bxi_arm_v2/install/aero_hand_open_msgs/lib/python3.10/site-packages/aero_hand_open_msgs/msg/_actuator_states.py'...
Compiling '/home/kkkk/bxi_arm_v2/install/aero_hand_open_msgs/lib/python3.10/site-packages/aero_hand_open_msgs/msg/_hand_mocap.py'...
Compiling '/home/kkkk/bxi_arm_v2/install/aero_hand_open_msgs/lib/python3.10/site-packages/aero_hand_open_msgs/msg/_joint_control.py'...
-- Installing: /home/kkkk/bxi_arm_v2/install/aero_hand_open_msgs/lib/python3.10/site-packages/aero_hand_open_msgs/aero_hand_open_msgs_s__rosidl_typesupport_fastrtps_c.cpython-310-x86_64-linux-gnu.so
-- Set runtime path of "/home/kkkk/bxi_arm_v2/install/aero_hand_open_msgs/lib/python3.10/site-packages/aero_hand_open_msgs/aero_hand_open_msgs_s__rosidl_typesupport_fastrtps_c.cpython-310-x86_64-linux-gnu.so" to ""
-- Installing: /home/kkkk/bxi_arm_v2/install/aero_hand_open_msgs/lib/python3.10/site-packages/aero_hand_open_msgs/aero_hand_open_msgs_s__rosidl_typesupport_introspection_c.cpython-310-x86_64-linux-gnu.so
-- Set runtime path of "/home/kkkk/bxi_arm_v2/install/aero_hand_open_msgs/lib/python3.10/site-packages/aero_hand_open_msgs/aero_hand_open_msgs_s__rosidl_typesupport_introspection_c.cpython-310-x86_64-linux-gnu.so" to ""
-- Installing: /home/kkkk/bxi_arm_v2/install/aero_hand_open_msgs/lib/python3.10/site-packages/aero_hand_open_msgs/aero_hand_open_msgs_s__rosidl_typesupport_c.cpython-310-x86_64-linux-gnu.so
-- Set runtime path of "/home/kkkk/bxi_arm_v2/install/aero_hand_open_msgs/lib/python3.10/site-packages/aero_hand_open_msgs/aero_hand_open_msgs_s__rosidl_typesupport_c.cpython-310-x86_64-linux-gnu.so" to ""
-- Installing: /home/kkkk/bxi_arm_v2/install/aero_hand_open_msgs/lib/libaero_hand_open_msgs__rosidl_generator_py.so
-- Set runtime path of "/home/kkkk/bxi_arm_v2/install/aero_hand_open_msgs/lib/libaero_hand_open_msgs__rosidl_generator_py.so" to ""
-- Installing: /home/kkkk/bxi_arm_v2/install/aero_hand_open_msgs/share/aero_hand_open_msgs/msg/JointControl.idl
-- Installing: /home/kkkk/bxi_arm_v2/install/aero_hand_open_msgs/share/aero_hand_open_msgs/msg/ActuatorControl.idl
-- Installing: /home/kkkk/bxi_arm_v2/install/aero_hand_open_msgs/share/aero_hand_open_msgs/msg/ActuatorStates.idl
-- Installing: /home/kkkk/bxi_arm_v2/install/aero_hand_open_msgs/share/aero_hand_open_msgs/msg/HandMocap.idl
-- Installing: /home/kkkk/bxi_arm_v2/install/aero_hand_open_msgs/share/aero_hand_open_msgs/msg/JointControl.msg
-- Installing: /home/kkkk/bxi_arm_v2/install/aero_hand_open_msgs/share/aero_hand_open_msgs/msg/ActuatorControl.msg
-- Installing: /home/kkkk/bxi_arm_v2/install/aero_hand_open_msgs/share/aero_hand_open_msgs/msg/ActuatorStates.msg
-- Installing: /home/kkkk/bxi_arm_v2/install/aero_hand_open_msgs/share/aero_hand_open_msgs/msg/HandMocap.msg
-- Installing: /home/kkkk/bxi_arm_v2/install/aero_hand_open_msgs/share/ament_index/resource_index/package_run_dependencies/aero_hand_open_msgs
-- Installing: /home/kkkk/bxi_arm_v2/install/aero_hand_open_msgs/share/ament_index/resource_index/parent_prefix_path/aero_hand_open_msgs
-- Installing: /home/kkkk/bxi_arm_v2/install/aero_hand_open_msgs/share/aero_hand_open_msgs/environment/ament_prefix_path.sh
-- Installing: /home/kkkk/bxi_arm_v2/install/aero_hand_open_msgs/share/aero_hand_open_msgs/environment/ament_prefix_path.dsv
-- Installing: /home/kkkk/bxi_arm_v2/install/aero_hand_open_msgs/share/aero_hand_open_msgs/environment/path.sh
-- Installing: /home/kkkk/bxi_arm_v2/install/aero_hand_open_msgs/share/aero_hand_open_msgs/environment/path.dsv
-- Installing: /home/kkkk/bxi_arm_v2/install/aero_hand_open_msgs/share/aero_hand_open_msgs/local_setup.bash
-- Installing: /home/kkkk/bxi_arm_v2/install/aero_hand_open_msgs/share/aero_hand_open_msgs/local_setup.sh
-- Installing: /home/kkkk/bxi_arm_v2/install/aero_hand_open_msgs/share/aero_hand_open_msgs/local_setup.zsh
-- Installing: /home/kkkk/bxi_arm_v2/install/aero_hand_open_msgs/share/aero_hand_open_msgs/local_setup.dsv
-- Installing: /home/kkkk/bxi_arm_v2/install/aero_hand_open_msgs/share/aero_hand_open_msgs/package.dsv
-- Installing: /home/kkkk/bxi_arm_v2/install/aero_hand_open_msgs/share/ament_index/resource_index/packages/aero_hand_open_msgs
-- Installing: /home/kkkk/bxi_arm_v2/install/aero_hand_open_msgs/share/aero_hand_open_msgs/cmake/export_aero_hand_open_msgs__rosidl_generator_cExport.cmake
-- Installing: /home/kkkk/bxi_arm_v2/install/aero_hand_open_msgs/share/aero_hand_open_msgs/cmake/export_aero_hand_open_msgs__rosidl_generator_cExport-release.cmake
-- Installing: /home/kkkk/bxi_arm_v2/install/aero_hand_open_msgs/share/aero_hand_open_msgs/cmake/export_aero_hand_open_msgs__rosidl_typesupport_fastrtps_cExport.cmake
-- Installing: /home/kkkk/bxi_arm_v2/install/aero_hand_open_msgs/share/aero_hand_open_msgs/cmake/export_aero_hand_open_msgs__rosidl_typesupport_fastrtps_cExport-release.cmake
-- Installing: /home/kkkk/bxi_arm_v2/install/aero_hand_open_msgs/share/aero_hand_open_msgs/cmake/export_aero_hand_open_msgs__rosidl_generator_cppExport.cmake
-- Installing: /home/kkkk/bxi_arm_v2/install/aero_hand_open_msgs/share/aero_hand_open_msgs/cmake/export_aero_hand_open_msgs__rosidl_typesupport_fastrtps_cppExport.cmake
-- Installing: /home/kkkk/bxi_arm_v2/install/aero_hand_open_msgs/share/aero_hand_open_msgs/cmake/export_aero_hand_open_msgs__rosidl_typesupport_fastrtps_cppExport-release.cmake
-- Installing: /home/kkkk/bxi_arm_v2/install/aero_hand_open_msgs/share/aero_hand_open_msgs/cmake/aero_hand_open_msgs__rosidl_typesupport_introspection_cExport.cmake
-- Installing: /home/kkkk/bxi_arm_v2/install/aero_hand_open_msgs/share/aero_hand_open_msgs/cmake/aero_hand_open_msgs__rosidl_typesupport_introspection_cExport-release.cmake
-- Installing: /home/kkkk/bxi_arm_v2/install/aero_hand_open_msgs/share/aero_hand_open_msgs/cmake/aero_hand_open_msgs__rosidl_typesupport_cExport.cmake
-- Installing: /home/kkkk/bxi_arm_v2/install/aero_hand_open_msgs/share/aero_hand_open_msgs/cmake/aero_hand_open_msgs__rosidl_typesupport_cExport-release.cmake
-- Installing: /home/kkkk/bxi_arm_v2/install/aero_hand_open_msgs/share/aero_hand_open_msgs/cmake/aero_hand_open_msgs__rosidl_typesupport_introspection_cppExport.cmake
-- Installing: /home/kkkk/bxi_arm_v2/install/aero_hand_open_msgs/share/aero_hand_open_msgs/cmake/aero_hand_open_msgs__rosidl_typesupport_introspection_cppExport-release.cmake
-- Installing: /home/kkkk/bxi_arm_v2/install/aero_hand_open_msgs/share/aero_hand_open_msgs/cmake/aero_hand_open_msgs__rosidl_typesupport_cppExport.cmake
-- Installing: /home/kkkk/bxi_arm_v2/install/aero_hand_open_msgs/share/aero_hand_open_msgs/cmake/aero_hand_open_msgs__rosidl_typesupport_cppExport-release.cmake
-- Installing: /home/kkkk/bxi_arm_v2/install/aero_hand_open_msgs/share/aero_hand_open_msgs/cmake/export_aero_hand_open_msgs__rosidl_generator_pyExport.cmake
-- Installing: /home/kkkk/bxi_arm_v2/install/aero_hand_open_msgs/share/aero_hand_open_msgs/cmake/export_aero_hand_open_msgs__rosidl_generator_pyExport-release.cmake
-- Installing: /home/kkkk/bxi_arm_v2/install/aero_hand_open_msgs/share/aero_hand_open_msgs/cmake/rosidl_cmake-extras.cmake
-- Installing: /home/kkkk/bxi_arm_v2/install/aero_hand_open_msgs/share/aero_hand_open_msgs/cmake/ament_cmake_export_dependencies-extras.cmake
-- Installing: /home/kkkk/bxi_arm_v2/install/aero_hand_open_msgs/share/aero_hand_open_msgs/cmake/ament_cmake_export_include_directories-extras.cmake
-- Installing: /home/kkkk/bxi_arm_v2/install/aero_hand_open_msgs/share/aero_hand_open_msgs/cmake/ament_cmake_export_libraries-extras.cmake
-- Installing: /home/kkkk/bxi_arm_v2/install/aero_hand_open_msgs/share/aero_hand_open_msgs/cmake/ament_cmake_export_targets-extras.cmake
-- Installing: /home/kkkk/bxi_arm_v2/install/aero_hand_open_msgs/share/aero_hand_open_msgs/cmake/rosidl_cmake_export_typesupport_targets-extras.cmake
-- Installing: /home/kkkk/bxi_arm_v2/install/aero_hand_open_msgs/share/aero_hand_open_msgs/cmake/rosidl_cmake_export_typesupport_libraries-extras.cmake
-- Installing: /home/kkkk/bxi_arm_v2/install/aero_hand_open_msgs/share/aero_hand_open_msgs/cmake/aero_hand_open_msgsConfig.cmake
-- Installing: /home/kkkk/bxi_arm_v2/install/aero_hand_open_msgs/share/aero_hand_open_msgs/cmake/aero_hand_open_msgsConfig-version.cmake
-- Installing: /home/kkkk/bxi_arm_v2/install/aero_hand_open_msgs/share/aero_hand_open_msgs/package.xml
