[2.340s] Invoking command in '/home/kkkk/bxi_arm_v2/src/hand_control': CONDA_PROMPT_MODIFIER=(ikpy) PYTHONPATH=/home/kkkk/bxi_arm_v2/build/hand_control/prefix_override:/home/kkkk/miniconda3/envs/ikpy/lib/python3.10/site-packages/colcon_core/task/python/colcon_distutils_commands:/home/kkkk/bxi_arm_v2/install/hand_control/lib/python3.10/site-packages:${PYTHONPATH} /home/kkkk/miniconda3/envs/ikpy/bin/python3.10 -W ignore:setup.py install is deprecated -W ignore:easy_install command is deprecated setup.py egg_info --egg-base ../../build/hand_control build --build-base /home/kkkk/bxi_arm_v2/build/hand_control/build install --record /home/kkkk/bxi_arm_v2/build/hand_control/install.log --single-version-externally-managed install_data
[2.729s] running egg_info
[2.767s] creating ../../build/hand_control/hand_control.egg-info
[2.769s] writing ../../build/hand_control/hand_control.egg-info/PKG-INFO
[2.769s] writing dependency_links to ../../build/hand_control/hand_control.egg-info/dependency_links.txt
[2.773s] writing entry points to ../../build/hand_control/hand_control.egg-info/entry_points.txt
[2.774s] writing requirements to ../../build/hand_control/hand_control.egg-info/requires.txt
[2.774s] writing top-level names to ../../build/hand_control/hand_control.egg-info/top_level.txt
[2.774s] writing manifest file '../../build/hand_control/hand_control.egg-info/SOURCES.txt'
[2.815s] reading manifest file '../../build/hand_control/hand_control.egg-info/SOURCES.txt'
[2.819s] writing manifest file '../../build/hand_control/hand_control.egg-info/SOURCES.txt'
[2.819s] running build
[2.819s] running build_py
[2.821s] creating /home/kkkk/bxi_arm_v2/build/hand_control/build/lib/hand_control
[2.821s] copying hand_control/hand_control.py -> /home/kkkk/bxi_arm_v2/build/hand_control/build/lib/hand_control
[2.821s] copying hand_control/__init__.py -> /home/kkkk/bxi_arm_v2/build/hand_control/build/lib/hand_control
[2.821s] running install
[2.835s] running install_lib
[2.851s] creating /home/kkkk/bxi_arm_v2/install/hand_control/lib/python3.10/site-packages/hand_control
[2.852s] copying /home/kkkk/bxi_arm_v2/build/hand_control/build/lib/hand_control/hand_control.py -> /home/kkkk/bxi_arm_v2/install/hand_control/lib/python3.10/site-packages/hand_control
[2.852s] copying /home/kkkk/bxi_arm_v2/build/hand_control/build/lib/hand_control/__init__.py -> /home/kkkk/bxi_arm_v2/install/hand_control/lib/python3.10/site-packages/hand_control
[2.853s] byte-compiling /home/kkkk/bxi_arm_v2/install/hand_control/lib/python3.10/site-packages/hand_control/hand_control.py to hand_control.cpython-310.pyc
[2.854s] byte-compiling /home/kkkk/bxi_arm_v2/install/hand_control/lib/python3.10/site-packages/hand_control/__init__.py to __init__.cpython-310.pyc
[2.855s] running install_data
[2.855s] creating /home/kkkk/bxi_arm_v2/install/hand_control/share/ament_index/resource_index/packages
[2.856s] copying resource/hand_control -> /home/kkkk/bxi_arm_v2/install/hand_control/share/ament_index/resource_index/packages
[2.856s] copying package.xml -> /home/kkkk/bxi_arm_v2/install/hand_control/share/hand_control
[2.856s] running install_egg_info
[2.876s] Copying ../../build/hand_control/hand_control.egg-info to /home/kkkk/bxi_arm_v2/install/hand_control/lib/python3.10/site-packages/hand_control-0.0.0-py3.10.egg-info
[2.877s] running install_scripts
[3.028s] Installing hand_control script to /home/kkkk/bxi_arm_v2/install/hand_control/lib/hand_control
[3.028s] writing list of installed files to '/home/kkkk/bxi_arm_v2/build/hand_control/install.log'
[3.156s] Invoked command in '/home/kkkk/bxi_arm_v2/src/hand_control' returned '0': CONDA_PROMPT_MODIFIER=(ikpy) PYTHONPATH=/home/kkkk/bxi_arm_v2/build/hand_control/prefix_override:/home/kkkk/miniconda3/envs/ikpy/lib/python3.10/site-packages/colcon_core/task/python/colcon_distutils_commands:/home/kkkk/bxi_arm_v2/install/hand_control/lib/python3.10/site-packages:${PYTHONPATH} /home/kkkk/miniconda3/envs/ikpy/bin/python3.10 -W ignore:setup.py install is deprecated -W ignore:easy_install command is deprecated setup.py egg_info --egg-base ../../build/hand_control build --build-base /home/kkkk/bxi_arm_v2/build/hand_control/build install --record /home/kkkk/bxi_arm_v2/build/hand_control/install.log --single-version-externally-managed install_data
