[0.228s] Invoking command in '/home/kkkk/bxi_arm_v2/build/bxi_example': CMAKE_PREFIX_PATH=${CMAKE_PREFIX_PATH}:/home/kkkk/bxi_arm_v2/install/hand_control:/home/kkkk/bxi_arm_v2/install/fake_trigger:/home/kkkk/bxi_arm_v2/install/elf3_arm_ikpy_control_pico:/home/kkkk/bxi_arm_v2/install/elf3_arm_bringup:/home/kkkk/bxi_arm_v2/install/bxi_example_py_trunk_neck:/home/kkkk/bxi_arm_v2/install/bxi_example_py_trunk:/home/kkkk/bxi_arm_v2/install/bxi_example_py_foot:/home/kkkk/bxi_arm_v2/install/bxi_example_py_elf3:/home/kkkk/bxi_arm_v2/install/bxi_example_py_armrc:/home/kkkk/bxi_arm_v2/install/bxi_example_py_arm:/home/kkkk/bxi_arm_v2/install/bxi_example_py_ankle:/home/kkkk/bxi_arm_v2/install/bxi_example_py:/home/kkkk/bxi_arm_v2/install/aero_hand_open_teleop:/home/kkkk/bxi_arm_v2/install/aero_hand_open_rl:/home/kkkk/bxi_arm_v2/install/aero_hand_open:/home/kkkk/bxi_arm_v2/install/aero_hand_open_description:/home/kkkk/moveit2/install/moveit_configs_utils:/home/kkkk/moveit2/install/launch_param_builder:/opt/ros/humble CONDA_PROMPT_MODIFIER=(ikpy) /usr/bin/cmake --build /home/kkkk/bxi_arm_v2/build/bxi_example -- -j16 -l16
[1.647s] [35m[1mConsolidate compiler generated dependencies of target bxi_example[0m
[1.647s] [100%] Built target bxi_example
[1.778s] Invoked command in '/home/kkkk/bxi_arm_v2/build/bxi_example' returned '0': CMAKE_PREFIX_PATH=${CMAKE_PREFIX_PATH}:/home/kkkk/bxi_arm_v2/install/hand_control:/home/kkkk/bxi_arm_v2/install/fake_trigger:/home/kkkk/bxi_arm_v2/install/elf3_arm_ikpy_control_pico:/home/kkkk/bxi_arm_v2/install/elf3_arm_bringup:/home/kkkk/bxi_arm_v2/install/bxi_example_py_trunk_neck:/home/kkkk/bxi_arm_v2/install/bxi_example_py_trunk:/home/kkkk/bxi_arm_v2/install/bxi_example_py_foot:/home/kkkk/bxi_arm_v2/install/bxi_example_py_elf3:/home/kkkk/bxi_arm_v2/install/bxi_example_py_armrc:/home/kkkk/bxi_arm_v2/install/bxi_example_py_arm:/home/kkkk/bxi_arm_v2/install/bxi_example_py_ankle:/home/kkkk/bxi_arm_v2/install/bxi_example_py:/home/kkkk/bxi_arm_v2/install/aero_hand_open_teleop:/home/kkkk/bxi_arm_v2/install/aero_hand_open_rl:/home/kkkk/bxi_arm_v2/install/aero_hand_open:/home/kkkk/bxi_arm_v2/install/aero_hand_open_description:/home/kkkk/moveit2/install/moveit_configs_utils:/home/kkkk/moveit2/install/launch_param_builder:/opt/ros/humble CONDA_PROMPT_MODIFIER=(ikpy) /usr/bin/cmake --build /home/kkkk/bxi_arm_v2/build/bxi_example -- -j16 -l16
[1.788s] Invoking command in '/home/kkkk/bxi_arm_v2/build/bxi_example': CMAKE_PREFIX_PATH=${CMAKE_PREFIX_PATH}:/home/kkkk/bxi_arm_v2/install/hand_control:/home/kkkk/bxi_arm_v2/install/fake_trigger:/home/kkkk/bxi_arm_v2/install/elf3_arm_ikpy_control_pico:/home/kkkk/bxi_arm_v2/install/elf3_arm_bringup:/home/kkkk/bxi_arm_v2/install/bxi_example_py_trunk_neck:/home/kkkk/bxi_arm_v2/install/bxi_example_py_trunk:/home/kkkk/bxi_arm_v2/install/bxi_example_py_foot:/home/kkkk/bxi_arm_v2/install/bxi_example_py_elf3:/home/kkkk/bxi_arm_v2/install/bxi_example_py_armrc:/home/kkkk/bxi_arm_v2/install/bxi_example_py_arm:/home/kkkk/bxi_arm_v2/install/bxi_example_py_ankle:/home/kkkk/bxi_arm_v2/install/bxi_example_py:/home/kkkk/bxi_arm_v2/install/aero_hand_open_teleop:/home/kkkk/bxi_arm_v2/install/aero_hand_open_rl:/home/kkkk/bxi_arm_v2/install/aero_hand_open:/home/kkkk/bxi_arm_v2/install/aero_hand_open_description:/home/kkkk/moveit2/install/moveit_configs_utils:/home/kkkk/moveit2/install/launch_param_builder:/opt/ros/humble CONDA_PROMPT_MODIFIER=(ikpy) /usr/bin/cmake --install /home/kkkk/bxi_arm_v2/build/bxi_example
[1.797s] -- Install configuration: "Release"
[1.797s] -- Up-to-date: /home/kkkk/bxi_arm_v2/install/bxi_example/lib/bxi_example/bxi_example
[1.798s] -- Up-to-date: /home/kkkk/bxi_arm_v2/install/bxi_example/share/bxi_example/launch
[1.798s] -- Up-to-date: /home/kkkk/bxi_arm_v2/install/bxi_example/share/bxi_example/launch/example_launch.py
[1.798s] -- Up-to-date: /home/kkkk/bxi_arm_v2/install/bxi_example/share/bxi_example/launch/example_launch_hw.py
[1.798s] -- Up-to-date: /home/kkkk/bxi_arm_v2/install/bxi_example/share/ament_index/resource_index/package_run_dependencies/bxi_example
[1.798s] -- Up-to-date: /home/kkkk/bxi_arm_v2/install/bxi_example/share/ament_index/resource_index/parent_prefix_path/bxi_example
[1.798s] -- Up-to-date: /home/kkkk/bxi_arm_v2/install/bxi_example/share/bxi_example/environment/ament_prefix_path.sh
[1.798s] -- Up-to-date: /home/kkkk/bxi_arm_v2/install/bxi_example/share/bxi_example/environment/ament_prefix_path.dsv
[1.798s] -- Up-to-date: /home/kkkk/bxi_arm_v2/install/bxi_example/share/bxi_example/environment/path.sh
[1.798s] -- Up-to-date: /home/kkkk/bxi_arm_v2/install/bxi_example/share/bxi_example/environment/path.dsv
[1.798s] -- Up-to-date: /home/kkkk/bxi_arm_v2/install/bxi_example/share/bxi_example/local_setup.bash
[1.798s] -- Up-to-date: /home/kkkk/bxi_arm_v2/install/bxi_example/share/bxi_example/local_setup.sh
[1.798s] -- Up-to-date: /home/kkkk/bxi_arm_v2/install/bxi_example/share/bxi_example/local_setup.zsh
[1.798s] -- Up-to-date: /home/kkkk/bxi_arm_v2/install/bxi_example/share/bxi_example/local_setup.dsv
[1.798s] -- Installing: /home/kkkk/bxi_arm_v2/install/bxi_example/share/bxi_example/package.dsv
[1.798s] -- Up-to-date: /home/kkkk/bxi_arm_v2/install/bxi_example/share/ament_index/resource_index/packages/bxi_example
[1.798s] -- Up-to-date: /home/kkkk/bxi_arm_v2/install/bxi_example/share/bxi_example/cmake/bxi_exampleConfig.cmake
[1.798s] -- Up-to-date: /home/kkkk/bxi_arm_v2/install/bxi_example/share/bxi_example/cmake/bxi_exampleConfig-version.cmake
[1.798s] -- Up-to-date: /home/kkkk/bxi_arm_v2/install/bxi_example/share/bxi_example/package.xml
[1.836s] Invoked command in '/home/kkkk/bxi_arm_v2/build/bxi_example' returned '0': CMAKE_PREFIX_PATH=${CMAKE_PREFIX_PATH}:/home/kkkk/bxi_arm_v2/install/hand_control:/home/kkkk/bxi_arm_v2/install/fake_trigger:/home/kkkk/bxi_arm_v2/install/elf3_arm_ikpy_control_pico:/home/kkkk/bxi_arm_v2/install/elf3_arm_bringup:/home/kkkk/bxi_arm_v2/install/bxi_example_py_trunk_neck:/home/kkkk/bxi_arm_v2/install/bxi_example_py_trunk:/home/kkkk/bxi_arm_v2/install/bxi_example_py_foot:/home/kkkk/bxi_arm_v2/install/bxi_example_py_elf3:/home/kkkk/bxi_arm_v2/install/bxi_example_py_armrc:/home/kkkk/bxi_arm_v2/install/bxi_example_py_arm:/home/kkkk/bxi_arm_v2/install/bxi_example_py_ankle:/home/kkkk/bxi_arm_v2/install/bxi_example_py:/home/kkkk/bxi_arm_v2/install/aero_hand_open_teleop:/home/kkkk/bxi_arm_v2/install/aero_hand_open_rl:/home/kkkk/bxi_arm_v2/install/aero_hand_open:/home/kkkk/bxi_arm_v2/install/aero_hand_open_description:/home/kkkk/moveit2/install/moveit_configs_utils:/home/kkkk/moveit2/install/launch_param_builder:/opt/ros/humble CONDA_PROMPT_MODIFIER=(ikpy) /usr/bin/cmake --install /home/kkkk/bxi_arm_v2/build/bxi_example
