[2.588s] Invoking command in '/home/kkkk/bxi_arm_v2/src/bxi_rl_controller_ros2_example/src/bxi_example_py_elf3': CONDA_PROMPT_MODIFIER=(ikpy) PYTHONPATH=/home/kkkk/bxi_arm_v2/build/bxi_example_py_elf3/prefix_override:/home/kkkk/miniconda3/envs/ikpy/lib/python3.10/site-packages/colcon_core/task/python/colcon_distutils_commands:/home/kkkk/bxi_arm_v2/install/bxi_example_py_elf3/lib/python3.10/site-packages:${PYTHONPATH} /home/kkkk/miniconda3/envs/ikpy/bin/python3.10 -W ignore:setup.py install is deprecated -W ignore:easy_install command is deprecated setup.py egg_info --egg-base ../../../../build/bxi_example_py_elf3 build --build-base /home/kkkk/bxi_arm_v2/build/bxi_example_py_elf3/build install --record /home/kkkk/bxi_arm_v2/build/bxi_example_py_elf3/install.log --single-version-externally-managed install_data
[3.155s] running egg_info
[3.155s] writing ../../../../build/bxi_example_py_elf3/bxi_example_py_elf3.egg-info/PKG-INFO
[3.155s] writing dependency_links to ../../../../build/bxi_example_py_elf3/bxi_example_py_elf3.egg-info/dependency_links.txt
[3.155s] writing entry points to ../../../../build/bxi_example_py_elf3/bxi_example_py_elf3.egg-info/entry_points.txt
[3.155s] writing requirements to ../../../../build/bxi_example_py_elf3/bxi_example_py_elf3.egg-info/requires.txt
[3.155s] writing top-level names to ../../../../build/bxi_example_py_elf3/bxi_example_py_elf3.egg-info/top_level.txt
[3.155s] reading manifest file '../../../../build/bxi_example_py_elf3/bxi_example_py_elf3.egg-info/SOURCES.txt'
[3.155s] writing manifest file '../../../../build/bxi_example_py_elf3/bxi_example_py_elf3.egg-info/SOURCES.txt'
[3.155s] running build
[3.155s] running build_py
[3.155s] copying bxi_example_py_elf3/bxi_example_mjlab.py -> /home/kkkk/bxi_arm_v2/build/bxi_example_py_elf3/build/lib/bxi_example_py_elf3
[3.155s] running install
[3.156s] running install_lib
[3.156s] running install_data
[3.156s] copying launch/example_launch_run.py -> /home/kkkk/bxi_arm_v2/install/bxi_example_py_elf3/share/bxi_example_py_elf3/launch
[3.156s] copying launch/example_launch_mjlab_hw.py -> /home/kkkk/bxi_arm_v2/install/bxi_example_py_elf3/share/bxi_example_py_elf3/launch
[3.156s] copying launch/example_launch_run_hw.py -> /home/kkkk/bxi_arm_v2/install/bxi_example_py_elf3/share/bxi_example_py_elf3/launch
[3.156s] copying launch/example_launch_mjlab.py -> /home/kkkk/bxi_arm_v2/install/bxi_example_py_elf3/share/bxi_example_py_elf3/launch
[3.156s] running install_egg_info
[3.156s] removing '/home/kkkk/bxi_arm_v2/install/bxi_example_py_elf3/lib/python3.10/site-packages/bxi_example_py_elf3-0.0.0-py3.10.egg-info' (and everything under it)
[3.156s] Copying ../../../../build/bxi_example_py_elf3/bxi_example_py_elf3.egg-info to /home/kkkk/bxi_arm_v2/install/bxi_example_py_elf3/lib/python3.10/site-packages/bxi_example_py_elf3-0.0.0-py3.10.egg-info
[3.156s] running install_scripts
[3.156s] Installing bxi_example_py_elf3_dance script to /home/kkkk/bxi_arm_v2/install/bxi_example_py_elf3/lib/bxi_example_py_elf3
[3.156s] Installing bxi_example_py_elf3_demo script to /home/kkkk/bxi_arm_v2/install/bxi_example_py_elf3/lib/bxi_example_py_elf3
[3.156s] Installing bxi_example_py_elf3_mjlab script to /home/kkkk/bxi_arm_v2/install/bxi_example_py_elf3/lib/bxi_example_py_elf3
[3.156s] Installing bxi_example_py_elf3_run script to /home/kkkk/bxi_arm_v2/install/bxi_example_py_elf3/lib/bxi_example_py_elf3
[3.156s] writing list of installed files to '/home/kkkk/bxi_arm_v2/build/bxi_example_py_elf3/install.log'
[3.156s] /home/kkkk/miniconda3/envs/ikpy/lib/python3.10/site-packages/setuptools/_distutils/dist.py:289: UserWarning: Unknown distribution option: 'tests_require'
[3.156s]   warnings.warn(msg)
[3.157s] Invoked command in '/home/kkkk/bxi_arm_v2/src/bxi_rl_controller_ros2_example/src/bxi_example_py_elf3' returned '0': CONDA_PROMPT_MODIFIER=(ikpy) PYTHONPATH=/home/kkkk/bxi_arm_v2/build/bxi_example_py_elf3/prefix_override:/home/kkkk/miniconda3/envs/ikpy/lib/python3.10/site-packages/colcon_core/task/python/colcon_distutils_commands:/home/kkkk/bxi_arm_v2/install/bxi_example_py_elf3/lib/python3.10/site-packages:${PYTHONPATH} /home/kkkk/miniconda3/envs/ikpy/bin/python3.10 -W ignore:setup.py install is deprecated -W ignore:easy_install command is deprecated setup.py egg_info --egg-base ../../../../build/bxi_example_py_elf3 build --build-base /home/kkkk/bxi_arm_v2/build/bxi_example_py_elf3/build install --record /home/kkkk/bxi_arm_v2/build/bxi_example_py_elf3/install.log --single-version-externally-managed install_data
