[2.563s] Invoking command in '/home/kkkk/bxi_arm_v2/src/bxi_rl_controller_ros2_example/src/bxi_example_py_trunk_neck': CONDA_PROMPT_MODIFIER=(ikpy) PYTHONPATH=/home/kkkk/bxi_arm_v2/build/bxi_example_py_trunk_neck/prefix_override:/home/kkkk/miniconda3/envs/ikpy/lib/python3.10/site-packages/colcon_core/task/python/colcon_distutils_commands:/home/kkkk/bxi_arm_v2/install/bxi_example_py_trunk_neck/lib/python3.10/site-packages:${PYTHONPATH} /home/kkkk/miniconda3/envs/ikpy/bin/python3.10 -W ignore:setup.py install is deprecated -W ignore:easy_install command is deprecated setup.py egg_info --egg-base ../../../../build/bxi_example_py_trunk_neck build --build-base /home/kkkk/bxi_arm_v2/build/bxi_example_py_trunk_neck/build install --record /home/kkkk/bxi_arm_v2/build/bxi_example_py_trunk_neck/install.log --single-version-externally-managed install_data
[2.725s] /home/kkkk/miniconda3/envs/ikpy/lib/python3.10/site-packages/setuptools/_distutils/dist.py:289: UserWarning: Unknown distribution option: 'tests_require'
[2.725s]   warnings.warn(msg)
[2.825s] running egg_info
[2.841s] writing ../../../../build/bxi_example_py_trunk_neck/bxi_example_py_trunk_neck.egg-info/PKG-INFO
[2.841s] writing dependency_links to ../../../../build/bxi_example_py_trunk_neck/bxi_example_py_trunk_neck.egg-info/dependency_links.txt
[2.842s] writing entry points to ../../../../build/bxi_example_py_trunk_neck/bxi_example_py_trunk_neck.egg-info/entry_points.txt
[2.842s] writing requirements to ../../../../build/bxi_example_py_trunk_neck/bxi_example_py_trunk_neck.egg-info/requires.txt
[2.842s] writing top-level names to ../../../../build/bxi_example_py_trunk_neck/bxi_example_py_trunk_neck.egg-info/top_level.txt
[2.870s] reading manifest file '../../../../build/bxi_example_py_trunk_neck/bxi_example_py_trunk_neck.egg-info/SOURCES.txt'
[2.872s] writing manifest file '../../../../build/bxi_example_py_trunk_neck/bxi_example_py_trunk_neck.egg-info/SOURCES.txt'
[2.873s] running build
[2.873s] running build_py
[2.873s] running install
[2.877s] running install_lib
[2.895s] running install_data
[2.895s] running install_egg_info
[2.911s] removing '/home/kkkk/bxi_arm_v2/install/bxi_example_py_trunk_neck/lib/python3.10/site-packages/bxi_example_py_trunk_neck-0.0.0-py3.10.egg-info' (and everything under it)
[2.912s] Copying ../../../../build/bxi_example_py_trunk_neck/bxi_example_py_trunk_neck.egg-info to /home/kkkk/bxi_arm_v2/install/bxi_example_py_trunk_neck/lib/python3.10/site-packages/bxi_example_py_trunk_neck-0.0.0-py3.10.egg-info
[2.912s] running install_scripts
[3.027s] Installing bxi_example_py_trunk_neck script to /home/kkkk/bxi_arm_v2/install/bxi_example_py_trunk_neck/lib/bxi_example_py_trunk_neck
[3.028s] writing list of installed files to '/home/kkkk/bxi_arm_v2/build/bxi_example_py_trunk_neck/install.log'
[3.112s] Invoked command in '/home/kkkk/bxi_arm_v2/src/bxi_rl_controller_ros2_example/src/bxi_example_py_trunk_neck' returned '0': CONDA_PROMPT_MODIFIER=(ikpy) PYTHONPATH=/home/kkkk/bxi_arm_v2/build/bxi_example_py_trunk_neck/prefix_override:/home/kkkk/miniconda3/envs/ikpy/lib/python3.10/site-packages/colcon_core/task/python/colcon_distutils_commands:/home/kkkk/bxi_arm_v2/install/bxi_example_py_trunk_neck/lib/python3.10/site-packages:${PYTHONPATH} /home/kkkk/miniconda3/envs/ikpy/bin/python3.10 -W ignore:setup.py install is deprecated -W ignore:easy_install command is deprecated setup.py egg_info --egg-base ../../../../build/bxi_example_py_trunk_neck build --build-base /home/kkkk/bxi_arm_v2/build/bxi_example_py_trunk_neck/build install --record /home/kkkk/bxi_arm_v2/build/bxi_example_py_trunk_neck/install.log --single-version-externally-managed install_data
