running egg_info
creating ../../../../build/bxi_example_py_trunk_neck/bxi_example_py_trunk_neck.egg-info
writing ../../../../build/bxi_example_py_trunk_neck/bxi_example_py_trunk_neck.egg-info/PKG-INFO
writing dependency_links to ../../../../build/bxi_example_py_trunk_neck/bxi_example_py_trunk_neck.egg-info/dependency_links.txt
writing entry points to ../../../../build/bxi_example_py_trunk_neck/bxi_example_py_trunk_neck.egg-info/entry_points.txt
writing requirements to ../../../../build/bxi_example_py_trunk_neck/bxi_example_py_trunk_neck.egg-info/requires.txt
writing top-level names to ../../../../build/bxi_example_py_trunk_neck/bxi_example_py_trunk_neck.egg-info/top_level.txt
writing manifest file '../../../../build/bxi_example_py_trunk_neck/bxi_example_py_trunk_neck.egg-info/SOURCES.txt'
reading manifest file '../../../../build/bxi_example_py_trunk_neck/bxi_example_py_trunk_neck.egg-info/SOURCES.txt'
writing manifest file '../../../../build/bxi_example_py_trunk_neck/bxi_example_py_trunk_neck.egg-info/SOURCES.txt'
running build
running build_py
creating /home/kkkk/bxi_arm_v2/build/bxi_example_py_trunk_neck/build/lib/bxi_example_py_trunk_neck
copying bxi_example_py_trunk_neck/right_arm_handshake_controller.py -> /home/kkkk/bxi_arm_v2/build/bxi_example_py_trunk_neck/build/lib/bxi_example_py_trunk_neck
copying bxi_example_py_trunk_neck/running_arm_controller.py -> /home/kkkk/bxi_arm_v2/build/bxi_example_py_trunk_neck/build/lib/bxi_example_py_trunk_neck
copying bxi_example_py_trunk_neck/bxi_example.py -> /home/kkkk/bxi_arm_v2/build/bxi_example_py_trunk_neck/build/lib/bxi_example_py_trunk_neck
copying bxi_example_py_trunk_neck/__init__.py -> /home/kkkk/bxi_arm_v2/build/bxi_example_py_trunk_neck/build/lib/bxi_example_py_trunk_neck
copying bxi_example_py_trunk_neck/arm_motion_controller.py -> /home/kkkk/bxi_arm_v2/build/bxi_example_py_trunk_neck/build/lib/bxi_example_py_trunk_neck
running install
running install_lib
creating /home/kkkk/bxi_arm_v2/install/bxi_example_py_trunk_neck/lib/python3.10/site-packages/bxi_example_py_trunk_neck
copying /home/kkkk/bxi_arm_v2/build/bxi_example_py_trunk_neck/build/lib/bxi_example_py_trunk_neck/right_arm_handshake_controller.py -> /home/kkkk/bxi_arm_v2/install/bxi_example_py_trunk_neck/lib/python3.10/site-packages/bxi_example_py_trunk_neck
copying /home/kkkk/bxi_arm_v2/build/bxi_example_py_trunk_neck/build/lib/bxi_example_py_trunk_neck/running_arm_controller.py -> /home/kkkk/bxi_arm_v2/install/bxi_example_py_trunk_neck/lib/python3.10/site-packages/bxi_example_py_trunk_neck
copying /home/kkkk/bxi_arm_v2/build/bxi_example_py_trunk_neck/build/lib/bxi_example_py_trunk_neck/bxi_example.py -> /home/kkkk/bxi_arm_v2/install/bxi_example_py_trunk_neck/lib/python3.10/site-packages/bxi_example_py_trunk_neck
copying /home/kkkk/bxi_arm_v2/build/bxi_example_py_trunk_neck/build/lib/bxi_example_py_trunk_neck/__init__.py -> /home/kkkk/bxi_arm_v2/install/bxi_example_py_trunk_neck/lib/python3.10/site-packages/bxi_example_py_trunk_neck
copying /home/kkkk/bxi_arm_v2/build/bxi_example_py_trunk_neck/build/lib/bxi_example_py_trunk_neck/arm_motion_controller.py -> /home/kkkk/bxi_arm_v2/install/bxi_example_py_trunk_neck/lib/python3.10/site-packages/bxi_example_py_trunk_neck
byte-compiling /home/kkkk/bxi_arm_v2/install/bxi_example_py_trunk_neck/lib/python3.10/site-packages/bxi_example_py_trunk_neck/right_arm_handshake_controller.py to right_arm_handshake_controller.cpython-310.pyc
byte-compiling /home/kkkk/bxi_arm_v2/install/bxi_example_py_trunk_neck/lib/python3.10/site-packages/bxi_example_py_trunk_neck/running_arm_controller.py to running_arm_controller.cpython-310.pyc
byte-compiling /home/kkkk/bxi_arm_v2/install/bxi_example_py_trunk_neck/lib/python3.10/site-packages/bxi_example_py_trunk_neck/bxi_example.py to bxi_example.cpython-310.pyc
byte-compiling /home/kkkk/bxi_arm_v2/install/bxi_example_py_trunk_neck/lib/python3.10/site-packages/bxi_example_py_trunk_neck/__init__.py to __init__.cpython-310.pyc
byte-compiling /home/kkkk/bxi_arm_v2/install/bxi_example_py_trunk_neck/lib/python3.10/site-packages/bxi_example_py_trunk_neck/arm_motion_controller.py to arm_motion_controller.cpython-310.pyc
running install_data
creating /home/kkkk/bxi_arm_v2/install/bxi_example_py_trunk_neck/share/ament_index/resource_index/packages
copying resource/bxi_example_py_trunk_neck -> /home/kkkk/bxi_arm_v2/install/bxi_example_py_trunk_neck/share/ament_index/resource_index/packages
copying package.xml -> /home/kkkk/bxi_arm_v2/install/bxi_example_py_trunk_neck/share/bxi_example_py_trunk_neck
creating /home/kkkk/bxi_arm_v2/install/bxi_example_py_trunk_neck/share/bxi_example_py_trunk_neck/launch
copying launch/example_launch_hw.py -> /home/kkkk/bxi_arm_v2/install/bxi_example_py_trunk_neck/share/bxi_example_py_trunk_neck/launch
creating /home/kkkk/bxi_arm_v2/install/bxi_example_py_trunk_neck/share/bxi_example_py_trunk_neck/policy
copying policy/model.onnx -> /home/kkkk/bxi_arm_v2/install/bxi_example_py_trunk_neck/share/bxi_example_py_trunk_neck/policy
running install_egg_info
Copying ../../../../build/bxi_example_py_trunk_neck/bxi_example_py_trunk_neck.egg-info to /home/kkkk/bxi_arm_v2/install/bxi_example_py_trunk_neck/lib/python3.10/site-packages/bxi_example_py_trunk_neck-0.0.0-py3.10.egg-info
running install_scripts
Installing bxi_example_py_trunk_neck script to /home/kkkk/bxi_arm_v2/install/bxi_example_py_trunk_neck/lib/bxi_example_py_trunk_neck
writing list of installed files to '/home/kkkk/bxi_arm_v2/build/bxi_example_py_trunk_neck/install.log'
