[2.667s] Invoking command in '/home/kkkk/bxi_arm_v2/src/bxi_rl_controller_ros2_example/src/bxi_example_py_trunk_neck': CONDA_PROMPT_MODIFIER=(ikpy) PYTHONPATH=/home/kkkk/bxi_arm_v2/build/bxi_example_py_trunk_neck/prefix_override:/home/kkkk/miniconda3/envs/ikpy/lib/python3.10/site-packages/colcon_core/task/python/colcon_distutils_commands:/home/kkkk/bxi_arm_v2/install/bxi_example_py_trunk_neck/lib/python3.10/site-packages:${PYTHONPATH} /home/kkkk/miniconda3/envs/ikpy/bin/python3.10 -W ignore:setup.py install is deprecated -W ignore:easy_install command is deprecated setup.py egg_info --egg-base ../../../../build/bxi_example_py_trunk_neck build --build-base /home/kkkk/bxi_arm_v2/build/bxi_example_py_trunk_neck/build install --record /home/kkkk/bxi_arm_v2/build/bxi_example_py_trunk_neck/install.log --single-version-externally-managed install_data
[3.230s] running egg_info
[3.230s] creating ../../../../build/bxi_example_py_trunk_neck/bxi_example_py_trunk_neck.egg-info
[3.230s] writing ../../../../build/bxi_example_py_trunk_neck/bxi_example_py_trunk_neck.egg-info/PKG-INFO
[3.230s] writing dependency_links to ../../../../build/bxi_example_py_trunk_neck/bxi_example_py_trunk_neck.egg-info/dependency_links.txt
[3.230s] writing entry points to ../../../../build/bxi_example_py_trunk_neck/bxi_example_py_trunk_neck.egg-info/entry_points.txt
[3.230s] writing requirements to ../../../../build/bxi_example_py_trunk_neck/bxi_example_py_trunk_neck.egg-info/requires.txt
[3.230s] writing top-level names to ../../../../build/bxi_example_py_trunk_neck/bxi_example_py_trunk_neck.egg-info/top_level.txt
[3.230s] writing manifest file '../../../../build/bxi_example_py_trunk_neck/bxi_example_py_trunk_neck.egg-info/SOURCES.txt'
[3.230s] /home/kkkk/miniconda3/envs/ikpy/lib/python3.10/site-packages/setuptools/_distutils/dist.py:289: UserWarning: Unknown distribution option: 'tests_require'
[3.230s]   warnings.warn(msg)
[3.260s] reading manifest file '../../../../build/bxi_example_py_trunk_neck/bxi_example_py_trunk_neck.egg-info/SOURCES.txt'
[3.260s] writing manifest file '../../../../build/bxi_example_py_trunk_neck/bxi_example_py_trunk_neck.egg-info/SOURCES.txt'
[3.260s] running build
[3.260s] running build_py
[3.261s] creating /home/kkkk/bxi_arm_v2/build/bxi_example_py_trunk_neck/build/lib/bxi_example_py_trunk_neck
[3.262s] copying bxi_example_py_trunk_neck/right_arm_handshake_controller.py -> /home/kkkk/bxi_arm_v2/build/bxi_example_py_trunk_neck/build/lib/bxi_example_py_trunk_neck
[3.263s] copying bxi_example_py_trunk_neck/running_arm_controller.py -> /home/kkkk/bxi_arm_v2/build/bxi_example_py_trunk_neck/build/lib/bxi_example_py_trunk_neck
[3.263s] copying bxi_example_py_trunk_neck/bxi_example.py -> /home/kkkk/bxi_arm_v2/build/bxi_example_py_trunk_neck/build/lib/bxi_example_py_trunk_neck
[3.264s] copying bxi_example_py_trunk_neck/__init__.py -> /home/kkkk/bxi_arm_v2/build/bxi_example_py_trunk_neck/build/lib/bxi_example_py_trunk_neck
[3.265s] copying bxi_example_py_trunk_neck/arm_motion_controller.py -> /home/kkkk/bxi_arm_v2/build/bxi_example_py_trunk_neck/build/lib/bxi_example_py_trunk_neck
[3.266s] running install
[3.273s] running install_lib
[3.296s] creating /home/kkkk/bxi_arm_v2/install/bxi_example_py_trunk_neck/lib/python3.10/site-packages/bxi_example_py_trunk_neck
[3.297s] copying /home/kkkk/bxi_arm_v2/build/bxi_example_py_trunk_neck/build/lib/bxi_example_py_trunk_neck/right_arm_handshake_controller.py -> /home/kkkk/bxi_arm_v2/install/bxi_example_py_trunk_neck/lib/python3.10/site-packages/bxi_example_py_trunk_neck
[3.297s] copying /home/kkkk/bxi_arm_v2/build/bxi_example_py_trunk_neck/build/lib/bxi_example_py_trunk_neck/running_arm_controller.py -> /home/kkkk/bxi_arm_v2/install/bxi_example_py_trunk_neck/lib/python3.10/site-packages/bxi_example_py_trunk_neck
[3.297s] copying /home/kkkk/bxi_arm_v2/build/bxi_example_py_trunk_neck/build/lib/bxi_example_py_trunk_neck/bxi_example.py -> /home/kkkk/bxi_arm_v2/install/bxi_example_py_trunk_neck/lib/python3.10/site-packages/bxi_example_py_trunk_neck
[3.298s] copying /home/kkkk/bxi_arm_v2/build/bxi_example_py_trunk_neck/build/lib/bxi_example_py_trunk_neck/__init__.py -> /home/kkkk/bxi_arm_v2/install/bxi_example_py_trunk_neck/lib/python3.10/site-packages/bxi_example_py_trunk_neck
[3.298s] copying /home/kkkk/bxi_arm_v2/build/bxi_example_py_trunk_neck/build/lib/bxi_example_py_trunk_neck/arm_motion_controller.py -> /home/kkkk/bxi_arm_v2/install/bxi_example_py_trunk_neck/lib/python3.10/site-packages/bxi_example_py_trunk_neck
[3.299s] byte-compiling /home/kkkk/bxi_arm_v2/install/bxi_example_py_trunk_neck/lib/python3.10/site-packages/bxi_example_py_trunk_neck/right_arm_handshake_controller.py to right_arm_handshake_controller.cpython-310.pyc
[3.301s] byte-compiling /home/kkkk/bxi_arm_v2/install/bxi_example_py_trunk_neck/lib/python3.10/site-packages/bxi_example_py_trunk_neck/running_arm_controller.py to running_arm_controller.cpython-310.pyc
[3.304s] byte-compiling /home/kkkk/bxi_arm_v2/install/bxi_example_py_trunk_neck/lib/python3.10/site-packages/bxi_example_py_trunk_neck/bxi_example.py to bxi_example.cpython-310.pyc
[3.311s] byte-compiling /home/kkkk/bxi_arm_v2/install/bxi_example_py_trunk_neck/lib/python3.10/site-packages/bxi_example_py_trunk_neck/__init__.py to __init__.cpython-310.pyc
[3.311s] byte-compiling /home/kkkk/bxi_arm_v2/install/bxi_example_py_trunk_neck/lib/python3.10/site-packages/bxi_example_py_trunk_neck/arm_motion_controller.py to arm_motion_controller.cpython-310.pyc
[3.313s] running install_data
[3.313s] creating /home/kkkk/bxi_arm_v2/install/bxi_example_py_trunk_neck/share/ament_index/resource_index/packages
[3.313s] copying resource/bxi_example_py_trunk_neck -> /home/kkkk/bxi_arm_v2/install/bxi_example_py_trunk_neck/share/ament_index/resource_index/packages
[3.314s] copying package.xml -> /home/kkkk/bxi_arm_v2/install/bxi_example_py_trunk_neck/share/bxi_example_py_trunk_neck
[3.314s] creating /home/kkkk/bxi_arm_v2/install/bxi_example_py_trunk_neck/share/bxi_example_py_trunk_neck/launch
[3.314s] copying launch/example_launch_hw.py -> /home/kkkk/bxi_arm_v2/install/bxi_example_py_trunk_neck/share/bxi_example_py_trunk_neck/launch
[3.314s] creating /home/kkkk/bxi_arm_v2/install/bxi_example_py_trunk_neck/share/bxi_example_py_trunk_neck/policy
[3.315s] copying policy/model.onnx -> /home/kkkk/bxi_arm_v2/install/bxi_example_py_trunk_neck/share/bxi_example_py_trunk_neck/policy
[3.324s] running install_egg_info
[3.366s] Copying ../../../../build/bxi_example_py_trunk_neck/bxi_example_py_trunk_neck.egg-info to /home/kkkk/bxi_arm_v2/install/bxi_example_py_trunk_neck/lib/python3.10/site-packages/bxi_example_py_trunk_neck-0.0.0-py3.10.egg-info
[3.368s] running install_scripts
[3.533s] Installing bxi_example_py_trunk_neck script to /home/kkkk/bxi_arm_v2/install/bxi_example_py_trunk_neck/lib/bxi_example_py_trunk_neck
[3.534s] writing list of installed files to '/home/kkkk/bxi_arm_v2/build/bxi_example_py_trunk_neck/install.log'
[3.679s] Invoked command in '/home/kkkk/bxi_arm_v2/src/bxi_rl_controller_ros2_example/src/bxi_example_py_trunk_neck' returned '0': CONDA_PROMPT_MODIFIER=(ikpy) PYTHONPATH=/home/kkkk/bxi_arm_v2/build/bxi_example_py_trunk_neck/prefix_override:/home/kkkk/miniconda3/envs/ikpy/lib/python3.10/site-packages/colcon_core/task/python/colcon_distutils_commands:/home/kkkk/bxi_arm_v2/install/bxi_example_py_trunk_neck/lib/python3.10/site-packages:${PYTHONPATH} /home/kkkk/miniconda3/envs/ikpy/bin/python3.10 -W ignore:setup.py install is deprecated -W ignore:easy_install command is deprecated setup.py egg_info --egg-base ../../../../build/bxi_example_py_trunk_neck build --build-base /home/kkkk/bxi_arm_v2/build/bxi_example_py_trunk_neck/build install --record /home/kkkk/bxi_arm_v2/build/bxi_example_py_trunk_neck/install.log --single-version-externally-managed install_data
