[2.737s] Invoking command in '/home/kkkk/bxi_arm_v2/src/bxi_rl_controller_ros2_example/src/bxi_example_py_armrc': CONDA_PROMPT_MODIFIER=(ikpy) PYTHONPATH=/home/kkkk/bxi_arm_v2/build/bxi_example_py_armrc/prefix_override:/home/kkkk/miniconda3/envs/ikpy/lib/python3.10/site-packages/colcon_core/task/python/colcon_distutils_commands:/home/kkkk/bxi_arm_v2/install/bxi_example_py_armrc/lib/python3.10/site-packages:${PYTHONPATH} /home/kkkk/miniconda3/envs/ikpy/bin/python3.10 -W ignore:setup.py install is deprecated -W ignore:easy_install command is deprecated setup.py egg_info --egg-base ../../../../build/bxi_example_py_armrc build --build-base /home/kkkk/bxi_arm_v2/build/bxi_example_py_armrc/build install --record /home/kkkk/bxi_arm_v2/build/bxi_example_py_armrc/install.log --single-version-externally-managed install_data
[3.392s] running egg_info
[3.392s] creating ../../../../build/bxi_example_py_armrc/bxi_example_py_armrc.egg-info
[3.392s] writing ../../../../build/bxi_example_py_armrc/bxi_example_py_armrc.egg-info/PKG-INFO
[3.392s] writing dependency_links to ../../../../build/bxi_example_py_armrc/bxi_example_py_armrc.egg-info/dependency_links.txt
[3.392s] writing entry points to ../../../../build/bxi_example_py_armrc/bxi_example_py_armrc.egg-info/entry_points.txt
[3.392s] writing requirements to ../../../../build/bxi_example_py_armrc/bxi_example_py_armrc.egg-info/requires.txt
[3.392s] writing top-level names to ../../../../build/bxi_example_py_armrc/bxi_example_py_armrc.egg-info/top_level.txt
[3.392s] writing manifest file '../../../../build/bxi_example_py_armrc/bxi_example_py_armrc.egg-info/SOURCES.txt'
[3.392s] reading manifest file '../../../../build/bxi_example_py_armrc/bxi_example_py_armrc.egg-info/SOURCES.txt'
[3.392s] writing manifest file '../../../../build/bxi_example_py_armrc/bxi_example_py_armrc.egg-info/SOURCES.txt'
[3.392s] running build
[3.392s] running build_py
[3.393s] creating /home/kkkk/bxi_arm_v2/build/bxi_example_py_armrc/build/lib/bxi_example_py_armrc
[3.393s] copying bxi_example_py_armrc/right_arm_handshake_controller.py -> /home/kkkk/bxi_arm_v2/build/bxi_example_py_armrc/build/lib/bxi_example_py_armrc
[3.393s] copying bxi_example_py_armrc/running_arm_controller.py -> /home/kkkk/bxi_arm_v2/build/bxi_example_py_armrc/build/lib/bxi_example_py_armrc
[3.393s] copying bxi_example_py_armrc/bxi_example_walk.py -> /home/kkkk/bxi_arm_v2/build/bxi_example_py_armrc/build/lib/bxi_example_py_armrc
[3.393s] copying bxi_example_py_armrc/bxi_example.py -> /home/kkkk/bxi_arm_v2/build/bxi_example_py_armrc/build/lib/bxi_example_py_armrc
[3.393s] copying bxi_example_py_armrc/__init__.py -> /home/kkkk/bxi_arm_v2/build/bxi_example_py_armrc/build/lib/bxi_example_py_armrc
[3.393s] copying bxi_example_py_armrc/arm_motion_controller.py -> /home/kkkk/bxi_arm_v2/build/bxi_example_py_armrc/build/lib/bxi_example_py_armrc
[3.393s] running install
[3.393s] running install_lib
[3.393s] creating /home/kkkk/bxi_arm_v2/install/bxi_example_py_armrc/lib/python3.10/site-packages/bxi_example_py_armrc
[3.393s] copying /home/kkkk/bxi_arm_v2/build/bxi_example_py_armrc/build/lib/bxi_example_py_armrc/right_arm_handshake_controller.py -> /home/kkkk/bxi_arm_v2/install/bxi_example_py_armrc/lib/python3.10/site-packages/bxi_example_py_armrc
[3.393s] copying /home/kkkk/bxi_arm_v2/build/bxi_example_py_armrc/build/lib/bxi_example_py_armrc/running_arm_controller.py -> /home/kkkk/bxi_arm_v2/install/bxi_example_py_armrc/lib/python3.10/site-packages/bxi_example_py_armrc
[3.393s] copying /home/kkkk/bxi_arm_v2/build/bxi_example_py_armrc/build/lib/bxi_example_py_armrc/bxi_example_walk.py -> /home/kkkk/bxi_arm_v2/install/bxi_example_py_armrc/lib/python3.10/site-packages/bxi_example_py_armrc
[3.393s] copying /home/kkkk/bxi_arm_v2/build/bxi_example_py_armrc/build/lib/bxi_example_py_armrc/bxi_example.py -> /home/kkkk/bxi_arm_v2/install/bxi_example_py_armrc/lib/python3.10/site-packages/bxi_example_py_armrc
[3.393s] copying /home/kkkk/bxi_arm_v2/build/bxi_example_py_armrc/build/lib/bxi_example_py_armrc/__init__.py -> /home/kkkk/bxi_arm_v2/install/bxi_example_py_armrc/lib/python3.10/site-packages/bxi_example_py_armrc
[3.393s] copying /home/kkkk/bxi_arm_v2/build/bxi_example_py_armrc/build/lib/bxi_example_py_armrc/arm_motion_controller.py -> /home/kkkk/bxi_arm_v2/install/bxi_example_py_armrc/lib/python3.10/site-packages/bxi_example_py_armrc
[3.393s] byte-compiling /home/kkkk/bxi_arm_v2/install/bxi_example_py_armrc/lib/python3.10/site-packages/bxi_example_py_armrc/right_arm_handshake_controller.py to right_arm_handshake_controller.cpython-310.pyc
[3.393s] byte-compiling /home/kkkk/bxi_arm_v2/install/bxi_example_py_armrc/lib/python3.10/site-packages/bxi_example_py_armrc/running_arm_controller.py to running_arm_controller.cpython-310.pyc
[3.393s] byte-compiling /home/kkkk/bxi_arm_v2/install/bxi_example_py_armrc/lib/python3.10/site-packages/bxi_example_py_armrc/bxi_example_walk.py to bxi_example_walk.cpython-310.pyc
[3.393s] byte-compiling /home/kkkk/bxi_arm_v2/install/bxi_example_py_armrc/lib/python3.10/site-packages/bxi_example_py_armrc/bxi_example.py to bxi_example.cpython-310.pyc
[3.393s] byte-compiling /home/kkkk/bxi_arm_v2/install/bxi_example_py_armrc/lib/python3.10/site-packages/bxi_example_py_armrc/__init__.py to __init__.cpython-310.pyc
[3.393s] byte-compiling /home/kkkk/bxi_arm_v2/install/bxi_example_py_armrc/lib/python3.10/site-packages/bxi_example_py_armrc/arm_motion_controller.py to arm_motion_controller.cpython-310.pyc
[3.394s] running install_data
[3.394s] creating /home/kkkk/bxi_arm_v2/install/bxi_example_py_armrc/share/ament_index/resource_index/packages
[3.394s] copying resource/bxi_example_py_armrc -> /home/kkkk/bxi_arm_v2/install/bxi_example_py_armrc/share/ament_index/resource_index/packages
[3.394s] copying package.xml -> /home/kkkk/bxi_arm_v2/install/bxi_example_py_armrc/share/bxi_example_py_armrc
[3.394s] creating /home/kkkk/bxi_arm_v2/install/bxi_example_py_armrc/share/bxi_example_py_armrc/launch
[3.394s] copying launch/example_launch.py -> /home/kkkk/bxi_arm_v2/install/bxi_example_py_armrc/share/bxi_example_py_armrc/launch
[3.394s] copying launch/example_launch_hw.py -> /home/kkkk/bxi_arm_v2/install/bxi_example_py_armrc/share/bxi_example_py_armrc/launch
[3.394s] creating /home/kkkk/bxi_arm_v2/install/bxi_example_py_armrc/share/bxi_example_py_armrc/policy
[3.394s] copying policy/model.onnx -> /home/kkkk/bxi_arm_v2/install/bxi_example_py_armrc/share/bxi_example_py_armrc/policy
[3.394s] running install_egg_info
[3.397s] /home/kkkk/miniconda3/envs/ikpy/lib/python3.10/site-packages/setuptools/_distutils/dist.py:289: UserWarning: Unknown distribution option: 'tests_require'
[3.397s]   warnings.warn(msg)
[3.418s] Copying ../../../../build/bxi_example_py_armrc/bxi_example_py_armrc.egg-info to /home/kkkk/bxi_arm_v2/install/bxi_example_py_armrc/lib/python3.10/site-packages/bxi_example_py_armrc-0.0.0-py3.10.egg-info
[3.419s] running install_scripts
[3.543s] Installing bxi_example_py_armrc script to /home/kkkk/bxi_arm_v2/install/bxi_example_py_armrc/lib/bxi_example_py_armrc
[3.545s] writing list of installed files to '/home/kkkk/bxi_arm_v2/build/bxi_example_py_armrc/install.log'
[3.757s] Invoked command in '/home/kkkk/bxi_arm_v2/src/bxi_rl_controller_ros2_example/src/bxi_example_py_armrc' returned '0': CONDA_PROMPT_MODIFIER=(ikpy) PYTHONPATH=/home/kkkk/bxi_arm_v2/build/bxi_example_py_armrc/prefix_override:/home/kkkk/miniconda3/envs/ikpy/lib/python3.10/site-packages/colcon_core/task/python/colcon_distutils_commands:/home/kkkk/bxi_arm_v2/install/bxi_example_py_armrc/lib/python3.10/site-packages:${PYTHONPATH} /home/kkkk/miniconda3/envs/ikpy/bin/python3.10 -W ignore:setup.py install is deprecated -W ignore:easy_install command is deprecated setup.py egg_info --egg-base ../../../../build/bxi_example_py_armrc build --build-base /home/kkkk/bxi_arm_v2/build/bxi_example_py_armrc/build install --record /home/kkkk/bxi_arm_v2/build/bxi_example_py_armrc/install.log --single-version-externally-managed install_data
