[0.759s] Invoking command in '/home/kkkk/bxi_arm_v2/src/aero-hand-open/src/aero_hand_open': AMENT_PREFIX_PATH=/home/kkkk/bxi_arm_v2/install/aero_hand_open_msgs:${AMENT_PREFIX_PATH} CMAKE_PREFIX_PATH=/home/kkkk/bxi_arm_v2/install/aero_hand_open_msgs:${CMAKE_PREFIX_PATH} CONDA_PROMPT_MODIFIER=(ikpy) LD_LIBRARY_PATH=/home/kkkk/bxi_arm_v2/install/aero_hand_open_msgs/lib:${LD_LIBRARY_PATH} PYTHONPATH=/home/kkkk/bxi_arm_v2/build/aero_hand_open/prefix_override:/home/kkkk/miniconda3/envs/ikpy/lib/python3.10/site-packages/colcon_core/task/python/colcon_distutils_commands:/home/kkkk/bxi_arm_v2/install/aero_hand_open/lib/python3.10/site-packages:/home/kkkk/bxi_arm_v2/install/aero_hand_open_msgs/lib/python3.10/site-packages:${PYTHONPATH} /home/kkkk/miniconda3/envs/ikpy/bin/python3.10 -W ignore:setup.py install is deprecated -W ignore:easy_install command is deprecated setup.py egg_info --egg-base ../../../../build/aero_hand_open build --build-base /home/kkkk/bxi_arm_v2/build/aero_hand_open/build install --record /home/kkkk/bxi_arm_v2/build/aero_hand_open/install.log --single-version-externally-managed install_data
[0.872s] /home/kkkk/miniconda3/envs/ikpy/lib/python3.10/site-packages/setuptools/_distutils/dist.py:289: UserWarning: Unknown distribution option: 'tests_require'
[0.872s]   warnings.warn(msg)
[0.930s] running egg_info
[0.938s] creating ../../../../build/aero_hand_open/aero_hand_open.egg-info
[0.939s] writing ../../../../build/aero_hand_open/aero_hand_open.egg-info/PKG-INFO
[0.939s] writing dependency_links to ../../../../build/aero_hand_open/aero_hand_open.egg-info/dependency_links.txt
[0.939s] writing entry points to ../../../../build/aero_hand_open/aero_hand_open.egg-info/entry_points.txt
[0.939s] writing requirements to ../../../../build/aero_hand_open/aero_hand_open.egg-info/requires.txt
[0.939s] writing top-level names to ../../../../build/aero_hand_open/aero_hand_open.egg-info/top_level.txt
[0.939s] writing manifest file '../../../../build/aero_hand_open/aero_hand_open.egg-info/SOURCES.txt'
[0.958s] reading manifest file '../../../../build/aero_hand_open/aero_hand_open.egg-info/SOURCES.txt'
[0.958s] adding license file 'LICENSE'
[0.958s] writing manifest file '../../../../build/aero_hand_open/aero_hand_open.egg-info/SOURCES.txt'
[0.959s] running build
[0.959s] running build_py
[0.959s] creating /home/kkkk/bxi_arm_v2/build/aero_hand_open/build/lib/aero_hand_open
[0.959s] copying aero_hand_open/aero_hand_node.py -> /home/kkkk/bxi_arm_v2/build/aero_hand_open/build/lib/aero_hand_open
[0.959s] copying aero_hand_open/__init__.py -> /home/kkkk/bxi_arm_v2/build/aero_hand_open/build/lib/aero_hand_open
[0.959s] running install
[0.962s] running install_lib
[0.971s] creating /home/kkkk/bxi_arm_v2/install/aero_hand_open/lib/python3.10/site-packages/aero_hand_open
[0.971s] copying /home/kkkk/bxi_arm_v2/build/aero_hand_open/build/lib/aero_hand_open/aero_hand_node.py -> /home/kkkk/bxi_arm_v2/install/aero_hand_open/lib/python3.10/site-packages/aero_hand_open
[0.971s] copying /home/kkkk/bxi_arm_v2/build/aero_hand_open/build/lib/aero_hand_open/__init__.py -> /home/kkkk/bxi_arm_v2/install/aero_hand_open/lib/python3.10/site-packages/aero_hand_open
[0.972s] byte-compiling /home/kkkk/bxi_arm_v2/install/aero_hand_open/lib/python3.10/site-packages/aero_hand_open/aero_hand_node.py to aero_hand_node.cpython-310.pyc
[0.973s] byte-compiling /home/kkkk/bxi_arm_v2/install/aero_hand_open/lib/python3.10/site-packages/aero_hand_open/__init__.py to __init__.cpython-310.pyc
[0.973s] running install_data
[0.973s] creating /home/kkkk/bxi_arm_v2/install/aero_hand_open/share/ament_index/resource_index/packages
[0.973s] copying resource/aero_hand_open -> /home/kkkk/bxi_arm_v2/install/aero_hand_open/share/ament_index/resource_index/packages
[0.973s] copying package.xml -> /home/kkkk/bxi_arm_v2/install/aero_hand_open/share/aero_hand_open
[0.974s] creating /home/kkkk/bxi_arm_v2/install/aero_hand_open/lib/aero_hand_open/aero_open_sdk
[0.974s] copying ../aero_open_sdk/__main__.py -> /home/kkkk/bxi_arm_v2/install/aero_hand_open/lib/aero_hand_open/aero_open_sdk
[0.974s] copying ../aero_open_sdk/aero_hand_constants.py -> /home/kkkk/bxi_arm_v2/install/aero_hand_open/lib/aero_hand_open/aero_open_sdk
[0.974s] copying ../aero_open_sdk/gui.py -> /home/kkkk/bxi_arm_v2/install/aero_hand_open/lib/aero_hand_open/aero_open_sdk
[0.974s] copying ../aero_open_sdk/joints_to_actuations.py -> /home/kkkk/bxi_arm_v2/install/aero_hand_open/lib/aero_hand_open/aero_open_sdk
[0.974s] copying ../aero_open_sdk/aero_hand.py -> /home/kkkk/bxi_arm_v2/install/aero_hand_open/lib/aero_hand_open/aero_open_sdk
[0.974s] copying ../aero_open_sdk/actuations_to_joints.py -> /home/kkkk/bxi_arm_v2/install/aero_hand_open/lib/aero_hand_open/aero_open_sdk
[0.974s] copying ../aero_open_sdk/__init__.py -> /home/kkkk/bxi_arm_v2/install/aero_hand_open/lib/aero_hand_open/aero_open_sdk
[0.974s] creating /home/kkkk/bxi_arm_v2/install/aero_hand_open/lib/aero_hand_open/aero_open_sdk/__pycache__
[0.974s] copying ../aero_open_sdk/__pycache__/aero_hand.cpython-310.pyc -> /home/kkkk/bxi_arm_v2/install/aero_hand_open/lib/aero_hand_open/aero_open_sdk/__pycache__
[0.974s] copying ../aero_open_sdk/__pycache__/actuations_to_joints.cpython-310.pyc -> /home/kkkk/bxi_arm_v2/install/aero_hand_open/lib/aero_hand_open/aero_open_sdk/__pycache__
[0.974s] copying ../aero_open_sdk/__pycache__/joints_to_actuations.cpython-310.pyc -> /home/kkkk/bxi_arm_v2/install/aero_hand_open/lib/aero_hand_open/aero_open_sdk/__pycache__
[0.974s] copying ../aero_open_sdk/__pycache__/__init__.cpython-310.pyc -> /home/kkkk/bxi_arm_v2/install/aero_hand_open/lib/aero_hand_open/aero_open_sdk/__pycache__
[0.975s] copying ../aero_open_sdk/__pycache__/aero_hand_constants.cpython-310.pyc -> /home/kkkk/bxi_arm_v2/install/aero_hand_open/lib/aero_hand_open/aero_open_sdk/__pycache__
[0.975s] running install_egg_info
[0.985s] Copying ../../../../build/aero_hand_open/aero_hand_open.egg-info to /home/kkkk/bxi_arm_v2/install/aero_hand_open/lib/python3.10/site-packages/aero_hand_open-0.0.0-py3.10.egg-info
[0.986s] running install_scripts
[1.052s] Installing aero_hand_node script to /home/kkkk/bxi_arm_v2/install/aero_hand_open/lib/aero_hand_open
[1.052s] writing list of installed files to '/home/kkkk/bxi_arm_v2/build/aero_hand_open/install.log'
[1.078s] Invoked command in '/home/kkkk/bxi_arm_v2/src/aero-hand-open/src/aero_hand_open' returned '0': AMENT_PREFIX_PATH=/home/kkkk/bxi_arm_v2/install/aero_hand_open_msgs:${AMENT_PREFIX_PATH} CMAKE_PREFIX_PATH=/home/kkkk/bxi_arm_v2/install/aero_hand_open_msgs:${CMAKE_PREFIX_PATH} CONDA_PROMPT_MODIFIER=(ikpy) LD_LIBRARY_PATH=/home/kkkk/bxi_arm_v2/install/aero_hand_open_msgs/lib:${LD_LIBRARY_PATH} PYTHONPATH=/home/kkkk/bxi_arm_v2/build/aero_hand_open/prefix_override:/home/kkkk/miniconda3/envs/ikpy/lib/python3.10/site-packages/colcon_core/task/python/colcon_distutils_commands:/home/kkkk/bxi_arm_v2/install/aero_hand_open/lib/python3.10/site-packages:/home/kkkk/bxi_arm_v2/install/aero_hand_open_msgs/lib/python3.10/site-packages:${PYTHONPATH} /home/kkkk/miniconda3/envs/ikpy/bin/python3.10 -W ignore:setup.py install is deprecated -W ignore:easy_install command is deprecated setup.py egg_info --egg-base ../../../../build/aero_hand_open build --build-base /home/kkkk/bxi_arm_v2/build/aero_hand_open/build install --record /home/kkkk/bxi_arm_v2/build/aero_hand_open/install.log --single-version-externally-managed install_data
