running egg_info
writing ../../../../build/aero_hand_open/aero_hand_open.egg-info/PKG-INFO
writing dependency_links to ../../../../build/aero_hand_open/aero_hand_open.egg-info/dependency_links.txt
writing entry points to ../../../../build/aero_hand_open/aero_hand_open.egg-info/entry_points.txt
writing requirements to ../../../../build/aero_hand_open/aero_hand_open.egg-info/requires.txt
writing top-level names to ../../../../build/aero_hand_open/aero_hand_open.egg-info/top_level.txt
reading manifest file '../../../../build/aero_hand_open/aero_hand_open.egg-info/SOURCES.txt'
adding license file 'LICENSE'
writing manifest file '../../../../build/aero_hand_open/aero_hand_open.egg-info/SOURCES.txt'
running build
running build_py
copying aero_hand_open/aero_hand_node.py -> /home/kkkk/bxi_arm_v2/build/aero_hand_open/build/lib/aero_hand_open
copying aero_hand_open/__init__.py -> /home/kkkk/bxi_arm_v2/build/aero_hand_open/build/lib/aero_hand_open
running install
running install_lib
running install_data
copying package.xml -> /home/kkkk/bxi_arm_v2/install/aero_hand_open/share/aero_hand_open
copying ../aero_open_sdk/__main__.py -> /home/kkkk/bxi_arm_v2/install/aero_hand_open/lib/aero_hand_open/aero_open_sdk
copying ../aero_open_sdk/aero_hand_constants.py -> /home/kkkk/bxi_arm_v2/install/aero_hand_open/lib/aero_hand_open/aero_open_sdk
copying ../aero_open_sdk/gui.py -> /home/kkkk/bxi_arm_v2/install/aero_hand_open/lib/aero_hand_open/aero_open_sdk
copying ../aero_open_sdk/joints_to_actuations.py -> /home/kkkk/bxi_arm_v2/install/aero_hand_open/lib/aero_hand_open/aero_open_sdk
copying ../aero_open_sdk/aero_hand.py -> /home/kkkk/bxi_arm_v2/install/aero_hand_open/lib/aero_hand_open/aero_open_sdk
copying ../aero_open_sdk/actuations_to_joints.py -> /home/kkkk/bxi_arm_v2/install/aero_hand_open/lib/aero_hand_open/aero_open_sdk
copying ../aero_open_sdk/__init__.py -> /home/kkkk/bxi_arm_v2/install/aero_hand_open/lib/aero_hand_open/aero_open_sdk
copying ../aero_open_sdk/__pycache__/aero_hand.cpython-310.pyc -> /home/kkkk/bxi_arm_v2/install/aero_hand_open/lib/aero_hand_open/aero_open_sdk/__pycache__
copying ../aero_open_sdk/__pycache__/actuations_to_joints.cpython-310.pyc -> /home/kkkk/bxi_arm_v2/install/aero_hand_open/lib/aero_hand_open/aero_open_sdk/__pycache__
copying ../aero_open_sdk/__pycache__/joints_to_actuations.cpython-310.pyc -> /home/kkkk/bxi_arm_v2/install/aero_hand_open/lib/aero_hand_open/aero_open_sdk/__pycache__
copying ../aero_open_sdk/__pycache__/__init__.cpython-310.pyc -> /home/kkkk/bxi_arm_v2/install/aero_hand_open/lib/aero_hand_open/aero_open_sdk/__pycache__
copying ../aero_open_sdk/__pycache__/aero_hand_constants.cpython-310.pyc -> /home/kkkk/bxi_arm_v2/install/aero_hand_open/lib/aero_hand_open/aero_open_sdk/__pycache__
running install_egg_info
removing '/home/kkkk/bxi_arm_v2/install/aero_hand_open/lib/python3.10/site-packages/aero_hand_open-0.0.0-py3.10.egg-info' (and everything under it)
Copying ../../../../build/aero_hand_open/aero_hand_open.egg-info to /home/kkkk/bxi_arm_v2/install/aero_hand_open/lib/python3.10/site-packages/aero_hand_open-0.0.0-py3.10.egg-info
running install_scripts
Installing aero_hand_node script to /home/kkkk/bxi_arm_v2/install/aero_hand_open/lib/aero_hand_open
writing list of installed files to '/home/kkkk/bxi_arm_v2/build/aero_hand_open/install.log'
