[0.217s] Invoking command in '/home/kkkk/bxi_arm_v2/build/bxi_example_arm': CMAKE_PREFIX_PATH=${CMAKE_PREFIX_PATH}:/home/kkkk/bxi_arm_v2/install/hand_control:/home/kkkk/bxi_arm_v2/install/fake_trigger:/home/kkkk/bxi_arm_v2/install/elf3_arm_ikpy_control_pico:/home/kkkk/bxi_arm_v2/install/elf3_arm_bringup:/home/kkkk/bxi_arm_v2/install/bxi_example_py_trunk_neck:/home/kkkk/bxi_arm_v2/install/bxi_example_py_trunk:/home/kkkk/bxi_arm_v2/install/bxi_example_py_foot:/home/kkkk/bxi_arm_v2/install/bxi_example_py_elf3:/home/kkkk/bxi_arm_v2/install/bxi_example_py_armrc:/home/kkkk/bxi_arm_v2/install/bxi_example_py_arm:/home/kkkk/bxi_arm_v2/install/bxi_example_py_ankle:/home/kkkk/bxi_arm_v2/install/bxi_example_py:/home/kkkk/bxi_arm_v2/install/aero_hand_open_teleop:/home/kkkk/bxi_arm_v2/install/aero_hand_open_rl:/home/kkkk/bxi_arm_v2/install/aero_hand_open:/home/kkkk/bxi_arm_v2/install/aero_hand_open_description:/home/kkkk/moveit2/install/moveit_configs_utils:/home/kkkk/moveit2/install/launch_param_builder:/opt/ros/humble CONDA_PROMPT_MODIFIER=(ikpy) /usr/bin/cmake --build /home/kkkk/bxi_arm_v2/build/bxi_example_arm -- -j16 -l16
[1.648s] [100%] Built target bxi_example_arm
[1.650s] Invoked command in '/home/kkkk/bxi_arm_v2/build/bxi_example_arm' returned '0': CMAKE_PREFIX_PATH=${CMAKE_PREFIX_PATH}:/home/kkkk/bxi_arm_v2/install/hand_control:/home/kkkk/bxi_arm_v2/install/fake_trigger:/home/kkkk/bxi_arm_v2/install/elf3_arm_ikpy_control_pico:/home/kkkk/bxi_arm_v2/install/elf3_arm_bringup:/home/kkkk/bxi_arm_v2/install/bxi_example_py_trunk_neck:/home/kkkk/bxi_arm_v2/install/bxi_example_py_trunk:/home/kkkk/bxi_arm_v2/install/bxi_example_py_foot:/home/kkkk/bxi_arm_v2/install/bxi_example_py_elf3:/home/kkkk/bxi_arm_v2/install/bxi_example_py_armrc:/home/kkkk/bxi_arm_v2/install/bxi_example_py_arm:/home/kkkk/bxi_arm_v2/install/bxi_example_py_ankle:/home/kkkk/bxi_arm_v2/install/bxi_example_py:/home/kkkk/bxi_arm_v2/install/aero_hand_open_teleop:/home/kkkk/bxi_arm_v2/install/aero_hand_open_rl:/home/kkkk/bxi_arm_v2/install/aero_hand_open:/home/kkkk/bxi_arm_v2/install/aero_hand_open_description:/home/kkkk/moveit2/install/moveit_configs_utils:/home/kkkk/moveit2/install/launch_param_builder:/opt/ros/humble CONDA_PROMPT_MODIFIER=(ikpy) /usr/bin/cmake --build /home/kkkk/bxi_arm_v2/build/bxi_example_arm -- -j16 -l16
[1.660s] Invoking command in '/home/kkkk/bxi_arm_v2/build/bxi_example_arm': CMAKE_PREFIX_PATH=${CMAKE_PREFIX_PATH}:/home/kkkk/bxi_arm_v2/install/hand_control:/home/kkkk/bxi_arm_v2/install/fake_trigger:/home/kkkk/bxi_arm_v2/install/elf3_arm_ikpy_control_pico:/home/kkkk/bxi_arm_v2/install/elf3_arm_bringup:/home/kkkk/bxi_arm_v2/install/bxi_example_py_trunk_neck:/home/kkkk/bxi_arm_v2/install/bxi_example_py_trunk:/home/kkkk/bxi_arm_v2/install/bxi_example_py_foot:/home/kkkk/bxi_arm_v2/install/bxi_example_py_elf3:/home/kkkk/bxi_arm_v2/install/bxi_example_py_armrc:/home/kkkk/bxi_arm_v2/install/bxi_example_py_arm:/home/kkkk/bxi_arm_v2/install/bxi_example_py_ankle:/home/kkkk/bxi_arm_v2/install/bxi_example_py:/home/kkkk/bxi_arm_v2/install/aero_hand_open_teleop:/home/kkkk/bxi_arm_v2/install/aero_hand_open_rl:/home/kkkk/bxi_arm_v2/install/aero_hand_open:/home/kkkk/bxi_arm_v2/install/aero_hand_open_description:/home/kkkk/moveit2/install/moveit_configs_utils:/home/kkkk/moveit2/install/launch_param_builder:/opt/ros/humble CONDA_PROMPT_MODIFIER=(ikpy) /usr/bin/cmake --install /home/kkkk/bxi_arm_v2/build/bxi_example_arm
[1.787s] -- Install configuration: "Release"
[1.788s] -- Up-to-date: /home/kkkk/bxi_arm_v2/install/bxi_example_arm/lib/bxi_example_arm/bxi_example_arm
[1.788s] -- Up-to-date: /home/kkkk/bxi_arm_v2/install/bxi_example_arm/share/bxi_example_arm/launch
[1.788s] -- Up-to-date: /home/kkkk/bxi_arm_v2/install/bxi_example_arm/share/bxi_example_arm/launch/example_launch.py
[1.788s] -- Up-to-date: /home/kkkk/bxi_arm_v2/install/bxi_example_arm/share/bxi_example_arm/launch/example_launch_hw.py
[1.788s] -- Up-to-date: /home/kkkk/bxi_arm_v2/install/bxi_example_arm/share/ament_index/resource_index/package_run_dependencies/bxi_example_arm
[1.788s] -- Up-to-date: /home/kkkk/bxi_arm_v2/install/bxi_example_arm/share/ament_index/resource_index/parent_prefix_path/bxi_example_arm
[1.788s] -- Up-to-date: /home/kkkk/bxi_arm_v2/install/bxi_example_arm/share/bxi_example_arm/environment/ament_prefix_path.sh
[1.788s] -- Up-to-date: /home/kkkk/bxi_arm_v2/install/bxi_example_arm/share/bxi_example_arm/environment/ament_prefix_path.dsv
[1.788s] -- Up-to-date: /home/kkkk/bxi_arm_v2/install/bxi_example_arm/share/bxi_example_arm/environment/path.sh
[1.788s] -- Up-to-date: /home/kkkk/bxi_arm_v2/install/bxi_example_arm/share/bxi_example_arm/environment/path.dsv
[1.788s] -- Up-to-date: /home/kkkk/bxi_arm_v2/install/bxi_example_arm/share/bxi_example_arm/local_setup.bash
[1.788s] -- Up-to-date: /home/kkkk/bxi_arm_v2/install/bxi_example_arm/share/bxi_example_arm/local_setup.sh
[1.788s] -- Up-to-date: /home/kkkk/bxi_arm_v2/install/bxi_example_arm/share/bxi_example_arm/local_setup.zsh
[1.788s] -- Up-to-date: /home/kkkk/bxi_arm_v2/install/bxi_example_arm/share/bxi_example_arm/local_setup.dsv
[1.788s] -- Installing: /home/kkkk/bxi_arm_v2/install/bxi_example_arm/share/bxi_example_arm/package.dsv
[1.788s] -- Up-to-date: /home/kkkk/bxi_arm_v2/install/bxi_example_arm/share/ament_index/resource_index/packages/bxi_example_arm
[1.788s] -- Up-to-date: /home/kkkk/bxi_arm_v2/install/bxi_example_arm/share/bxi_example_arm/cmake/bxi_example_armConfig.cmake
[1.788s] -- Up-to-date: /home/kkkk/bxi_arm_v2/install/bxi_example_arm/share/bxi_example_arm/cmake/bxi_example_armConfig-version.cmake
[1.788s] -- Up-to-date: /home/kkkk/bxi_arm_v2/install/bxi_example_arm/share/bxi_example_arm/package.xml
[1.838s] Invoked command in '/home/kkkk/bxi_arm_v2/build/bxi_example_arm' returned '0': CMAKE_PREFIX_PATH=${CMAKE_PREFIX_PATH}:/home/kkkk/bxi_arm_v2/install/hand_control:/home/kkkk/bxi_arm_v2/install/fake_trigger:/home/kkkk/bxi_arm_v2/install/elf3_arm_ikpy_control_pico:/home/kkkk/bxi_arm_v2/install/elf3_arm_bringup:/home/kkkk/bxi_arm_v2/install/bxi_example_py_trunk_neck:/home/kkkk/bxi_arm_v2/install/bxi_example_py_trunk:/home/kkkk/bxi_arm_v2/install/bxi_example_py_foot:/home/kkkk/bxi_arm_v2/install/bxi_example_py_elf3:/home/kkkk/bxi_arm_v2/install/bxi_example_py_armrc:/home/kkkk/bxi_arm_v2/install/bxi_example_py_arm:/home/kkkk/bxi_arm_v2/install/bxi_example_py_ankle:/home/kkkk/bxi_arm_v2/install/bxi_example_py:/home/kkkk/bxi_arm_v2/install/aero_hand_open_teleop:/home/kkkk/bxi_arm_v2/install/aero_hand_open_rl:/home/kkkk/bxi_arm_v2/install/aero_hand_open:/home/kkkk/bxi_arm_v2/install/aero_hand_open_description:/home/kkkk/moveit2/install/moveit_configs_utils:/home/kkkk/moveit2/install/launch_param_builder:/opt/ros/humble CONDA_PROMPT_MODIFIER=(ikpy) /usr/bin/cmake --install /home/kkkk/bxi_arm_v2/build/bxi_example_arm
