[2.563s] Invoking command in '/home/kkkk/bxi_arm_v2/src/bxi_rl_controller_ros2_example/src/bxi_example_py_arm': CONDA_PROMPT_MODIFIER=(ikpy) PYTHONPATH=/home/kkkk/bxi_arm_v2/build/bxi_example_py_arm/prefix_override:/home/kkkk/miniconda3/envs/ikpy/lib/python3.10/site-packages/colcon_core/task/python/colcon_distutils_commands:/home/kkkk/bxi_arm_v2/install/bxi_example_py_arm/lib/python3.10/site-packages:${PYTHONPATH} /home/kkkk/miniconda3/envs/ikpy/bin/python3.10 -W ignore:setup.py install is deprecated -W ignore:easy_install command is deprecated setup.py egg_info --egg-base ../../../../build/bxi_example_py_arm build --build-base /home/kkkk/bxi_arm_v2/build/bxi_example_py_arm/build install --record /home/kkkk/bxi_arm_v2/build/bxi_example_py_arm/install.log --single-version-externally-managed install_data
[2.745s] /home/kkkk/miniconda3/envs/ikpy/lib/python3.10/site-packages/setuptools/_distutils/dist.py:289: UserWarning: Unknown distribution option: 'tests_require'
[2.745s]   warnings.warn(msg)
[2.884s] running egg_info
[2.900s] writing ../../../../build/bxi_example_py_arm/bxi_example_py_arm.egg-info/PKG-INFO
[2.901s] writing dependency_links to ../../../../build/bxi_example_py_arm/bxi_example_py_arm.egg-info/dependency_links.txt
[2.901s] writing entry points to ../../../../build/bxi_example_py_arm/bxi_example_py_arm.egg-info/entry_points.txt
[2.901s] writing requirements to ../../../../build/bxi_example_py_arm/bxi_example_py_arm.egg-info/requires.txt
[2.901s] writing top-level names to ../../../../build/bxi_example_py_arm/bxi_example_py_arm.egg-info/top_level.txt
[2.937s] reading manifest file '../../../../build/bxi_example_py_arm/bxi_example_py_arm.egg-info/SOURCES.txt'
[2.938s] writing manifest file '../../../../build/bxi_example_py_arm/bxi_example_py_arm.egg-info/SOURCES.txt'
[2.939s] running build
[2.939s] running build_py
[2.939s] running install
[2.945s] running install_lib
[2.966s] running install_data
[2.966s] running install_egg_info
[2.984s] removing '/home/kkkk/bxi_arm_v2/install/bxi_example_py_arm/lib/python3.10/site-packages/bxi_example_py_arm-0.0.0-py3.10.egg-info' (and everything under it)
[2.985s] Copying ../../../../build/bxi_example_py_arm/bxi_example_py_arm.egg-info to /home/kkkk/bxi_arm_v2/install/bxi_example_py_arm/lib/python3.10/site-packages/bxi_example_py_arm-0.0.0-py3.10.egg-info
[2.986s] running install_scripts
[3.105s] Installing bxi_example_py_arm script to /home/kkkk/bxi_arm_v2/install/bxi_example_py_arm/lib/bxi_example_py_arm
[3.105s] writing list of installed files to '/home/kkkk/bxi_arm_v2/build/bxi_example_py_arm/install.log'
[3.243s] Invoked command in '/home/kkkk/bxi_arm_v2/src/bxi_rl_controller_ros2_example/src/bxi_example_py_arm' returned '0': CONDA_PROMPT_MODIFIER=(ikpy) PYTHONPATH=/home/kkkk/bxi_arm_v2/build/bxi_example_py_arm/prefix_override:/home/kkkk/miniconda3/envs/ikpy/lib/python3.10/site-packages/colcon_core/task/python/colcon_distutils_commands:/home/kkkk/bxi_arm_v2/install/bxi_example_py_arm/lib/python3.10/site-packages:${PYTHONPATH} /home/kkkk/miniconda3/envs/ikpy/bin/python3.10 -W ignore:setup.py install is deprecated -W ignore:easy_install command is deprecated setup.py egg_info --egg-base ../../../../build/bxi_example_py_arm build --build-base /home/kkkk/bxi_arm_v2/build/bxi_example_py_arm/build install --record /home/kkkk/bxi_arm_v2/build/bxi_example_py_arm/install.log --single-version-externally-managed install_data
