[2.797s] Invoking command in '/home/kkkk/bxi_arm_v2/src/bxi_rl_controller_ros2_example/src/bxi_example_py': CONDA_PROMPT_MODIFIER=(ikpy) PYTHONPATH=/home/kkkk/bxi_arm_v2/build/bxi_example_py/prefix_override:/home/kkkk/miniconda3/envs/ikpy/lib/python3.10/site-packages/colcon_core/task/python/colcon_distutils_commands:/home/kkkk/bxi_arm_v2/install/bxi_example_py/lib/python3.10/site-packages:${PYTHONPATH} /home/kkkk/miniconda3/envs/ikpy/bin/python3.10 -W ignore:setup.py install is deprecated -W ignore:easy_install command is deprecated setup.py egg_info --egg-base ../../../../build/bxi_example_py build --build-base /home/kkkk/bxi_arm_v2/build/bxi_example_py/build install --record /home/kkkk/bxi_arm_v2/build/bxi_example_py/install.log --single-version-externally-managed install_data
[3.609s] running egg_info
[3.609s] creating ../../../../build/bxi_example_py/bxi_example_py.egg-info
[3.609s] writing ../../../../build/bxi_example_py/bxi_example_py.egg-info/PKG-INFO
[3.609s] writing dependency_links to ../../../../build/bxi_example_py/bxi_example_py.egg-info/dependency_links.txt
[3.609s] writing entry points to ../../../../build/bxi_example_py/bxi_example_py.egg-info/entry_points.txt
[3.609s] writing requirements to ../../../../build/bxi_example_py/bxi_example_py.egg-info/requires.txt
[3.609s] writing top-level names to ../../../../build/bxi_example_py/bxi_example_py.egg-info/top_level.txt
[3.609s] writing manifest file '../../../../build/bxi_example_py/bxi_example_py.egg-info/SOURCES.txt'
[3.609s] reading manifest file '../../../../build/bxi_example_py/bxi_example_py.egg-info/SOURCES.txt'
[3.609s] writing manifest file '../../../../build/bxi_example_py/bxi_example_py.egg-info/SOURCES.txt'
[3.610s] running build
[3.610s] running build_py
[3.610s] creating /home/kkkk/bxi_arm_v2/build/bxi_example_py/build/lib/bxi_example_py
[3.610s] copying bxi_example_py/bxi_example.py -> /home/kkkk/bxi_arm_v2/build/bxi_example_py/build/lib/bxi_example_py
[3.610s] copying bxi_example_py/__init__.py -> /home/kkkk/bxi_arm_v2/build/bxi_example_py/build/lib/bxi_example_py
[3.610s] running install
[3.610s] running install_lib
[3.610s] creating /home/kkkk/bxi_arm_v2/install/bxi_example_py/lib/python3.10/site-packages/bxi_example_py
[3.610s] copying /home/kkkk/bxi_arm_v2/build/bxi_example_py/build/lib/bxi_example_py/bxi_example.py -> /home/kkkk/bxi_arm_v2/install/bxi_example_py/lib/python3.10/site-packages/bxi_example_py
[3.610s] copying /home/kkkk/bxi_arm_v2/build/bxi_example_py/build/lib/bxi_example_py/__init__.py -> /home/kkkk/bxi_arm_v2/install/bxi_example_py/lib/python3.10/site-packages/bxi_example_py
[3.610s] byte-compiling /home/kkkk/bxi_arm_v2/install/bxi_example_py/lib/python3.10/site-packages/bxi_example_py/bxi_example.py to bxi_example.cpython-310.pyc
[3.610s] byte-compiling /home/kkkk/bxi_arm_v2/install/bxi_example_py/lib/python3.10/site-packages/bxi_example_py/__init__.py to __init__.cpython-310.pyc
[3.610s] running install_data
[3.610s] creating /home/kkkk/bxi_arm_v2/install/bxi_example_py/share/ament_index/resource_index/packages
[3.610s] copying resource/bxi_example_py -> /home/kkkk/bxi_arm_v2/install/bxi_example_py/share/ament_index/resource_index/packages
[3.610s] copying package.xml -> /home/kkkk/bxi_arm_v2/install/bxi_example_py/share/bxi_example_py
[3.610s] creating /home/kkkk/bxi_arm_v2/install/bxi_example_py/share/bxi_example_py/launch
[3.610s] copying launch/example_launch.py -> /home/kkkk/bxi_arm_v2/install/bxi_example_py/share/bxi_example_py/launch
[3.610s] copying launch/example_launch_hw.py -> /home/kkkk/bxi_arm_v2/install/bxi_example_py/share/bxi_example_py/launch
[3.610s] creating /home/kkkk/bxi_arm_v2/install/bxi_example_py/share/bxi_example_py/policy
[3.610s] copying policy/policy.jit -> /home/kkkk/bxi_arm_v2/install/bxi_example_py/share/bxi_example_py/policy
[3.610s] copying policy/model.onnx -> /home/kkkk/bxi_arm_v2/install/bxi_example_py/share/bxi_example_py/policy
[3.610s] running install_egg_info
[3.610s] Copying ../../../../build/bxi_example_py/bxi_example_py.egg-info to /home/kkkk/bxi_arm_v2/install/bxi_example_py/lib/python3.10/site-packages/bxi_example_py-0.0.0-py3.10.egg-info
[3.611s] running install_scripts
[3.611s] /home/kkkk/miniconda3/envs/ikpy/lib/python3.10/site-packages/setuptools/_distutils/dist.py:289: UserWarning: Unknown distribution option: 'tests_require'
[3.614s]   warnings.warn(msg)
[3.693s] Installing bxi_example_py script to /home/kkkk/bxi_arm_v2/install/bxi_example_py/lib/bxi_example_py
[3.700s] writing list of installed files to '/home/kkkk/bxi_arm_v2/build/bxi_example_py/install.log'
[3.818s] Invoked command in '/home/kkkk/bxi_arm_v2/src/bxi_rl_controller_ros2_example/src/bxi_example_py' returned '0': CONDA_PROMPT_MODIFIER=(ikpy) PYTHONPATH=/home/kkkk/bxi_arm_v2/build/bxi_example_py/prefix_override:/home/kkkk/miniconda3/envs/ikpy/lib/python3.10/site-packages/colcon_core/task/python/colcon_distutils_commands:/home/kkkk/bxi_arm_v2/install/bxi_example_py/lib/python3.10/site-packages:${PYTHONPATH} /home/kkkk/miniconda3/envs/ikpy/bin/python3.10 -W ignore:setup.py install is deprecated -W ignore:easy_install command is deprecated setup.py egg_info --egg-base ../../../../build/bxi_example_py build --build-base /home/kkkk/bxi_arm_v2/build/bxi_example_py/build install --record /home/kkkk/bxi_arm_v2/build/bxi_example_py/install.log --single-version-externally-managed install_data
