[2.629s] Invoking command in '/home/kkkk/bxi_arm_v2/src/fake_trigger': CONDA_PROMPT_MODIFIER=(ikpy) PYTHONPATH=/home/kkkk/bxi_arm_v2/build/fake_trigger/prefix_override:/home/kkkk/miniconda3/envs/ikpy/lib/python3.10/site-packages/colcon_core/task/python/colcon_distutils_commands:/home/kkkk/bxi_arm_v2/install/fake_trigger/lib/python3.10/site-packages:${PYTHONPATH} /home/kkkk/miniconda3/envs/ikpy/bin/python3.10 -W ignore:setup.py install is deprecated -W ignore:easy_install command is deprecated setup.py egg_info --egg-base ../../build/fake_trigger build --build-base /home/kkkk/bxi_arm_v2/build/fake_trigger/build install --record /home/kkkk/bxi_arm_v2/build/fake_trigger/install.log --single-version-externally-managed install_data
[3.102s] running egg_info
[3.113s] creating ../../build/fake_trigger/fake_trigger.egg-info
[3.113s] writing ../../build/fake_trigger/fake_trigger.egg-info/PKG-INFO
[3.113s] writing dependency_links to ../../build/fake_trigger/fake_trigger.egg-info/dependency_links.txt
[3.113s] writing entry points to ../../build/fake_trigger/fake_trigger.egg-info/entry_points.txt
[3.113s] writing requirements to ../../build/fake_trigger/fake_trigger.egg-info/requires.txt
[3.113s] writing top-level names to ../../build/fake_trigger/fake_trigger.egg-info/top_level.txt
[3.113s] writing manifest file '../../build/fake_trigger/fake_trigger.egg-info/SOURCES.txt'
[3.161s] reading manifest file '../../build/fake_trigger/fake_trigger.egg-info/SOURCES.txt'
[3.162s] writing manifest file '../../build/fake_trigger/fake_trigger.egg-info/SOURCES.txt'
[3.163s] running build
[3.164s] running build_py
[3.164s] creating /home/kkkk/bxi_arm_v2/build/fake_trigger/build/lib/fake_trigger
[3.164s] copying fake_trigger/fake_trigger.py -> /home/kkkk/bxi_arm_v2/build/fake_trigger/build/lib/fake_trigger
[3.164s] copying fake_trigger/__init__.py -> /home/kkkk/bxi_arm_v2/build/fake_trigger/build/lib/fake_trigger
[3.164s] running install
[3.171s] running install_lib
[3.211s] creating /home/kkkk/bxi_arm_v2/install/fake_trigger/lib/python3.10/site-packages/fake_trigger
[3.213s] copying /home/kkkk/bxi_arm_v2/build/fake_trigger/build/lib/fake_trigger/fake_trigger.py -> /home/kkkk/bxi_arm_v2/install/fake_trigger/lib/python3.10/site-packages/fake_trigger
[3.213s] copying /home/kkkk/bxi_arm_v2/build/fake_trigger/build/lib/fake_trigger/__init__.py -> /home/kkkk/bxi_arm_v2/install/fake_trigger/lib/python3.10/site-packages/fake_trigger
[3.214s] byte-compiling /home/kkkk/bxi_arm_v2/install/fake_trigger/lib/python3.10/site-packages/fake_trigger/fake_trigger.py to fake_trigger.cpython-310.pyc
[3.214s] byte-compiling /home/kkkk/bxi_arm_v2/install/fake_trigger/lib/python3.10/site-packages/fake_trigger/__init__.py to __init__.cpython-310.pyc
[3.214s] running install_data
[3.214s] creating /home/kkkk/bxi_arm_v2/install/fake_trigger/share/ament_index/resource_index/packages
[3.215s] copying resource/fake_trigger -> /home/kkkk/bxi_arm_v2/install/fake_trigger/share/ament_index/resource_index/packages
[3.215s] copying package.xml -> /home/kkkk/bxi_arm_v2/install/fake_trigger/share/fake_trigger
[3.215s] running install_egg_info
[3.233s] Copying ../../build/fake_trigger/fake_trigger.egg-info to /home/kkkk/bxi_arm_v2/install/fake_trigger/lib/python3.10/site-packages/fake_trigger-0.0.0-py3.10.egg-info
[3.233s] running install_scripts
[3.507s] Installing fake_trigger script to /home/kkkk/bxi_arm_v2/install/fake_trigger/lib/fake_trigger
[3.507s] writing list of installed files to '/home/kkkk/bxi_arm_v2/build/fake_trigger/install.log'
[3.730s] Invoked command in '/home/kkkk/bxi_arm_v2/src/fake_trigger' returned '0': CONDA_PROMPT_MODIFIER=(ikpy) PYTHONPATH=/home/kkkk/bxi_arm_v2/build/fake_trigger/prefix_override:/home/kkkk/miniconda3/envs/ikpy/lib/python3.10/site-packages/colcon_core/task/python/colcon_distutils_commands:/home/kkkk/bxi_arm_v2/install/fake_trigger/lib/python3.10/site-packages:${PYTHONPATH} /home/kkkk/miniconda3/envs/ikpy/bin/python3.10 -W ignore:setup.py install is deprecated -W ignore:easy_install command is deprecated setup.py egg_info --egg-base ../../build/fake_trigger build --build-base /home/kkkk/bxi_arm_v2/build/fake_trigger/build install --record /home/kkkk/bxi_arm_v2/build/fake_trigger/install.log --single-version-externally-managed install_data
