[0.100s] Invoking command in '/home/kkkk/bxi_arm_v2/build/aero_hand_open_msgs': CMAKE_PREFIX_PATH=${CMAKE_PREFIX_PATH}:/home/kkkk/bxi_arm_v2/install/hand_control:/home/kkkk/bxi_arm_v2/install/fake_trigger:/home/kkkk/bxi_arm_v2/install/elf3_arm_ikpy_control_pico:/home/kkkk/bxi_arm_v2/install/elf3_arm_bringup:/home/kkkk/bxi_arm_v2/install/bxi_example_py_trunk_neck:/home/kkkk/bxi_arm_v2/install/bxi_example_py_trunk:/home/kkkk/bxi_arm_v2/install/bxi_example_py_foot:/home/kkkk/bxi_arm_v2/install/bxi_example_py_elf3:/home/kkkk/bxi_arm_v2/install/bxi_example_py_armrc:/home/kkkk/bxi_arm_v2/install/bxi_example_py_arm:/home/kkkk/bxi_arm_v2/install/bxi_example_py_ankle:/home/kkkk/bxi_arm_v2/install/bxi_example_py:/home/kkkk/bxi_arm_v2/install/aero_hand_open_teleop:/home/kkkk/bxi_arm_v2/install/aero_hand_open_rl:/home/kkkk/bxi_arm_v2/install/aero_hand_open:/home/kkkk/bxi_arm_v2/install/aero_hand_open_description:/home/kkkk/moveit2/install/moveit_configs_utils:/home/kkkk/moveit2/install/launch_param_builder:/opt/ros/humble CONDA_PROMPT_MODIFIER=(ikpy) /usr/bin/cmake --build /home/kkkk/bxi_arm_v2/build/aero_hand_open_msgs -- -j16 -l16
[1.658s] [35m[1mConsolidate compiler generated dependencies of target aero_hand_open_msgs__rosidl_generator_c[0m
[1.658s] [ 10%] Built target aero_hand_open_msgs__rosidl_generator_c
[1.658s] [ 12%] Built target aero_hand_open_msgs__cpp
[1.658s] [ 12%] Built target ament_cmake_python_copy_aero_hand_open_msgs
[1.658s] [35m[1mConsolidate compiler generated dependencies of target aero_hand_open_msgs__rosidl_typesupport_c[0m
[1.658s] [35m[1mConsolidate compiler generated dependencies of target aero_hand_open_msgs__rosidl_typesupport_introspection_c[0m
[1.658s] [35m[1mConsolidate compiler generated dependencies of target aero_hand_open_msgs__rosidl_typesupport_fastrtps_cpp[0m
[1.658s] [35m[1mConsolidate compiler generated dependencies of target aero_hand_open_msgs__rosidl_typesupport_cpp[0m
[1.658s] [35m[1mConsolidate compiler generated dependencies of target aero_hand_open_msgs__rosidl_typesupport_fastrtps_c[0m
[1.658s] [35m[1mConsolidate compiler generated dependencies of target aero_hand_open_msgs__rosidl_typesupport_introspection_cpp[0m
[1.658s] [ 23%] Built target aero_hand_open_msgs__rosidl_typesupport_introspection_c
[1.658s] [ 34%] Built target aero_hand_open_msgs__rosidl_typesupport_c
[1.658s] [ 49%] Built target aero_hand_open_msgs__rosidl_typesupport_cpp
[1.658s] [ 56%] Built target aero_hand_open_msgs__rosidl_typesupport_fastrtps_cpp
[1.658s] [ 67%] Built target aero_hand_open_msgs__rosidl_typesupport_fastrtps_c
[1.658s] [ 78%] Built target aero_hand_open_msgs__rosidl_typesupport_introspection_cpp
[1.658s] [ 78%] Built target aero_hand_open_msgs
[1.658s] [ 80%] Built target aero_hand_open_msgs__py
[1.658s] [35m[1mConsolidate compiler generated dependencies of target aero_hand_open_msgs__rosidl_generator_py[0m
[1.658s] [ 89%] Built target aero_hand_open_msgs__rosidl_generator_py
[1.658s] [35m[1mConsolidate compiler generated dependencies of target aero_hand_open_msgs__rosidl_typesupport_fastrtps_c__pyext[0m
[1.658s] [35m[1mConsolidate compiler generated dependencies of target aero_hand_open_msgs__rosidl_typesupport_introspection_c__pyext[0m
[1.658s] [35m[1mConsolidate compiler generated dependencies of target aero_hand_open_msgs__rosidl_typesupport_c__pyext[0m
[1.658s] [ 92%] Built target aero_hand_open_msgs__rosidl_typesupport_fastrtps_c__pyext
[1.658s] [ 96%] Built target aero_hand_open_msgs__rosidl_typesupport_introspection_c__pyext
[1.658s] [100%] Built target aero_hand_open_msgs__rosidl_typesupport_c__pyext
[1.658s] running egg_info
[1.658s] writing aero_hand_open_msgs.egg-info/PKG-INFO
[1.659s] writing dependency_links to aero_hand_open_msgs.egg-info/dependency_links.txt
[1.659s] writing top-level names to aero_hand_open_msgs.egg-info/top_level.txt
[1.659s] reading manifest file 'aero_hand_open_msgs.egg-info/SOURCES.txt'
[1.659s] writing manifest file 'aero_hand_open_msgs.egg-info/SOURCES.txt'
[1.659s] [100%] Built target ament_cmake_python_build_aero_hand_open_msgs_egg
[1.803s] Invoked command in '/home/kkkk/bxi_arm_v2/build/aero_hand_open_msgs' returned '0': CMAKE_PREFIX_PATH=${CMAKE_PREFIX_PATH}:/home/kkkk/bxi_arm_v2/install/hand_control:/home/kkkk/bxi_arm_v2/install/fake_trigger:/home/kkkk/bxi_arm_v2/install/elf3_arm_ikpy_control_pico:/home/kkkk/bxi_arm_v2/install/elf3_arm_bringup:/home/kkkk/bxi_arm_v2/install/bxi_example_py_trunk_neck:/home/kkkk/bxi_arm_v2/install/bxi_example_py_trunk:/home/kkkk/bxi_arm_v2/install/bxi_example_py_foot:/home/kkkk/bxi_arm_v2/install/bxi_example_py_elf3:/home/kkkk/bxi_arm_v2/install/bxi_example_py_armrc:/home/kkkk/bxi_arm_v2/install/bxi_example_py_arm:/home/kkkk/bxi_arm_v2/install/bxi_example_py_ankle:/home/kkkk/bxi_arm_v2/install/bxi_example_py:/home/kkkk/bxi_arm_v2/install/aero_hand_open_teleop:/home/kkkk/bxi_arm_v2/install/aero_hand_open_rl:/home/kkkk/bxi_arm_v2/install/aero_hand_open:/home/kkkk/bxi_arm_v2/install/aero_hand_open_description:/home/kkkk/moveit2/install/moveit_configs_utils:/home/kkkk/moveit2/install/launch_param_builder:/opt/ros/humble CONDA_PROMPT_MODIFIER=(ikpy) /usr/bin/cmake --build /home/kkkk/bxi_arm_v2/build/aero_hand_open_msgs -- -j16 -l16
[1.803s] Invoking command in '/home/kkkk/bxi_arm_v2/build/aero_hand_open_msgs': CMAKE_PREFIX_PATH=${CMAKE_PREFIX_PATH}:/home/kkkk/bxi_arm_v2/install/hand_control:/home/kkkk/bxi_arm_v2/install/fake_trigger:/home/kkkk/bxi_arm_v2/install/elf3_arm_ikpy_control_pico:/home/kkkk/bxi_arm_v2/install/elf3_arm_bringup:/home/kkkk/bxi_arm_v2/install/bxi_example_py_trunk_neck:/home/kkkk/bxi_arm_v2/install/bxi_example_py_trunk:/home/kkkk/bxi_arm_v2/install/bxi_example_py_foot:/home/kkkk/bxi_arm_v2/install/bxi_example_py_elf3:/home/kkkk/bxi_arm_v2/install/bxi_example_py_armrc:/home/kkkk/bxi_arm_v2/install/bxi_example_py_arm:/home/kkkk/bxi_arm_v2/install/bxi_example_py_ankle:/home/kkkk/bxi_arm_v2/install/bxi_example_py:/home/kkkk/bxi_arm_v2/install/aero_hand_open_teleop:/home/kkkk/bxi_arm_v2/install/aero_hand_open_rl:/home/kkkk/bxi_arm_v2/install/aero_hand_open:/home/kkkk/bxi_arm_v2/install/aero_hand_open_description:/home/kkkk/moveit2/install/moveit_configs_utils:/home/kkkk/moveit2/install/launch_param_builder:/opt/ros/humble CONDA_PROMPT_MODIFIER=(ikpy) /usr/bin/cmake --install /home/kkkk/bxi_arm_v2/build/aero_hand_open_msgs
[1.811s] -- Install configuration: "Release"
[1.811s] -- Up-to-date: /home/kkkk/bxi_arm_v2/install/aero_hand_open_msgs/share/ament_index/resource_index/rosidl_interfaces/aero_hand_open_msgs
[1.811s] -- Up-to-date: /home/kkkk/bxi_arm_v2/install/aero_hand_open_msgs/include/aero_hand_open_msgs/aero_hand_open_msgs
[1.811s] -- Up-to-date: /home/kkkk/bxi_arm_v2/install/aero_hand_open_msgs/include/aero_hand_open_msgs/aero_hand_open_msgs/msg
[1.811s] -- Up-to-date: /home/kkkk/bxi_arm_v2/install/aero_hand_open_msgs/include/aero_hand_open_msgs/aero_hand_open_msgs/msg/joint_control.h
[1.811s] -- Up-to-date: /home/kkkk/bxi_arm_v2/install/aero_hand_open_msgs/include/aero_hand_open_msgs/aero_hand_open_msgs/msg/rosidl_generator_c__visibility_control.h
[1.811s] -- Up-to-date: /home/kkkk/bxi_arm_v2/install/aero_hand_open_msgs/include/aero_hand_open_msgs/aero_hand_open_msgs/msg/hand_mocap.h
[1.811s] -- Up-to-date: /home/kkkk/bxi_arm_v2/install/aero_hand_open_msgs/include/aero_hand_open_msgs/aero_hand_open_msgs/msg/actuator_states.h
[1.811s] -- Up-to-date: /home/kkkk/bxi_arm_v2/install/aero_hand_open_msgs/include/aero_hand_open_msgs/aero_hand_open_msgs/msg/actuator_control.h
[1.811s] -- Up-to-date: /home/kkkk/bxi_arm_v2/install/aero_hand_open_msgs/include/aero_hand_open_msgs/aero_hand_open_msgs/msg/detail
[1.811s] -- Up-to-date: /home/kkkk/bxi_arm_v2/install/aero_hand_open_msgs/include/aero_hand_open_msgs/aero_hand_open_msgs/msg/detail/actuator_states__struct.h
[1.812s] -- Up-to-date: /home/kkkk/bxi_arm_v2/install/aero_hand_open_msgs/include/aero_hand_open_msgs/aero_hand_open_msgs/msg/detail/joint_control__type_support.h
[1.812s] -- Up-to-date: /home/kkkk/bxi_arm_v2/install/aero_hand_open_msgs/include/aero_hand_open_msgs/aero_hand_open_msgs/msg/detail/hand_mocap__functions.c
[1.812s] -- Up-to-date: /home/kkkk/bxi_arm_v2/install/aero_hand_open_msgs/include/aero_hand_open_msgs/aero_hand_open_msgs/msg/detail/actuator_control__functions.h
[1.812s] -- Up-to-date: /home/kkkk/bxi_arm_v2/install/aero_hand_open_msgs/include/aero_hand_open_msgs/aero_hand_open_msgs/msg/detail/hand_mocap__functions.h
[1.812s] -- Up-to-date: /home/kkkk/bxi_arm_v2/install/aero_hand_open_msgs/include/aero_hand_open_msgs/aero_hand_open_msgs/msg/detail/actuator_control__type_support.h
[1.812s] -- Up-to-date: /home/kkkk/bxi_arm_v2/install/aero_hand_open_msgs/include/aero_hand_open_msgs/aero_hand_open_msgs/msg/detail/hand_mocap__type_support.h
[1.812s] -- Up-to-date: /home/kkkk/bxi_arm_v2/install/aero_hand_open_msgs/include/aero_hand_open_msgs/aero_hand_open_msgs/msg/detail/joint_control__functions.h
[1.812s] -- Up-to-date: /home/kkkk/bxi_arm_v2/install/aero_hand_open_msgs/include/aero_hand_open_msgs/aero_hand_open_msgs/msg/detail/actuator_states__functions.h
[1.812s] -- Up-to-date: /home/kkkk/bxi_arm_v2/install/aero_hand_open_msgs/include/aero_hand_open_msgs/aero_hand_open_msgs/msg/detail/joint_control__functions.c
[1.812s] -- Up-to-date: /home/kkkk/bxi_arm_v2/install/aero_hand_open_msgs/include/aero_hand_open_msgs/aero_hand_open_msgs/msg/detail/actuator_states__type_support.h
[1.812s] -- Up-to-date: /home/kkkk/bxi_arm_v2/install/aero_hand_open_msgs/include/aero_hand_open_msgs/aero_hand_open_msgs/msg/detail/hand_mocap__struct.h
[1.812s] -- Up-to-date: /home/kkkk/bxi_arm_v2/install/aero_hand_open_msgs/include/aero_hand_open_msgs/aero_hand_open_msgs/msg/detail/actuator_states__functions.c
[1.813s] -- Up-to-date: /home/kkkk/bxi_arm_v2/install/aero_hand_open_msgs/include/aero_hand_open_msgs/aero_hand_open_msgs/msg/detail/actuator_control__functions.c
[1.813s] -- Up-to-date: /home/kkkk/bxi_arm_v2/install/aero_hand_open_msgs/include/aero_hand_open_msgs/aero_hand_open_msgs/msg/detail/actuator_control__struct.h
[1.813s] -- Up-to-date: /home/kkkk/bxi_arm_v2/install/aero_hand_open_msgs/include/aero_hand_open_msgs/aero_hand_open_msgs/msg/detail/joint_control__struct.h
[1.813s] -- Up-to-date: /home/kkkk/bxi_arm_v2/install/aero_hand_open_msgs/share/aero_hand_open_msgs/environment/library_path.sh
[1.813s] -- Up-to-date: /home/kkkk/bxi_arm_v2/install/aero_hand_open_msgs/share/aero_hand_open_msgs/environment/library_path.dsv
[1.813s] -- Up-to-date: /home/kkkk/bxi_arm_v2/install/aero_hand_open_msgs/lib/libaero_hand_open_msgs__rosidl_generator_c.so
[1.813s] -- Up-to-date: /home/kkkk/bxi_arm_v2/install/aero_hand_open_msgs/include/aero_hand_open_msgs/aero_hand_open_msgs
[1.813s] -- Up-to-date: /home/kkkk/bxi_arm_v2/install/aero_hand_open_msgs/include/aero_hand_open_msgs/aero_hand_open_msgs/msg
[1.813s] -- Up-to-date: /home/kkkk/bxi_arm_v2/install/aero_hand_open_msgs/include/aero_hand_open_msgs/aero_hand_open_msgs/msg/rosidl_typesupport_fastrtps_c__visibility_control.h
[1.813s] -- Up-to-date: /home/kkkk/bxi_arm_v2/install/aero_hand_open_msgs/include/aero_hand_open_msgs/aero_hand_open_msgs/msg/detail
[1.813s] -- Up-to-date: /home/kkkk/bxi_arm_v2/install/aero_hand_open_msgs/include/aero_hand_open_msgs/aero_hand_open_msgs/msg/detail/hand_mocap__rosidl_typesupport_fastrtps_c.h
[1.813s] -- Up-to-date: /home/kkkk/bxi_arm_v2/install/aero_hand_open_msgs/include/aero_hand_open_msgs/aero_hand_open_msgs/msg/detail/joint_control__rosidl_typesupport_fastrtps_c.h
[1.814s] -- Up-to-date: /home/kkkk/bxi_arm_v2/install/aero_hand_open_msgs/include/aero_hand_open_msgs/aero_hand_open_msgs/msg/detail/actuator_control__rosidl_typesupport_fastrtps_c.h
[1.814s] -- Up-to-date: /home/kkkk/bxi_arm_v2/install/aero_hand_open_msgs/include/aero_hand_open_msgs/aero_hand_open_msgs/msg/detail/actuator_states__rosidl_typesupport_fastrtps_c.h
[1.814s] -- Up-to-date: /home/kkkk/bxi_arm_v2/install/aero_hand_open_msgs/lib/libaero_hand_open_msgs__rosidl_typesupport_fastrtps_c.so
[1.814s] -- Up-to-date: /home/kkkk/bxi_arm_v2/install/aero_hand_open_msgs/include/aero_hand_open_msgs/aero_hand_open_msgs
[1.814s] -- Up-to-date: /home/kkkk/bxi_arm_v2/install/aero_hand_open_msgs/include/aero_hand_open_msgs/aero_hand_open_msgs/msg
[1.814s] -- Up-to-date: /home/kkkk/bxi_arm_v2/install/aero_hand_open_msgs/include/aero_hand_open_msgs/aero_hand_open_msgs/msg/hand_mocap.hpp
[1.814s] -- Up-to-date: /home/kkkk/bxi_arm_v2/install/aero_hand_open_msgs/include/aero_hand_open_msgs/aero_hand_open_msgs/msg/joint_control.hpp
[1.814s] -- Up-to-date: /home/kkkk/bxi_arm_v2/install/aero_hand_open_msgs/include/aero_hand_open_msgs/aero_hand_open_msgs/msg/rosidl_generator_cpp__visibility_control.hpp
[1.814s] -- Up-to-date: /home/kkkk/bxi_arm_v2/install/aero_hand_open_msgs/include/aero_hand_open_msgs/aero_hand_open_msgs/msg/actuator_states.hpp
[1.814s] -- Up-to-date: /home/kkkk/bxi_arm_v2/install/aero_hand_open_msgs/include/aero_hand_open_msgs/aero_hand_open_msgs/msg/actuator_control.hpp
[1.815s] -- Up-to-date: /home/kkkk/bxi_arm_v2/install/aero_hand_open_msgs/include/aero_hand_open_msgs/aero_hand_open_msgs/msg/detail
[1.815s] -- Up-to-date: /home/kkkk/bxi_arm_v2/install/aero_hand_open_msgs/include/aero_hand_open_msgs/aero_hand_open_msgs/msg/detail/hand_mocap__type_support.hpp
[1.815s] -- Up-to-date: /home/kkkk/bxi_arm_v2/install/aero_hand_open_msgs/include/aero_hand_open_msgs/aero_hand_open_msgs/msg/detail/joint_control__struct.hpp
[1.815s] -- Up-to-date: /home/kkkk/bxi_arm_v2/install/aero_hand_open_msgs/include/aero_hand_open_msgs/aero_hand_open_msgs/msg/detail/hand_mocap__struct.hpp
[1.815s] -- Up-to-date: /home/kkkk/bxi_arm_v2/install/aero_hand_open_msgs/include/aero_hand_open_msgs/aero_hand_open_msgs/msg/detail/actuator_states__builder.hpp
[1.815s] -- Up-to-date: /home/kkkk/bxi_arm_v2/install/aero_hand_open_msgs/include/aero_hand_open_msgs/aero_hand_open_msgs/msg/detail/actuator_states__struct.hpp
[1.815s] -- Up-to-date: /home/kkkk/bxi_arm_v2/install/aero_hand_open_msgs/include/aero_hand_open_msgs/aero_hand_open_msgs/msg/detail/hand_mocap__traits.hpp
[1.815s] -- Up-to-date: /home/kkkk/bxi_arm_v2/install/aero_hand_open_msgs/include/aero_hand_open_msgs/aero_hand_open_msgs/msg/detail/joint_control__builder.hpp
[1.815s] -- Up-to-date: /home/kkkk/bxi_arm_v2/install/aero_hand_open_msgs/include/aero_hand_open_msgs/aero_hand_open_msgs/msg/detail/actuator_control__builder.hpp
[1.815s] -- Up-to-date: /home/kkkk/bxi_arm_v2/install/aero_hand_open_msgs/include/aero_hand_open_msgs/aero_hand_open_msgs/msg/detail/actuator_control__struct.hpp
[1.815s] -- Up-to-date: /home/kkkk/bxi_arm_v2/install/aero_hand_open_msgs/include/aero_hand_open_msgs/aero_hand_open_msgs/msg/detail/hand_mocap__builder.hpp
[1.815s] -- Up-to-date: /home/kkkk/bxi_arm_v2/install/aero_hand_open_msgs/include/aero_hand_open_msgs/aero_hand_open_msgs/msg/detail/actuator_control__type_support.hpp
[1.815s] -- Up-to-date: /home/kkkk/bxi_arm_v2/install/aero_hand_open_msgs/include/aero_hand_open_msgs/aero_hand_open_msgs/msg/detail/actuator_states__type_support.hpp
[1.815s] -- Up-to-date: /home/kkkk/bxi_arm_v2/install/aero_hand_open_msgs/include/aero_hand_open_msgs/aero_hand_open_msgs/msg/detail/joint_control__traits.hpp
[1.815s] -- Up-to-date: /home/kkkk/bxi_arm_v2/install/aero_hand_open_msgs/include/aero_hand_open_msgs/aero_hand_open_msgs/msg/detail/actuator_states__traits.hpp
[1.815s] -- Up-to-date: /home/kkkk/bxi_arm_v2/install/aero_hand_open_msgs/include/aero_hand_open_msgs/aero_hand_open_msgs/msg/detail/joint_control__type_support.hpp
[1.815s] -- Up-to-date: /home/kkkk/bxi_arm_v2/install/aero_hand_open_msgs/include/aero_hand_open_msgs/aero_hand_open_msgs/msg/detail/actuator_control__traits.hpp
[1.815s] -- Up-to-date: /home/kkkk/bxi_arm_v2/install/aero_hand_open_msgs/include/aero_hand_open_msgs/aero_hand_open_msgs
[1.815s] -- Up-to-date: /home/kkkk/bxi_arm_v2/install/aero_hand_open_msgs/include/aero_hand_open_msgs/aero_hand_open_msgs/msg
[1.815s] -- Up-to-date: /home/kkkk/bxi_arm_v2/install/aero_hand_open_msgs/include/aero_hand_open_msgs/aero_hand_open_msgs/msg/rosidl_typesupport_fastrtps_cpp__visibility_control.h
[1.815s] -- Up-to-date: /home/kkkk/bxi_arm_v2/install/aero_hand_open_msgs/include/aero_hand_open_msgs/aero_hand_open_msgs/msg/detail
[1.815s] -- Up-to-date: /home/kkkk/bxi_arm_v2/install/aero_hand_open_msgs/include/aero_hand_open_msgs/aero_hand_open_msgs/msg/detail/joint_control__rosidl_typesupport_fastrtps_cpp.hpp
[1.815s] -- Up-to-date: /home/kkkk/bxi_arm_v2/install/aero_hand_open_msgs/include/aero_hand_open_msgs/aero_hand_open_msgs/msg/detail/hand_mocap__rosidl_typesupport_fastrtps_cpp.hpp
[1.815s] -- Up-to-date: /home/kkkk/bxi_arm_v2/install/aero_hand_open_msgs/include/aero_hand_open_msgs/aero_hand_open_msgs/msg/detail/dds_fastrtps
[1.815s] -- Up-to-date: /home/kkkk/bxi_arm_v2/install/aero_hand_open_msgs/include/aero_hand_open_msgs/aero_hand_open_msgs/msg/detail/actuator_states__rosidl_typesupport_fastrtps_cpp.hpp
[1.815s] -- Up-to-date: /home/kkkk/bxi_arm_v2/install/aero_hand_open_msgs/include/aero_hand_open_msgs/aero_hand_open_msgs/msg/detail/actuator_control__rosidl_typesupport_fastrtps_cpp.hpp
[1.815s] -- Up-to-date: /home/kkkk/bxi_arm_v2/install/aero_hand_open_msgs/lib/libaero_hand_open_msgs__rosidl_typesupport_fastrtps_cpp.so
[1.815s] -- Up-to-date: /home/kkkk/bxi_arm_v2/install/aero_hand_open_msgs/include/aero_hand_open_msgs/aero_hand_open_msgs
[1.815s] -- Up-to-date: /home/kkkk/bxi_arm_v2/install/aero_hand_open_msgs/include/aero_hand_open_msgs/aero_hand_open_msgs/msg
[1.815s] -- Up-to-date: /home/kkkk/bxi_arm_v2/install/aero_hand_open_msgs/include/aero_hand_open_msgs/aero_hand_open_msgs/msg/rosidl_typesupport_introspection_c__visibility_control.h
[1.815s] -- Up-to-date: /home/kkkk/bxi_arm_v2/install/aero_hand_open_msgs/include/aero_hand_open_msgs/aero_hand_open_msgs/msg/detail
[1.815s] -- Up-to-date: /home/kkkk/bxi_arm_v2/install/aero_hand_open_msgs/include/aero_hand_open_msgs/aero_hand_open_msgs/msg/detail/actuator_control__rosidl_typesupport_introspection_c.h
[1.815s] -- Up-to-date: /home/kkkk/bxi_arm_v2/install/aero_hand_open_msgs/include/aero_hand_open_msgs/aero_hand_open_msgs/msg/detail/hand_mocap__type_support.c
[1.815s] -- Up-to-date: /home/kkkk/bxi_arm_v2/install/aero_hand_open_msgs/include/aero_hand_open_msgs/aero_hand_open_msgs/msg/detail/actuator_states__type_support.c
[1.815s] -- Up-to-date: /home/kkkk/bxi_arm_v2/install/aero_hand_open_msgs/include/aero_hand_open_msgs/aero_hand_open_msgs/msg/detail/joint_control__type_support.c
[1.815s] -- Up-to-date: /home/kkkk/bxi_arm_v2/install/aero_hand_open_msgs/include/aero_hand_open_msgs/aero_hand_open_msgs/msg/detail/hand_mocap__rosidl_typesupport_introspection_c.h
[1.815s] -- Up-to-date: /home/kkkk/bxi_arm_v2/install/aero_hand_open_msgs/include/aero_hand_open_msgs/aero_hand_open_msgs/msg/detail/actuator_control__type_support.c
[1.815s] -- Up-to-date: /home/kkkk/bxi_arm_v2/install/aero_hand_open_msgs/include/aero_hand_open_msgs/aero_hand_open_msgs/msg/detail/joint_control__rosidl_typesupport_introspection_c.h
[1.815s] -- Up-to-date: /home/kkkk/bxi_arm_v2/install/aero_hand_open_msgs/include/aero_hand_open_msgs/aero_hand_open_msgs/msg/detail/actuator_states__rosidl_typesupport_introspection_c.h
[1.815s] -- Up-to-date: /home/kkkk/bxi_arm_v2/install/aero_hand_open_msgs/lib/libaero_hand_open_msgs__rosidl_typesupport_introspection_c.so
[1.815s] -- Up-to-date: /home/kkkk/bxi_arm_v2/install/aero_hand_open_msgs/lib/libaero_hand_open_msgs__rosidl_typesupport_c.so
[1.815s] -- Up-to-date: /home/kkkk/bxi_arm_v2/install/aero_hand_open_msgs/include/aero_hand_open_msgs/aero_hand_open_msgs
[1.816s] -- Up-to-date: /home/kkkk/bxi_arm_v2/install/aero_hand_open_msgs/include/aero_hand_open_msgs/aero_hand_open_msgs/msg
[1.816s] -- Up-to-date: /home/kkkk/bxi_arm_v2/install/aero_hand_open_msgs/include/aero_hand_open_msgs/aero_hand_open_msgs/msg/detail
[1.816s] -- Up-to-date: /home/kkkk/bxi_arm_v2/install/aero_hand_open_msgs/include/aero_hand_open_msgs/aero_hand_open_msgs/msg/detail/actuator_control__rosidl_typesupport_introspection_cpp.hpp
[1.816s] -- Up-to-date: /home/kkkk/bxi_arm_v2/install/aero_hand_open_msgs/include/aero_hand_open_msgs/aero_hand_open_msgs/msg/detail/hand_mocap__rosidl_typesupport_introspection_cpp.hpp
[1.816s] -- Up-to-date: /home/kkkk/bxi_arm_v2/install/aero_hand_open_msgs/include/aero_hand_open_msgs/aero_hand_open_msgs/msg/detail/actuator_control__type_support.cpp
[1.816s] -- Up-to-date: /home/kkkk/bxi_arm_v2/install/aero_hand_open_msgs/include/aero_hand_open_msgs/aero_hand_open_msgs/msg/detail/hand_mocap__type_support.cpp
[1.816s] -- Up-to-date: /home/kkkk/bxi_arm_v2/install/aero_hand_open_msgs/include/aero_hand_open_msgs/aero_hand_open_msgs/msg/detail/actuator_states__type_support.cpp
[1.816s] -- Up-to-date: /home/kkkk/bxi_arm_v2/install/aero_hand_open_msgs/include/aero_hand_open_msgs/aero_hand_open_msgs/msg/detail/joint_control__rosidl_typesupport_introspection_cpp.hpp
[1.816s] -- Up-to-date: /home/kkkk/bxi_arm_v2/install/aero_hand_open_msgs/include/aero_hand_open_msgs/aero_hand_open_msgs/msg/detail/actuator_states__rosidl_typesupport_introspection_cpp.hpp
[1.816s] -- Up-to-date: /home/kkkk/bxi_arm_v2/install/aero_hand_open_msgs/include/aero_hand_open_msgs/aero_hand_open_msgs/msg/detail/joint_control__type_support.cpp
[1.816s] -- Up-to-date: /home/kkkk/bxi_arm_v2/install/aero_hand_open_msgs/lib/libaero_hand_open_msgs__rosidl_typesupport_introspection_cpp.so
[1.816s] -- Up-to-date: /home/kkkk/bxi_arm_v2/install/aero_hand_open_msgs/lib/libaero_hand_open_msgs__rosidl_typesupport_cpp.so
[1.816s] -- Up-to-date: /home/kkkk/bxi_arm_v2/install/aero_hand_open_msgs/share/aero_hand_open_msgs/environment/pythonpath.sh
[1.816s] -- Up-to-date: /home/kkkk/bxi_arm_v2/install/aero_hand_open_msgs/share/aero_hand_open_msgs/environment/pythonpath.dsv
[1.816s] -- Up-to-date: /home/kkkk/bxi_arm_v2/install/aero_hand_open_msgs/lib/python3.10/site-packages/aero_hand_open_msgs-0.0.0-py3.10.egg-info
[1.816s] -- Installing: /home/kkkk/bxi_arm_v2/install/aero_hand_open_msgs/lib/python3.10/site-packages/aero_hand_open_msgs-0.0.0-py3.10.egg-info/PKG-INFO
[1.816s] -- Installing: /home/kkkk/bxi_arm_v2/install/aero_hand_open_msgs/lib/python3.10/site-packages/aero_hand_open_msgs-0.0.0-py3.10.egg-info/SOURCES.txt
[1.816s] -- Installing: /home/kkkk/bxi_arm_v2/install/aero_hand_open_msgs/lib/python3.10/site-packages/aero_hand_open_msgs-0.0.0-py3.10.egg-info/top_level.txt
[1.816s] -- Installing: /home/kkkk/bxi_arm_v2/install/aero_hand_open_msgs/lib/python3.10/site-packages/aero_hand_open_msgs-0.0.0-py3.10.egg-info/dependency_links.txt
[1.816s] -- Up-to-date: /home/kkkk/bxi_arm_v2/install/aero_hand_open_msgs/lib/python3.10/site-packages/aero_hand_open_msgs
[1.816s] -- Up-to-date: /home/kkkk/bxi_arm_v2/install/aero_hand_open_msgs/lib/python3.10/site-packages/aero_hand_open_msgs/aero_hand_open_msgs_s__rosidl_typesupport_fastrtps_c.cpython-310-x86_64-linux-gnu.so
[1.816s] -- Up-to-date: /home/kkkk/bxi_arm_v2/install/aero_hand_open_msgs/lib/python3.10/site-packages/aero_hand_open_msgs/aero_hand_open_msgs_s__rosidl_typesupport_c.cpython-310-x86_64-linux-gnu.so
[1.816s] -- Up-to-date: /home/kkkk/bxi_arm_v2/install/aero_hand_open_msgs/lib/python3.10/site-packages/aero_hand_open_msgs/_aero_hand_open_msgs_s.ep.rosidl_typesupport_fastrtps_c.c
[1.816s] -- Up-to-date: /home/kkkk/bxi_arm_v2/install/aero_hand_open_msgs/lib/python3.10/site-packages/aero_hand_open_msgs/_aero_hand_open_msgs_s.ep.rosidl_typesupport_c.c
[1.816s] -- Up-to-date: /home/kkkk/bxi_arm_v2/install/aero_hand_open_msgs/lib/python3.10/site-packages/aero_hand_open_msgs/msg
[1.816s] -- Up-to-date: /home/kkkk/bxi_arm_v2/install/aero_hand_open_msgs/lib/python3.10/site-packages/aero_hand_open_msgs/msg/_joint_control_s.c
[1.816s] -- Up-to-date: /home/kkkk/bxi_arm_v2/install/aero_hand_open_msgs/lib/python3.10/site-packages/aero_hand_open_msgs/msg/_actuator_states_s.c
[1.816s] -- Up-to-date: /home/kkkk/bxi_arm_v2/install/aero_hand_open_msgs/lib/python3.10/site-packages/aero_hand_open_msgs/msg/_joint_control.py
[1.816s] -- Up-to-date: /home/kkkk/bxi_arm_v2/install/aero_hand_open_msgs/lib/python3.10/site-packages/aero_hand_open_msgs/msg/_actuator_control_s.c
[1.816s] -- Up-to-date: /home/kkkk/bxi_arm_v2/install/aero_hand_open_msgs/lib/python3.10/site-packages/aero_hand_open_msgs/msg/_hand_mocap_s.c
[1.816s] -- Up-to-date: /home/kkkk/bxi_arm_v2/install/aero_hand_open_msgs/lib/python3.10/site-packages/aero_hand_open_msgs/msg/_hand_mocap.py
[1.816s] -- Up-to-date: /home/kkkk/bxi_arm_v2/install/aero_hand_open_msgs/lib/python3.10/site-packages/aero_hand_open_msgs/msg/__init__.py
[1.816s] -- Up-to-date: /home/kkkk/bxi_arm_v2/install/aero_hand_open_msgs/lib/python3.10/site-packages/aero_hand_open_msgs/msg/_actuator_control.py
[1.816s] -- Up-to-date: /home/kkkk/bxi_arm_v2/install/aero_hand_open_msgs/lib/python3.10/site-packages/aero_hand_open_msgs/msg/_actuator_states.py
[1.816s] -- Up-to-date: /home/kkkk/bxi_arm_v2/install/aero_hand_open_msgs/lib/python3.10/site-packages/aero_hand_open_msgs/libaero_hand_open_msgs__rosidl_generator_py.so
[1.816s] -- Up-to-date: /home/kkkk/bxi_arm_v2/install/aero_hand_open_msgs/lib/python3.10/site-packages/aero_hand_open_msgs/__init__.py
[1.816s] -- Up-to-date: /home/kkkk/bxi_arm_v2/install/aero_hand_open_msgs/lib/python3.10/site-packages/aero_hand_open_msgs/_aero_hand_open_msgs_s.ep.rosidl_typesupport_introspection_c.c
[1.816s] -- Up-to-date: /home/kkkk/bxi_arm_v2/install/aero_hand_open_msgs/lib/python3.10/site-packages/aero_hand_open_msgs/aero_hand_open_msgs_s__rosidl_typesupport_introspection_c.cpython-310-x86_64-linux-gnu.so
[1.848s] Listing '/home/kkkk/bxi_arm_v2/install/aero_hand_open_msgs/lib/python3.10/site-packages/aero_hand_open_msgs'...
[1.849s] Listing '/home/kkkk/bxi_arm_v2/install/aero_hand_open_msgs/lib/python3.10/site-packages/aero_hand_open_msgs/msg'...
[1.854s] -- Up-to-date: /home/kkkk/bxi_arm_v2/install/aero_hand_open_msgs/lib/python3.10/site-packages/aero_hand_open_msgs/aero_hand_open_msgs_s__rosidl_typesupport_fastrtps_c.cpython-310-x86_64-linux-gnu.so
[1.855s] -- Up-to-date: /home/kkkk/bxi_arm_v2/install/aero_hand_open_msgs/lib/python3.10/site-packages/aero_hand_open_msgs/aero_hand_open_msgs_s__rosidl_typesupport_introspection_c.cpython-310-x86_64-linux-gnu.so
[1.856s] -- Up-to-date: /home/kkkk/bxi_arm_v2/install/aero_hand_open_msgs/lib/python3.10/site-packages/aero_hand_open_msgs/aero_hand_open_msgs_s__rosidl_typesupport_c.cpython-310-x86_64-linux-gnu.so
[1.856s] -- Up-to-date: /home/kkkk/bxi_arm_v2/install/aero_hand_open_msgs/lib/libaero_hand_open_msgs__rosidl_generator_py.so
[1.856s] -- Up-to-date: /home/kkkk/bxi_arm_v2/install/aero_hand_open_msgs/share/aero_hand_open_msgs/msg/JointControl.idl
[1.856s] -- Up-to-date: /home/kkkk/bxi_arm_v2/install/aero_hand_open_msgs/share/aero_hand_open_msgs/msg/ActuatorControl.idl
[1.856s] -- Up-to-date: /home/kkkk/bxi_arm_v2/install/aero_hand_open_msgs/share/aero_hand_open_msgs/msg/ActuatorStates.idl
[1.856s] -- Up-to-date: /home/kkkk/bxi_arm_v2/install/aero_hand_open_msgs/share/aero_hand_open_msgs/msg/HandMocap.idl
[1.856s] -- Up-to-date: /home/kkkk/bxi_arm_v2/install/aero_hand_open_msgs/share/aero_hand_open_msgs/msg/JointControl.msg
[1.856s] -- Up-to-date: /home/kkkk/bxi_arm_v2/install/aero_hand_open_msgs/share/aero_hand_open_msgs/msg/ActuatorControl.msg
[1.856s] -- Up-to-date: /home/kkkk/bxi_arm_v2/install/aero_hand_open_msgs/share/aero_hand_open_msgs/msg/ActuatorStates.msg
[1.856s] -- Up-to-date: /home/kkkk/bxi_arm_v2/install/aero_hand_open_msgs/share/aero_hand_open_msgs/msg/HandMocap.msg
[1.856s] -- Up-to-date: /home/kkkk/bxi_arm_v2/install/aero_hand_open_msgs/share/ament_index/resource_index/package_run_dependencies/aero_hand_open_msgs
[1.856s] -- Up-to-date: /home/kkkk/bxi_arm_v2/install/aero_hand_open_msgs/share/ament_index/resource_index/parent_prefix_path/aero_hand_open_msgs
[1.856s] -- Up-to-date: /home/kkkk/bxi_arm_v2/install/aero_hand_open_msgs/share/aero_hand_open_msgs/environment/ament_prefix_path.sh
[1.856s] -- Up-to-date: /home/kkkk/bxi_arm_v2/install/aero_hand_open_msgs/share/aero_hand_open_msgs/environment/ament_prefix_path.dsv
[1.856s] -- Up-to-date: /home/kkkk/bxi_arm_v2/install/aero_hand_open_msgs/share/aero_hand_open_msgs/environment/path.sh
[1.856s] -- Up-to-date: /home/kkkk/bxi_arm_v2/install/aero_hand_open_msgs/share/aero_hand_open_msgs/environment/path.dsv
[1.856s] -- Up-to-date: /home/kkkk/bxi_arm_v2/install/aero_hand_open_msgs/share/aero_hand_open_msgs/local_setup.bash
[1.856s] -- Up-to-date: /home/kkkk/bxi_arm_v2/install/aero_hand_open_msgs/share/aero_hand_open_msgs/local_setup.sh
[1.857s] -- Up-to-date: /home/kkkk/bxi_arm_v2/install/aero_hand_open_msgs/share/aero_hand_open_msgs/local_setup.zsh
[1.857s] -- Up-to-date: /home/kkkk/bxi_arm_v2/install/aero_hand_open_msgs/share/aero_hand_open_msgs/local_setup.dsv
[1.857s] -- Installing: /home/kkkk/bxi_arm_v2/install/aero_hand_open_msgs/share/aero_hand_open_msgs/package.dsv
[1.857s] -- Up-to-date: /home/kkkk/bxi_arm_v2/install/aero_hand_open_msgs/share/ament_index/resource_index/packages/aero_hand_open_msgs
[1.857s] -- Up-to-date: /home/kkkk/bxi_arm_v2/install/aero_hand_open_msgs/share/aero_hand_open_msgs/cmake/export_aero_hand_open_msgs__rosidl_generator_cExport.cmake
[1.857s] -- Up-to-date: /home/kkkk/bxi_arm_v2/install/aero_hand_open_msgs/share/aero_hand_open_msgs/cmake/export_aero_hand_open_msgs__rosidl_generator_cExport-release.cmake
[1.857s] -- Up-to-date: /home/kkkk/bxi_arm_v2/install/aero_hand_open_msgs/share/aero_hand_open_msgs/cmake/export_aero_hand_open_msgs__rosidl_typesupport_fastrtps_cExport.cmake
[1.857s] -- Up-to-date: /home/kkkk/bxi_arm_v2/install/aero_hand_open_msgs/share/aero_hand_open_msgs/cmake/export_aero_hand_open_msgs__rosidl_typesupport_fastrtps_cExport-release.cmake
[1.858s] -- Up-to-date: /home/kkkk/bxi_arm_v2/install/aero_hand_open_msgs/share/aero_hand_open_msgs/cmake/export_aero_hand_open_msgs__rosidl_generator_cppExport.cmake
[1.858s] -- Up-to-date: /home/kkkk/bxi_arm_v2/install/aero_hand_open_msgs/share/aero_hand_open_msgs/cmake/export_aero_hand_open_msgs__rosidl_typesupport_fastrtps_cppExport.cmake
[1.858s] -- Up-to-date: /home/kkkk/bxi_arm_v2/install/aero_hand_open_msgs/share/aero_hand_open_msgs/cmake/export_aero_hand_open_msgs__rosidl_typesupport_fastrtps_cppExport-release.cmake
[1.858s] -- Up-to-date: /home/kkkk/bxi_arm_v2/install/aero_hand_open_msgs/share/aero_hand_open_msgs/cmake/aero_hand_open_msgs__rosidl_typesupport_introspection_cExport.cmake
[1.858s] -- Up-to-date: /home/kkkk/bxi_arm_v2/install/aero_hand_open_msgs/share/aero_hand_open_msgs/cmake/aero_hand_open_msgs__rosidl_typesupport_introspection_cExport-release.cmake
[1.858s] -- Up-to-date: /home/kkkk/bxi_arm_v2/install/aero_hand_open_msgs/share/aero_hand_open_msgs/cmake/aero_hand_open_msgs__rosidl_typesupport_cExport.cmake
[1.858s] -- Up-to-date: /home/kkkk/bxi_arm_v2/install/aero_hand_open_msgs/share/aero_hand_open_msgs/cmake/aero_hand_open_msgs__rosidl_typesupport_cExport-release.cmake
[1.858s] -- Up-to-date: /home/kkkk/bxi_arm_v2/install/aero_hand_open_msgs/share/aero_hand_open_msgs/cmake/aero_hand_open_msgs__rosidl_typesupport_introspection_cppExport.cmake
[1.858s] -- Up-to-date: /home/kkkk/bxi_arm_v2/install/aero_hand_open_msgs/share/aero_hand_open_msgs/cmake/aero_hand_open_msgs__rosidl_typesupport_introspection_cppExport-release.cmake
[1.858s] -- Up-to-date: /home/kkkk/bxi_arm_v2/install/aero_hand_open_msgs/share/aero_hand_open_msgs/cmake/aero_hand_open_msgs__rosidl_typesupport_cppExport.cmake
[1.858s] -- Up-to-date: /home/kkkk/bxi_arm_v2/install/aero_hand_open_msgs/share/aero_hand_open_msgs/cmake/aero_hand_open_msgs__rosidl_typesupport_cppExport-release.cmake
[1.858s] -- Up-to-date: /home/kkkk/bxi_arm_v2/install/aero_hand_open_msgs/share/aero_hand_open_msgs/cmake/export_aero_hand_open_msgs__rosidl_generator_pyExport.cmake
[1.858s] -- Up-to-date: /home/kkkk/bxi_arm_v2/install/aero_hand_open_msgs/share/aero_hand_open_msgs/cmake/export_aero_hand_open_msgs__rosidl_generator_pyExport-release.cmake
[1.858s] -- Up-to-date: /home/kkkk/bxi_arm_v2/install/aero_hand_open_msgs/share/aero_hand_open_msgs/cmake/rosidl_cmake-extras.cmake
[1.858s] -- Up-to-date: /home/kkkk/bxi_arm_v2/install/aero_hand_open_msgs/share/aero_hand_open_msgs/cmake/ament_cmake_export_dependencies-extras.cmake
[1.859s] -- Up-to-date: /home/kkkk/bxi_arm_v2/install/aero_hand_open_msgs/share/aero_hand_open_msgs/cmake/ament_cmake_export_include_directories-extras.cmake
[1.859s] -- Up-to-date: /home/kkkk/bxi_arm_v2/install/aero_hand_open_msgs/share/aero_hand_open_msgs/cmake/ament_cmake_export_libraries-extras.cmake
[1.859s] -- Up-to-date: /home/kkkk/bxi_arm_v2/install/aero_hand_open_msgs/share/aero_hand_open_msgs/cmake/ament_cmake_export_targets-extras.cmake
[1.859s] -- Up-to-date: /home/kkkk/bxi_arm_v2/install/aero_hand_open_msgs/share/aero_hand_open_msgs/cmake/rosidl_cmake_export_typesupport_targets-extras.cmake
[1.859s] -- Up-to-date: /home/kkkk/bxi_arm_v2/install/aero_hand_open_msgs/share/aero_hand_open_msgs/cmake/rosidl_cmake_export_typesupport_libraries-extras.cmake
[1.859s] -- Up-to-date: /home/kkkk/bxi_arm_v2/install/aero_hand_open_msgs/share/aero_hand_open_msgs/cmake/aero_hand_open_msgsConfig.cmake
[1.859s] -- Up-to-date: /home/kkkk/bxi_arm_v2/install/aero_hand_open_msgs/share/aero_hand_open_msgs/cmake/aero_hand_open_msgsConfig-version.cmake
[1.859s] -- Up-to-date: /home/kkkk/bxi_arm_v2/install/aero_hand_open_msgs/share/aero_hand_open_msgs/package.xml
[1.922s] Invoked command in '/home/kkkk/bxi_arm_v2/build/aero_hand_open_msgs' returned '0': CMAKE_PREFIX_PATH=${CMAKE_PREFIX_PATH}:/home/kkkk/bxi_arm_v2/install/hand_control:/home/kkkk/bxi_arm_v2/install/fake_trigger:/home/kkkk/bxi_arm_v2/install/elf3_arm_ikpy_control_pico:/home/kkkk/bxi_arm_v2/install/elf3_arm_bringup:/home/kkkk/bxi_arm_v2/install/bxi_example_py_trunk_neck:/home/kkkk/bxi_arm_v2/install/bxi_example_py_trunk:/home/kkkk/bxi_arm_v2/install/bxi_example_py_foot:/home/kkkk/bxi_arm_v2/install/bxi_example_py_elf3:/home/kkkk/bxi_arm_v2/install/bxi_example_py_armrc:/home/kkkk/bxi_arm_v2/install/bxi_example_py_arm:/home/kkkk/bxi_arm_v2/install/bxi_example_py_ankle:/home/kkkk/bxi_arm_v2/install/bxi_example_py:/home/kkkk/bxi_arm_v2/install/aero_hand_open_teleop:/home/kkkk/bxi_arm_v2/install/aero_hand_open_rl:/home/kkkk/bxi_arm_v2/install/aero_hand_open:/home/kkkk/bxi_arm_v2/install/aero_hand_open_description:/home/kkkk/moveit2/install/moveit_configs_utils:/home/kkkk/moveit2/install/launch_param_builder:/opt/ros/humble CONDA_PROMPT_MODIFIER=(ikpy) /usr/bin/cmake --install /home/kkkk/bxi_arm_v2/build/aero_hand_open_msgs
